<?xml version="1.0"?>
<link_info>
   <banner>TI ARM Linker PC v16.9.9.LTS</banner>
   <copyright>Copyright (c) 1996-2017 Texas Instruments Incorporated</copyright>
   <link_time>0x5cca62d4</link_time>
   <link_errors>0x0</link_errors>
   <output_file>Milestone1b.out</output_file>
   <entry_point>
      <name>_c_int00</name>
      <address>0x3ae5</address>
   </entry_point>
   <input_file_list>
      <input_file id="fl-2">
         <path>.\</path>
         <kind>object</kind>
         <file>buttons4.obj</file>
         <name>buttons4.obj</name>
      </input_file>
      <input_file id="fl-3">
         <path>.\</path>
         <kind>object</kind>
         <file>circBufT.obj</file>
         <name>circBufT.obj</name>
      </input_file>
      <input_file id="fl-4">
         <path>.\</path>
         <kind>object</kind>
         <file>main.obj</file>
         <name>main.obj</name>
      </input_file>
      <input_file id="fl-5">
         <path>.\</path>
         <kind>object</kind>
         <file>tm4c123gh6pm_startup_ccs.obj</file>
         <name>tm4c123gh6pm_startup_ccs.obj</name>
      </input_file>
      <input_file id="fl-6">
         <path>.\</path>
         <kind>object</kind>
         <file>uart.obj</file>
         <name>uart.obj</name>
      </input_file>
      <input_file id="fl-7">
         <path>.\</path>
         <kind>object</kind>
         <file>ustdlib.obj</file>
         <name>ustdlib.obj</name>
      </input_file>
      <input_file id="fl-8">
         <path>.\OrbitOLED\</path>
         <kind>object</kind>
         <file>OrbitOLEDInterface.obj</file>
         <name>OrbitOLEDInterface.obj</name>
      </input_file>
      <input_file id="fl-9">
         <path>.\OrbitOLED\lib_OrbitOled\</path>
         <kind>object</kind>
         <file>ChrFont0.obj</file>
         <name>ChrFont0.obj</name>
      </input_file>
      <input_file id="fl-a">
         <path>.\OrbitOLED\lib_OrbitOled\</path>
         <kind>object</kind>
         <file>FillPat.obj</file>
         <name>FillPat.obj</name>
      </input_file>
      <input_file id="fl-b">
         <path>.\OrbitOLED\lib_OrbitOled\</path>
         <kind>object</kind>
         <file>OrbitOled.obj</file>
         <name>OrbitOled.obj</name>
      </input_file>
      <input_file id="fl-c">
         <path>.\OrbitOLED\lib_OrbitOled\</path>
         <kind>object</kind>
         <file>OrbitOledChar.obj</file>
         <name>OrbitOledChar.obj</name>
      </input_file>
      <input_file id="fl-d">
         <path>.\OrbitOLED\lib_OrbitOled\</path>
         <kind>object</kind>
         <file>OrbitOledGrph.obj</file>
         <name>OrbitOledGrph.obj</name>
      </input_file>
      <input_file id="fl-e">
         <path>.\OrbitOLED\lib_OrbitOled\</path>
         <kind>object</kind>
         <file>delay.obj</file>
         <name>delay.obj</name>
      </input_file>
      <input_file id="fl-13">
         <kind>object</kind>
         <file>&lt;internal&gt;</file>
         <name>&lt;internal&gt;</name>
      </input_file>
      <input_file id="fl-c9">
         <path>C:\ti\ccsv7\tools\compiler\ti-cgt-arm_16.9.9.LTS\lib\</path>
         <kind>archive</kind>
         <file>rtsv7M4_T_le_v4SPD16_eabi.lib</file>
         <name>boot.obj</name>
      </input_file>
      <input_file id="fl-ca">
         <path>C:\ti\ccsv7\tools\compiler\ti-cgt-arm_16.9.9.LTS\lib\</path>
         <kind>archive</kind>
         <file>rtsv7M4_T_le_v4SPD16_eabi.lib</file>
         <name>copy_decompress_lzss.obj</name>
      </input_file>
      <input_file id="fl-cb">
         <path>C:\ti\ccsv7\tools\compiler\ti-cgt-arm_16.9.9.LTS\lib\</path>
         <kind>archive</kind>
         <file>rtsv7M4_T_le_v4SPD16_eabi.lib</file>
         <name>copy_decompress_none.obj</name>
      </input_file>
      <input_file id="fl-cc">
         <path>C:\ti\ccsv7\tools\compiler\ti-cgt-arm_16.9.9.LTS\lib\</path>
         <kind>archive</kind>
         <file>rtsv7M4_T_le_v4SPD16_eabi.lib</file>
         <name>copy_zero_init.obj</name>
      </input_file>
      <input_file id="fl-cd">
         <path>C:\ti\ccsv7\tools\compiler\ti-cgt-arm_16.9.9.LTS\lib\</path>
         <kind>archive</kind>
         <file>rtsv7M4_T_le_v4SPD16_eabi.lib</file>
         <name>exit.obj</name>
      </input_file>
      <input_file id="fl-ce">
         <path>C:\ti\ccsv7\tools\compiler\ti-cgt-arm_16.9.9.LTS\lib\</path>
         <kind>archive</kind>
         <file>rtsv7M4_T_le_v4SPD16_eabi.lib</file>
         <name>fd_add_t2.obj</name>
      </input_file>
      <input_file id="fl-cf">
         <path>C:\ti\ccsv7\tools\compiler\ti-cgt-arm_16.9.9.LTS\lib\</path>
         <kind>archive</kind>
         <file>rtsv7M4_T_le_v4SPD16_eabi.lib</file>
         <name>fd_tos_t2.obj</name>
      </input_file>
      <input_file id="fl-d0">
         <path>C:\ti\ccsv7\tools\compiler\ti-cgt-arm_16.9.9.LTS\lib\</path>
         <kind>archive</kind>
         <file>rtsv7M4_T_le_v4SPD16_eabi.lib</file>
         <name>fs_tod_t2.obj</name>
      </input_file>
      <input_file id="fl-d1">
         <path>C:\ti\ccsv7\tools\compiler\ti-cgt-arm_16.9.9.LTS\lib\</path>
         <kind>archive</kind>
         <file>rtsv7M4_T_le_v4SPD16_eabi.lib</file>
         <name>memcpy_t2.obj</name>
      </input_file>
      <input_file id="fl-d2">
         <path>C:\ti\ccsv7\tools\compiler\ti-cgt-arm_16.9.9.LTS\lib\</path>
         <kind>archive</kind>
         <file>rtsv7M4_T_le_v4SPD16_eabi.lib</file>
         <name>memory.obj</name>
      </input_file>
      <input_file id="fl-d3">
         <path>C:\ti\ccsv7\tools\compiler\ti-cgt-arm_16.9.9.LTS\lib\</path>
         <kind>archive</kind>
         <file>rtsv7M4_T_le_v4SPD16_eabi.lib</file>
         <name>memset_t2.obj</name>
      </input_file>
      <input_file id="fl-d4">
         <path>C:\ti\ccsv7\tools\compiler\ti-cgt-arm_16.9.9.LTS\lib\</path>
         <kind>archive</kind>
         <file>rtsv7M4_T_le_v4SPD16_eabi.lib</file>
         <name>mpu_init.obj</name>
      </input_file>
      <input_file id="fl-d5">
         <path>C:\ti\ccsv7\tools\compiler\ti-cgt-arm_16.9.9.LTS\lib\</path>
         <kind>archive</kind>
         <file>rtsv7M4_T_le_v4SPD16_eabi.lib</file>
         <name>pre_init.obj</name>
      </input_file>
      <input_file id="fl-d6">
         <path>C:\ti\ccsv7\tools\compiler\ti-cgt-arm_16.9.9.LTS\lib\</path>
         <kind>archive</kind>
         <file>rtsv7M4_T_le_v4SPD16_eabi.lib</file>
         <name>stkdepth_vars.obj</name>
      </input_file>
      <input_file id="fl-d7">
         <path>C:\ti\ccsv7\tools\compiler\ti-cgt-arm_16.9.9.LTS\lib\</path>
         <kind>archive</kind>
         <file>rtsv7M4_T_le_v4SPD16_eabi.lib</file>
         <name>u_divt2.obj</name>
      </input_file>
      <input_file id="fl-d8">
         <path>C:\ti\ccsv7\tools\compiler\ti-cgt-arm_16.9.9.LTS\lib\</path>
         <kind>archive</kind>
         <file>rtsv7M4_T_le_v4SPD16_eabi.lib</file>
         <name>_lock.obj</name>
      </input_file>
      <input_file id="fl-d9">
         <path>C:\ti\ccsv7\tools\compiler\ti-cgt-arm_16.9.9.LTS\lib\</path>
         <kind>archive</kind>
         <file>rtsv7M4_T_le_v4SPD16_eabi.lib</file>
         <name>args_main.obj</name>
      </input_file>
      <input_file id="fl-da">
         <path>C:\ti\ccsv7\tools\compiler\ti-cgt-arm_16.9.9.LTS\lib\</path>
         <kind>archive</kind>
         <file>rtsv7M4_T_le_v4SPD16_eabi.lib</file>
         <name>autoinit.obj</name>
      </input_file>
      <input_file id="fl-db">
         <path>C:\ti\ccsv7\tools\compiler\ti-cgt-arm_16.9.9.LTS\lib\</path>
         <kind>archive</kind>
         <file>rtsv7M4_T_le_v4SPD16_eabi.lib</file>
         <name>cpy_tbl.obj</name>
      </input_file>
      <input_file id="fl-dc">
         <path>C:\ti\ccsv7\tools\compiler\ti-cgt-arm_16.9.9.LTS\lib\</path>
         <kind>archive</kind>
         <file>rtsv7M4_T_le_v4SPD16_eabi.lib</file>
         <name>i_div0.obj</name>
      </input_file>
      <input_file id="fl-dd">
         <path>C:\ti\ccsv7\tools\compiler\ti-cgt-arm_16.9.9.LTS\lib\</path>
         <kind>archive</kind>
         <file>rtsv7M4_T_le_v4SPD16_eabi.lib</file>
         <name>startup.obj</name>
      </input_file>
      <input_file id="fl-de">
         <path>C:\ti\TivaWare_C_Series-2.1.4.178\driverlib\ccs\Debug\</path>
         <kind>archive</kind>
         <file>driverlib.lib</file>
         <name>adc.obj</name>
      </input_file>
      <input_file id="fl-df">
         <path>C:\ti\TivaWare_C_Series-2.1.4.178\driverlib\ccs\Debug\</path>
         <kind>archive</kind>
         <file>driverlib.lib</file>
         <name>gpio.obj</name>
      </input_file>
      <input_file id="fl-e0">
         <path>C:\ti\TivaWare_C_Series-2.1.4.178\driverlib\ccs\Debug\</path>
         <kind>archive</kind>
         <file>driverlib.lib</file>
         <name>interrupt.obj</name>
      </input_file>
      <input_file id="fl-e1">
         <path>C:\ti\TivaWare_C_Series-2.1.4.178\driverlib\ccs\Debug\</path>
         <kind>archive</kind>
         <file>driverlib.lib</file>
         <name>pwm.obj</name>
      </input_file>
      <input_file id="fl-e2">
         <path>C:\ti\TivaWare_C_Series-2.1.4.178\driverlib\ccs\Debug\</path>
         <kind>archive</kind>
         <file>driverlib.lib</file>
         <name>ssi.obj</name>
      </input_file>
      <input_file id="fl-e3">
         <path>C:\ti\TivaWare_C_Series-2.1.4.178\driverlib\ccs\Debug\</path>
         <kind>archive</kind>
         <file>driverlib.lib</file>
         <name>sysctl.obj</name>
      </input_file>
      <input_file id="fl-e4">
         <path>C:\ti\TivaWare_C_Series-2.1.4.178\driverlib\ccs\Debug\</path>
         <kind>archive</kind>
         <file>driverlib.lib</file>
         <name>systick.obj</name>
      </input_file>
      <input_file id="fl-e5">
         <path>C:\ti\TivaWare_C_Series-2.1.4.178\driverlib\ccs\Debug\</path>
         <kind>archive</kind>
         <file>driverlib.lib</file>
         <name>timer.obj</name>
      </input_file>
      <input_file id="fl-e6">
         <path>C:\ti\TivaWare_C_Series-2.1.4.178\driverlib\ccs\Debug\</path>
         <kind>archive</kind>
         <file>driverlib.lib</file>
         <name>uart.obj</name>
      </input_file>
      <input_file id="fl-e7">
         <path>C:\ti\TivaWare_C_Series-2.1.4.178\driverlib\ccs\Debug\</path>
         <kind>archive</kind>
         <file>driverlib.lib</file>
         <name>cpu.obj</name>
      </input_file>
   </input_file_list>
   <object_component_list>
      <object_component id="oc-f">
         <name>.intvecs</name>
         <load_address>0x0</load_address>
         <run_address>0x0</run_address>
         <size>0x26c</size>
         <input_file_ref idref="fl-5"/>
      </object_component>
      <object_component id="oc-ae">
         <name>.text</name>
         <load_address>0x26c</load_address>
         <run_address>0x26c</run_address>
         <size>0xcc8</size>
         <input_file_ref idref="fl-4"/>
      </object_component>
      <object_component id="oc-197">
         <name>.text</name>
         <load_address>0xf34</load_address>
         <run_address>0xf34</run_address>
         <size>0xc84</size>
         <input_file_ref idref="fl-7"/>
      </object_component>
      <object_component id="oc-2e1">
         <name>.text</name>
         <load_address>0x1bb8</load_address>
         <run_address>0x1bb8</run_address>
         <size>0x950</size>
         <input_file_ref idref="fl-d"/>
      </object_component>
      <object_component id="oc-1fc">
         <name>.text</name>
         <load_address>0x2508</load_address>
         <run_address>0x2508</run_address>
         <size>0x3d0</size>
         <input_file_ref idref="fl-d2"/>
      </object_component>
      <object_component id="oc-23e">
         <name>.text</name>
         <load_address>0x28d8</load_address>
         <run_address>0x28d8</run_address>
         <size>0x37c</size>
         <input_file_ref idref="fl-b"/>
      </object_component>
      <object_component id="oc-1c7">
         <name>.text</name>
         <load_address>0x2c54</load_address>
         <run_address>0x2c54</run_address>
         <size>0x220</size>
         <input_file_ref idref="fl-2"/>
      </object_component>
      <object_component id="oc-238">
         <name>.text</name>
         <load_address>0x2e74</load_address>
         <run_address>0x2e74</run_address>
         <size>0x204</size>
         <input_file_ref idref="fl-c"/>
      </object_component>
      <object_component id="oc-1b7">
         <name>.text</name>
         <load_address>0x3078</load_address>
         <run_address>0x3078</run_address>
         <size>0x1b6</size>
         <input_file_ref idref="fl-ce"/>
      </object_component>
      <object_component id="oc-21b">
         <name>.text:GPIOPadConfigSet</name>
         <load_address>0x322e</load_address>
         <run_address>0x322e</run_address>
         <size>0x132</size>
         <input_file_ref idref="fl-df"/>
      </object_component>
      <object_component id="oc-107">
         <name>.text:SysCtlClockGet</name>
         <load_address>0x3360</load_address>
         <run_address>0x3360</run_address>
         <size>0x110</size>
         <input_file_ref idref="fl-e3"/>
      </object_component>
      <object_component id="oc-101">
         <name>.text:SysCtlClockSet</name>
         <load_address>0x3470</load_address>
         <run_address>0x3470</run_address>
         <size>0xf4</size>
         <input_file_ref idref="fl-e3"/>
      </object_component>
      <object_component id="oc-f5">
         <name>.text</name>
         <load_address>0x3564</load_address>
         <run_address>0x3564</run_address>
         <size>0xb8</size>
         <input_file_ref idref="fl-3"/>
      </object_component>
      <object_component id="oc-42">
         <name>.text</name>
         <load_address>0x361c</load_address>
         <run_address>0x361c</run_address>
         <size>0x9c</size>
         <input_file_ref idref="fl-d1"/>
      </object_component>
      <object_component id="oc-155">
         <name>.text:ADCSequenceStepConfigure</name>
         <load_address>0x36b8</load_address>
         <run_address>0x36b8</run_address>
         <size>0x7a</size>
         <input_file_ref idref="fl-de"/>
      </object_component>
      <object_component id="oc-4e">
         <name>.text</name>
         <load_address>0x3732</load_address>
         <run_address>0x3732</run_address>
         <size>0x7a</size>
         <input_file_ref idref="fl-d3"/>
      </object_component>
      <object_component id="oc-1a6">
         <name>.text</name>
         <load_address>0x37ac</load_address>
         <run_address>0x37ac</run_address>
         <size>0x74</size>
         <input_file_ref idref="fl-6"/>
      </object_component>
      <object_component id="oc-66">
         <name>.text</name>
         <load_address>0x3820</load_address>
         <run_address>0x3820</run_address>
         <size>0x70</size>
         <input_file_ref idref="fl-da"/>
      </object_component>
      <object_component id="oc-1bc">
         <name>.text</name>
         <load_address>0x3890</load_address>
         <run_address>0x3890</run_address>
         <size>0x6e</size>
         <input_file_ref idref="fl-cf"/>
      </object_component>
      <object_component id="oc-346">
         <name>.text</name>
         <load_address>0x38fe</load_address>
         <run_address>0x38fe</run_address>
         <size>0x2</size>
         <input_file_ref idref="fl-dc"/>
      </object_component>
      <object_component id="oc-230">
         <name>.text:IntEnable</name>
         <load_address>0x3900</load_address>
         <run_address>0x3900</run_address>
         <size>0x68</size>
         <input_file_ref idref="fl-e0"/>
      </object_component>
      <object_component id="oc-12">
         <name>.text:decompress:lzss</name>
         <load_address>0x3968</load_address>
         <run_address>0x3968</run_address>
         <size>0x68</size>
         <input_file_ref idref="fl-ca"/>
      </object_component>
      <object_component id="oc-385">
         <name>.text:TimerConfigure</name>
         <load_address>0x39d0</load_address>
         <run_address>0x39d0</run_address>
         <size>0x60</size>
         <input_file_ref idref="fl-e5"/>
      </object_component>
      <object_component id="oc-2f6">
         <name>.text</name>
         <load_address>0x3a30</load_address>
         <run_address>0x3a30</run_address>
         <size>0x5c</size>
         <input_file_ref idref="fl-e"/>
      </object_component>
      <object_component id="oc-18b">
         <name>.text:GPIOIntTypeSet</name>
         <load_address>0x3a8c</load_address>
         <run_address>0x3a8c</run_address>
         <size>0x58</size>
         <input_file_ref idref="fl-df"/>
      </object_component>
      <object_component id="oc-24">
         <name>.text</name>
         <load_address>0x3ae4</load_address>
         <run_address>0x3ae4</run_address>
         <size>0x54</size>
         <input_file_ref idref="fl-c9"/>
      </object_component>
      <object_component id="oc-72">
         <name>.text</name>
         <load_address>0x3b38</load_address>
         <run_address>0x3b38</run_address>
         <size>0x54</size>
         <input_file_ref idref="fl-cd"/>
      </object_component>
      <object_component id="oc-14f">
         <name>.text:ADCSequenceConfigure</name>
         <load_address>0x3b8c</load_address>
         <run_address>0x3b8c</run_address>
         <size>0x50</size>
         <input_file_ref idref="fl-de"/>
      </object_component>
      <object_component id="oc-22a">
         <name>.text:_ADCIntNumberGet</name>
         <load_address>0x3bdc</load_address>
         <run_address>0x3bdc</run_address>
         <size>0x50</size>
         <input_file_ref idref="fl-de"/>
      </object_component>
      <object_component id="oc-12b">
         <name>.text:GPIOPinConfigure</name>
         <load_address>0x3c2c</load_address>
         <run_address>0x3c2c</run_address>
         <size>0x4c</size>
         <input_file_ref idref="fl-df"/>
      </object_component>
      <object_component id="oc-a0">
         <name>.text</name>
         <load_address>0x3c78</load_address>
         <run_address>0x3c78</run_address>
         <size>0x4c</size>
         <input_file_ref idref="fl-db"/>
      </object_component>
      <object_component id="oc-280">
         <name>.text:UARTConfigSetExpClk</name>
         <load_address>0x3cc4</load_address>
         <run_address>0x3cc4</run_address>
         <size>0x46</size>
         <input_file_ref idref="fl-e6"/>
      </object_component>
      <object_component id="oc-5a">
         <name>.text</name>
         <load_address>0x3d0a</load_address>
         <run_address>0x3d0a</run_address>
         <size>0x2</size>
         <input_file_ref idref="fl-d4"/>
      </object_component>
      <object_component id="oc-16d">
         <name>.text</name>
         <load_address>0x3d0c</load_address>
         <run_address>0x3d0c</run_address>
         <size>0x44</size>
         <input_file_ref idref="fl-8"/>
      </object_component>
      <object_component id="oc-247">
         <name>.text:_GPIOIntNumberGet</name>
         <load_address>0x3d50</load_address>
         <run_address>0x3d50</run_address>
         <size>0x44</size>
         <input_file_ref idref="fl-df"/>
      </object_component>
      <object_component id="oc-252">
         <name>.text</name>
         <load_address>0x3d94</load_address>
         <run_address>0x3d94</run_address>
         <size>0x40</size>
         <input_file_ref idref="fl-d7"/>
      </object_component>
      <object_component id="oc-308">
         <name>.text:SSIConfigSetExpClk</name>
         <load_address>0x3dd4</load_address>
         <run_address>0x3dd4</run_address>
         <size>0x3c</size>
         <input_file_ref idref="fl-e2"/>
      </object_component>
      <object_component id="oc-173">
         <name>.text:SysCtlPeripheralReady</name>
         <load_address>0x3e10</load_address>
         <run_address>0x3e10</run_address>
         <size>0x38</size>
         <input_file_ref idref="fl-e3"/>
      </object_component>
      <object_component id="oc-1b2">
         <name>.text</name>
         <load_address>0x3e48</load_address>
         <run_address>0x3e48</run_address>
         <size>0x38</size>
         <input_file_ref idref="fl-d0"/>
      </object_component>
      <object_component id="oc-20d">
         <name>.text:IntRegister</name>
         <load_address>0x3e80</load_address>
         <run_address>0x3e80</run_address>
         <size>0x34</size>
         <input_file_ref idref="fl-e0"/>
      </object_component>
      <object_component id="oc-125">
         <name>.text:SysCtlPeripheralEnable</name>
         <load_address>0x3eb4</load_address>
         <run_address>0x3eb4</run_address>
         <size>0x34</size>
         <input_file_ref idref="fl-e3"/>
      </object_component>
      <object_component id="oc-185">
         <name>.text:GPIODirModeSet</name>
         <load_address>0x3ee8</load_address>
         <run_address>0x3ee8</run_address>
         <size>0x2c</size>
         <input_file_ref idref="fl-df"/>
      </object_component>
      <object_component id="oc-137">
         <name>.text:PWMGenConfigure</name>
         <load_address>0x3f14</load_address>
         <run_address>0x3f14</run_address>
         <size>0x22</size>
         <input_file_ref idref="fl-e1"/>
      </object_component>
      <object_component id="oc-a6">
         <name>.text</name>
         <load_address>0x3f36</load_address>
         <run_address>0x3f36</run_address>
         <size>0x2</size>
         <input_file_ref idref="fl-dd"/>
      </object_component>
      <object_component id="oc-359">
         <name>.text:UARTDisable</name>
         <load_address>0x3f38</load_address>
         <run_address>0x3f38</run_address>
         <size>0x20</size>
         <input_file_ref idref="fl-e6"/>
      </object_component>
      <object_component id="oc-ef">
         <name>.text:ADCSequenceDataGet</name>
         <load_address>0x3f58</load_address>
         <run_address>0x3f58</run_address>
         <size>0x1e</size>
         <input_file_ref idref="fl-de"/>
      </object_component>
      <object_component id="oc-1c1">
         <name>.text:PWMPulseWidthSet</name>
         <load_address>0x3f76</load_address>
         <run_address>0x3f76</run_address>
         <size>0x1e</size>
         <input_file_ref idref="fl-e1"/>
      </object_component>
      <object_component id="oc-113">
         <name>.text:SysTickIntRegister</name>
         <load_address>0x3f94</load_address>
         <run_address>0x3f94</run_address>
         <size>0x1c</size>
         <input_file_ref idref="fl-e4"/>
      </object_component>
      <object_component id="oc-161">
         <name>.text:ADCIntRegister</name>
         <load_address>0x3fb0</load_address>
         <run_address>0x3fb0</run_address>
         <size>0x18</size>
         <input_file_ref idref="fl-de"/>
      </object_component>
      <object_component id="oc-e3">
         <name>.text:ADCProcessorTrigger</name>
         <load_address>0x3fc8</load_address>
         <run_address>0x3fc8</run_address>
         <size>0x18</size>
         <input_file_ref idref="fl-de"/>
      </object_component>
      <object_component id="oc-179">
         <name>.text:GPIOIntRegister</name>
         <load_address>0x3fe0</load_address>
         <run_address>0x3fe0</run_address>
         <size>0x18</size>
         <input_file_ref idref="fl-df"/>
      </object_component>
      <object_component id="oc-31a">
         <name>.text:GPIOPinTypeGPIOOutput</name>
         <load_address>0x3ff8</load_address>
         <run_address>0x3ff8</run_address>
         <size>0x18</size>
         <input_file_ref idref="fl-df"/>
      </object_component>
      <object_component id="oc-6c">
         <name>.text</name>
         <load_address>0x4010</load_address>
         <run_address>0x4010</run_address>
         <size>0x18</size>
         <input_file_ref idref="fl-d9"/>
      </object_component>
      <object_component id="oc-17f">
         <name>.text:GPIOPinTypeGPIOInput</name>
         <load_address>0x4028</load_address>
         <run_address>0x4028</run_address>
         <size>0x16</size>
         <input_file_ref idref="fl-df"/>
      </object_component>
      <object_component id="oc-131">
         <name>.text:GPIOPinTypePWM</name>
         <load_address>0x403e</load_address>
         <run_address>0x403e</run_address>
         <size>0x16</size>
         <input_file_ref idref="fl-df"/>
      </object_component>
      <object_component id="oc-2fc">
         <name>.text:GPIOPinTypeSSI</name>
         <load_address>0x4054</load_address>
         <run_address>0x4054</run_address>
         <size>0x16</size>
         <input_file_ref idref="fl-df"/>
      </object_component>
      <object_component id="oc-27a">
         <name>.text:GPIOPinTypeUART</name>
         <load_address>0x406a</load_address>
         <run_address>0x406a</run_address>
         <size>0x16</size>
         <input_file_ref idref="fl-df"/>
      </object_component>
      <object_component id="oc-11f">
         <name>.text:SysTickEnable</name>
         <load_address>0x4080</load_address>
         <run_address>0x4080</run_address>
         <size>0x14</size>
         <input_file_ref idref="fl-e4"/>
      </object_component>
      <object_component id="oc-119">
         <name>.text:SysTickIntEnable</name>
         <load_address>0x4094</load_address>
         <run_address>0x4094</run_address>
         <size>0x14</size>
         <input_file_ref idref="fl-e4"/>
      </object_component>
      <object_component id="oc-28c">
         <name>.text:UARTEnable</name>
         <load_address>0x40a8</load_address>
         <run_address>0x40a8</run_address>
         <size>0x14</size>
         <input_file_ref idref="fl-e6"/>
      </object_component>
      <object_component id="oc-1df">
         <name>.text</name>
         <load_address>0x40bc</load_address>
         <run_address>0x40bc</run_address>
         <size>0x14</size>
         <input_file_ref idref="fl-d8"/>
      </object_component>
      <object_component id="oc-149">
         <name>.text:PWMOutputState</name>
         <load_address>0x40d0</load_address>
         <run_address>0x40d0</run_address>
         <size>0x12</size>
         <input_file_ref idref="fl-e1"/>
      </object_component>
      <object_component id="oc-167">
         <name>.text:ADCIntEnable</name>
         <load_address>0x40e2</load_address>
         <run_address>0x40e2</run_address>
         <size>0x10</size>
         <input_file_ref idref="fl-de"/>
      </object_component>
      <object_component id="oc-1ce">
         <name>.text:IntMasterEnable</name>
         <load_address>0x40f2</load_address>
         <run_address>0x40f2</run_address>
         <size>0x10</size>
         <input_file_ref idref="fl-e0"/>
      </object_component>
      <object_component id="oc-13d">
         <name>.text:PWMGenPeriodSet</name>
         <load_address>0x4102</load_address>
         <run_address>0x4102</run_address>
         <size>0x10</size>
         <input_file_ref idref="fl-e1"/>
      </object_component>
      <object_component id="oc-10d">
         <name>.text:SysTickPeriodSet</name>
         <load_address>0x4114</load_address>
         <run_address>0x4114</run_address>
         <size>0x10</size>
         <input_file_ref idref="fl-e4"/>
      </object_component>
      <object_component id="oc-15b">
         <name>.text:ADCSequenceEnable</name>
         <load_address>0x4124</load_address>
         <run_address>0x4124</run_address>
         <size>0xe</size>
         <input_file_ref idref="fl-de"/>
      </object_component>
      <object_component id="oc-38b">
         <name>.text:TimerEnable</name>
         <load_address>0x4132</load_address>
         <run_address>0x4132</run_address>
         <size>0xe</size>
         <input_file_ref idref="fl-e5"/>
      </object_component>
      <object_component id="oc-18">
         <name>.text:decompress:none</name>
         <load_address>0x4140</load_address>
         <run_address>0x4140</run_address>
         <size>0xe</size>
         <input_file_ref idref="fl-cb"/>
      </object_component>
      <object_component id="oc-2ad">
         <name>.text:CPUcpsie</name>
         <load_address>0x414e</load_address>
         <run_address>0x414e</run_address>
         <size>0xc</size>
         <input_file_ref idref="fl-e7"/>
      </object_component>
      <object_component id="oc-191">
         <name>.text:GPIOIntEnable</name>
         <load_address>0x415a</load_address>
         <run_address>0x415a</run_address>
         <size>0xc</size>
         <input_file_ref idref="fl-df"/>
      </object_component>
      <object_component id="oc-143">
         <name>.text:PWMGenEnable</name>
         <load_address>0x4166</load_address>
         <run_address>0x4166</run_address>
         <size>0xc</size>
         <input_file_ref idref="fl-e1"/>
      </object_component>
      <object_component id="oc-32c">
         <name>.text:SSIDataGet</name>
         <load_address>0x4172</load_address>
         <run_address>0x4172</run_address>
         <size>0xc</size>
         <input_file_ref idref="fl-e2"/>
      </object_component>
      <object_component id="oc-1e">
         <name>.text:decompress:ZI</name>
         <load_address>0x417e</load_address>
         <run_address>0x417e</run_address>
         <size>0xc</size>
         <input_file_ref idref="fl-cc"/>
      </object_component>
      <object_component id="oc-2e">
         <name>.text</name>
         <load_address>0x418a</load_address>
         <run_address>0x418a</run_address>
         <size>0xc</size>
         <input_file_ref idref="fl-5"/>
      </object_component>
      <object_component id="oc-fb">
         <name>.text:ADCIntClear</name>
         <load_address>0x4196</load_address>
         <run_address>0x4196</run_address>
         <size>0xa</size>
         <input_file_ref idref="fl-de"/>
      </object_component>
      <object_component id="oc-326">
         <name>.text:SSIDataPut</name>
         <load_address>0x41a0</load_address>
         <run_address>0x41a0</run_address>
         <size>0xa</size>
         <input_file_ref idref="fl-e2"/>
      </object_component>
      <object_component id="oc-30e">
         <name>.text:SSIEnable</name>
         <load_address>0x41aa</load_address>
         <run_address>0x41aa</run_address>
         <size>0xa</size>
         <input_file_ref idref="fl-e2"/>
      </object_component>
      <object_component id="oc-391">
         <name>.text:TimerValueGet</name>
         <load_address>0x41b4</load_address>
         <run_address>0x41b4</run_address>
         <size>0xa</size>
         <input_file_ref idref="fl-e5"/>
      </object_component>
      <object_component id="oc-292">
         <name>.text:UARTCharPut</name>
         <load_address>0x41be</load_address>
         <run_address>0x41be</run_address>
         <size>0xa</size>
         <input_file_ref idref="fl-e6"/>
      </object_component>
      <object_component id="oc-286">
         <name>.text:UARTFIFOEnable</name>
         <load_address>0x41c8</load_address>
         <run_address>0x41c8</run_address>
         <size>0xa</size>
         <input_file_ref idref="fl-e6"/>
      </object_component>
      <object_component id="oc-320">
         <name>.text:SSIBusy</name>
         <load_address>0x41d2</load_address>
         <run_address>0x41d2</run_address>
         <size>0x8</size>
         <input_file_ref idref="fl-e2"/>
      </object_component>
      <object_component id="oc-e9">
         <name>.text:GPIOIntClear</name>
         <load_address>0x41da</load_address>
         <run_address>0x41da</run_address>
         <size>0x6</size>
         <input_file_ref idref="fl-df"/>
      </object_component>
      <object_component id="oc-1ac">
         <name>.text:GPIOPinRead</name>
         <load_address>0x41e0</load_address>
         <run_address>0x41e0</run_address>
         <size>0x6</size>
         <input_file_ref idref="fl-df"/>
      </object_component>
      <object_component id="oc-314">
         <name>.text:GPIOPinWrite</name>
         <load_address>0x41e6</load_address>
         <run_address>0x41e6</run_address>
         <size>0x6</size>
         <input_file_ref idref="fl-df"/>
      </object_component>
      <object_component id="oc-302">
         <name>.text:SSIClockSourceSet</name>
         <load_address>0x41ec</load_address>
         <run_address>0x41ec</run_address>
         <size>0x6</size>
         <input_file_ref idref="fl-e2"/>
      </object_component>
      <object_component id="oc-1cd">
         <name>.text:SysCtlDelay</name>
         <load_address>0x41f2</load_address>
         <run_address>0x41f2</run_address>
         <size>0x6</size>
         <input_file_ref idref="fl-e3"/>
      </object_component>
      <object_component id="oc-60">
         <name>.text</name>
         <load_address>0x41f8</load_address>
         <run_address>0x41f8</run_address>
         <size>0x4</size>
         <input_file_ref idref="fl-d5"/>
      </object_component>
      <object_component id="oc-332">
         <name>.const:.string:rgbOledFont0</name>
         <load_address>0x41fc</load_address>
         <run_address>0x41fc</run_address>
         <size>0x300</size>
         <input_file_ref idref="fl-9"/>
      </object_component>
      <object_component id="oc-342">
         <name>.const:g_ppui32GPIOIntMapSnowflake</name>
         <load_address>0x44fc</load_address>
         <run_address>0x44fc</run_address>
         <size>0xd8</size>
         <input_file_ref idref="fl-df"/>
      </object_component>
      <object_component id="oc-33f">
         <name>.const:g_ppui32GPIOIntMapBlizzard</name>
         <load_address>0x45d4</load_address>
         <run_address>0x45d4</run_address>
         <size>0xc0</size>
         <input_file_ref idref="fl-df"/>
      </object_component>
      <object_component id="oc-217">
         <name>.const:g_pui32GPIOBaseAddrs</name>
         <load_address>0x4694</load_address>
         <run_address>0x4694</run_address>
         <size>0x90</size>
         <input_file_ref idref="fl-df"/>
      </object_component>
      <object_component id="oc-207">
         <name>.const:g_pui32Xtals</name>
         <load_address>0x4724</load_address>
         <run_address>0x4724</run_address>
         <size>0x6c</size>
         <input_file_ref idref="fl-e3"/>
      </object_component>
      <object_component id="oc-338">
         <name>.const:.string:rgbFillPat</name>
         <load_address>0x4790</load_address>
         <run_address>0x4790</run_address>
         <size>0x40</size>
         <input_file_ref idref="fl-a"/>
      </object_component>
      <object_component id="oc-25a">
         <name>.const:g_psDaysToMonth</name>
         <load_address>0x47d0</load_address>
         <run_address>0x47d0</run_address>
         <size>0x30</size>
         <input_file_ref idref="fl-7"/>
      </object_component>
      <object_component id="oc-25d">
         <name>.const:g_pfExponents</name>
         <load_address>0x4800</load_address>
         <run_address>0x4800</run_address>
         <size>0x18</size>
         <input_file_ref idref="fl-7"/>
      </object_component>
      <object_component id="oc-2dd">
         <name>.const:g_pui32EnRegs</name>
         <load_address>0x4818</load_address>
         <run_address>0x4818</run_address>
         <size>0x14</size>
         <input_file_ref idref="fl-e0"/>
      </object_component>
      <object_component id="oc-34d">
         <name>.const:.string</name>
         <load_address>0x482c</load_address>
         <run_address>0x482c</run_address>
         <size>0x12</size>
         <input_file_ref idref="fl-7"/>
      </object_component>
      <object_component id="oc-257">
         <name>.const</name>
         <load_address>0x4840</load_address>
         <run_address>0x4840</run_address>
         <size>0x4</size>
         <input_file_ref idref="fl-7"/>
      </object_component>
      <object_component id="oc-3e0">
         <name>.cinit..data.load</name>
         <load_address>0x4848</load_address>
         <run_address>0x4848</run_address>
         <size>0x36</size>
      </object_component>
      <object_component id="oc-3dd">
         <name>__TI_handler_table</name>
         <load_address>0x4880</load_address>
         <run_address>0x4880</run_address>
         <size>0xc</size>
      </object_component>
      <object_component id="oc-3e1">
         <name>.cinit..bss.load</name>
         <load_address>0x4890</load_address>
         <run_address>0x4890</run_address>
         <size>0x8</size>
      </object_component>
      <object_component id="oc-3df">
         <name>.cinit..vtable.load</name>
         <load_address>0x4898</load_address>
         <run_address>0x4898</run_address>
         <size>0x8</size>
      </object_component>
      <object_component id="oc-3de">
         <name>__TI_cinit_table</name>
         <load_address>0x48a0</load_address>
         <run_address>0x48a0</run_address>
         <size>0x18</size>
      </object_component>
      <object_component id="oc-2d2">
         <name>.vtable</name>
         <uninitialized>true</uninitialized>
         <run_address>0x20000000</run_address>
         <size>0x26c</size>
         <input_file_ref idref="fl-e0"/>
      </object_component>
      <object_component id="oc-1a0">
         <name>.data</name>
         <load_address>0x200009d8</load_address>
         <run_address>0x200009d8</run_address>
         <size>0x44</size>
         <input_file_ref idref="fl-4"/>
      </object_component>
      <object_component id="oc-260">
         <name>.data</name>
         <load_address>0x20000a40</load_address>
         <run_address>0x20000a40</run_address>
         <size>0x4</size>
         <input_file_ref idref="fl-7"/>
      </object_component>
      <object_component id="oc-b6">
         <name>.data:$O1$$</name>
         <load_address>0x20000a1c</load_address>
         <run_address>0x20000a1c</run_address>
         <size>0xc</size>
         <input_file_ref idref="fl-cd"/>
      </object_component>
      <object_component id="oc-2bd">
         <name>.data:$O1$$</name>
         <load_address>0x20000a28</load_address>
         <run_address>0x20000a28</run_address>
         <size>0xc</size>
         <input_file_ref idref="fl-d2"/>
      </object_component>
      <object_component id="oc-78">
         <name>.data</name>
         <load_address>0x20000a3c</load_address>
         <run_address>0x20000a3c</run_address>
         <size>0x4</size>
         <input_file_ref idref="fl-d6"/>
      </object_component>
      <object_component id="oc-b9">
         <name>.data:$O1$$</name>
         <load_address>0x20000a34</load_address>
         <run_address>0x20000a34</run_address>
         <size>0x8</size>
         <input_file_ref idref="fl-d8"/>
      </object_component>
      <object_component id="oc-2a2">
         <name>.bss:but_state</name>
         <uninitialized>true</uninitialized>
         <run_address>0x20000590</run_address>
         <size>0x4</size>
         <input_file_ref idref="fl-2"/>
      </object_component>
      <object_component id="oc-2a5">
         <name>.bss:but_count</name>
         <uninitialized>true</uninitialized>
         <run_address>0x20000584</run_address>
         <size>0x4</size>
         <input_file_ref idref="fl-2"/>
      </object_component>
      <object_component id="oc-2a8">
         <name>.bss:but_flag</name>
         <uninitialized>true</uninitialized>
         <run_address>0x20000588</run_address>
         <size>0x4</size>
         <input_file_ref idref="fl-2"/>
      </object_component>
      <object_component id="oc-29f">
         <name>.bss:but_normal</name>
         <uninitialized>true</uninitialized>
         <run_address>0x2000058c</run_address>
         <size>0x4</size>
         <input_file_ref idref="fl-2"/>
      </object_component>
      <object_component id="oc-1a3">
         <name>.bss:g_inBuffer</name>
         <uninitialized>true</uninitialized>
         <run_address>0x2000056c</run_address>
         <size>0x10</size>
         <input_file_ref idref="fl-4"/>
      </object_component>
      <object_component id="oc-19d">
         <name>.bss</name>
         <uninitialized>true</uninitialized>
         <run_address>0x2000057c</run_address>
         <size>0x8</size>
         <input_file_ref idref="fl-4"/>
      </object_component>
      <object_component id="oc-379">
         <name>.common:xcoOledCur</name>
         <uninitialized>true</uninitialized>
         <run_address>0x200005c4</run_address>
         <size>0x4</size>
      </object_component>
      <object_component id="oc-37a">
         <name>.common:ycoOledCur</name>
         <uninitialized>true</uninitialized>
         <run_address>0x200005d0</run_address>
         <size>0x4</size>
      </object_component>
      <object_component id="oc-2f4">
         <name>.common:pbOledCur</name>
         <uninitialized>true</uninitialized>
         <run_address>0x200005a8</run_address>
         <size>0x4</size>
      </object_component>
      <object_component id="oc-37b">
         <name>.common:bnOledCur</name>
         <uninitialized>true</uninitialized>
         <run_address>0x20000594</run_address>
         <size>0x4</size>
      </object_component>
      <object_component id="oc-336">
         <name>.common:clrOledCur</name>
         <uninitialized>true</uninitialized>
         <run_address>0x200005d4</run_address>
         <size>0x1</size>
      </object_component>
      <object_component id="oc-337">
         <name>.common:pbOledPatCur</name>
         <uninitialized>true</uninitialized>
         <run_address>0x200005b4</run_address>
         <size>0x4</size>
      </object_component>
      <object_component id="oc-2f2">
         <name>.common:fOledCharUpdate</name>
         <uninitialized>true</uninitialized>
         <run_address>0x200005a0</run_address>
         <size>0x4</size>
      </object_component>
      <object_component id="oc-2ed">
         <name>.common:dxcoOledFontCur</name>
         <uninitialized>true</uninitialized>
         <run_address>0x20000598</run_address>
         <size>0x4</size>
      </object_component>
      <object_component id="oc-2f0">
         <name>.common:dycoOledFontCur</name>
         <uninitialized>true</uninitialized>
         <run_address>0x2000059c</run_address>
         <size>0x4</size>
      </object_component>
      <object_component id="oc-2f3">
         <name>.common:pbOledFontCur</name>
         <uninitialized>true</uninitialized>
         <run_address>0x200005ac</run_address>
         <size>0x4</size>
      </object_component>
      <object_component id="oc-2f1">
         <name>.common:pbOledFontUser</name>
         <uninitialized>true</uninitialized>
         <run_address>0x200005b0</run_address>
         <size>0x4</size>
      </object_component>
      <object_component id="oc-33b">
         <name>.common:rgbOledBmp</name>
         <uninitialized>true</uninitialized>
         <run_address>0x2000026c</run_address>
         <size>0x200</size>
      </object_component>
      <object_component id="oc-2eb">
         <name>.common:xchOledCur</name>
         <uninitialized>true</uninitialized>
         <run_address>0x200005bc</run_address>
         <size>0x4</size>
      </object_component>
      <object_component id="oc-2ec">
         <name>.common:ychOledCur</name>
         <uninitialized>true</uninitialized>
         <run_address>0x200005c8</run_address>
         <size>0x4</size>
      </object_component>
      <object_component id="oc-2e7">
         <name>.common:xchOledMax</name>
         <uninitialized>true</uninitialized>
         <run_address>0x200005c0</run_address>
         <size>0x4</size>
      </object_component>
      <object_component id="oc-2ea">
         <name>.common:ychOledMax</name>
         <uninitialized>true</uninitialized>
         <run_address>0x200005cc</run_address>
         <size>0x4</size>
      </object_component>
      <object_component id="oc-335">
         <name>.common:rgbOledFontUser</name>
         <uninitialized>true</uninitialized>
         <run_address>0x2000046c</run_address>
         <size>0x100</size>
      </object_component>
      <object_component id="oc-37f">
         <name>.common:pfnDoRop</name>
         <uninitialized>true</uninitialized>
         <run_address>0x200005b8</run_address>
         <size>0x4</size>
      </object_component>
      <object_component id="oc-37c">
         <name>.common:modOledCur</name>
         <uninitialized>true</uninitialized>
         <run_address>0x200005a4</run_address>
         <size>0x4</size>
      </object_component>
      <object_component id="oc-2b">
         <name>.sysmem</name>
         <uninitialized>true</uninitialized>
         <run_address>0x200007d8</run_address>
         <size>0x8</size>
         <input_file_ref idref="fl-d2"/>
      </object_component>
      <object_component id="oc-3e3">
         <name>.sysmem</name>
         <uninitialized>true</uninitialized>
         <run_address>0x200007d8</run_address>
         <size>0x0</size>
      </object_component>
      <object_component id="oc-2a">
         <name>.stack</name>
         <uninitialized>true</uninitialized>
         <run_address>0x200005d8</run_address>
         <size>0x0</size>
         <input_file_ref idref="fl-c9"/>
      </object_component>
      <object_component id="oc-3e2">
         <name>.stack</name>
         <uninitialized>true</uninitialized>
         <run_address>0x200005d8</run_address>
         <size>0x0</size>
      </object_component>
      <object_component id="oc-2ac">
         <name>.debug_info</name>
         <load_address>0x0</load_address>
         <run_address>0x0</run_address>
         <size>0x342</size>
         <input_file_ref idref="fl-2"/>
      </object_component>
      <object_component id="oc-2a3">
         <name>.debug_info</name>
         <load_address>0x342</load_address>
         <run_address>0x342</run_address>
         <size>0xbe</size>
         <input_file_ref idref="fl-2"/>
      </object_component>
      <object_component id="oc-2a6">
         <name>.debug_info</name>
         <load_address>0x400</load_address>
         <run_address>0x400</run_address>
         <size>0xbe</size>
         <input_file_ref idref="fl-2"/>
      </object_component>
      <object_component id="oc-2a9">
         <name>.debug_info</name>
         <load_address>0x4be</load_address>
         <run_address>0x4be</run_address>
         <size>0xbc</size>
         <input_file_ref idref="fl-2"/>
      </object_component>
      <object_component id="oc-2a0">
         <name>.debug_info</name>
         <load_address>0x57a</load_address>
         <run_address>0x57a</run_address>
         <size>0xc0</size>
         <input_file_ref idref="fl-2"/>
      </object_component>
      <object_component id="oc-1c8">
         <name>.debug_info</name>
         <load_address>0x63a</load_address>
         <run_address>0x63a</run_address>
         <size>0x386</size>
         <input_file_ref idref="fl-2"/>
      </object_component>
      <object_component id="oc-cd">
         <name>.debug_info</name>
         <load_address>0x9c0</load_address>
         <run_address>0x9c0</run_address>
         <size>0x8b</size>
         <input_file_ref idref="fl-2"/>
      </object_component>
      <object_component id="oc-83">
         <name>.debug_info</name>
         <load_address>0xa4b</load_address>
         <run_address>0xa4b</run_address>
         <size>0x18b</size>
         <input_file_ref idref="fl-2"/>
      </object_component>
      <object_component id="oc-203">
         <name>.debug_info</name>
         <load_address>0xbd6</load_address>
         <run_address>0xbd6</run_address>
         <size>0x2b7</size>
         <input_file_ref idref="fl-3"/>
      </object_component>
      <object_component id="oc-f6">
         <name>.debug_info</name>
         <load_address>0xe8d</load_address>
         <run_address>0xe8d</run_address>
         <size>0x314</size>
         <input_file_ref idref="fl-3"/>
      </object_component>
      <object_component id="oc-275">
         <name>.debug_info</name>
         <load_address>0x11a1</load_address>
         <run_address>0x11a1</run_address>
         <size>0x86</size>
         <input_file_ref idref="fl-3"/>
      </object_component>
      <object_component id="oc-2c3">
         <name>.debug_info</name>
         <load_address>0x1227</load_address>
         <run_address>0x1227</run_address>
         <size>0x110</size>
         <input_file_ref idref="fl-3"/>
      </object_component>
      <object_component id="oc-3d">
         <name>.debug_info</name>
         <load_address>0x1337</load_address>
         <run_address>0x1337</run_address>
         <size>0x84</size>
         <input_file_ref idref="fl-3"/>
      </object_component>
      <object_component id="oc-1d5">
         <name>.debug_info</name>
         <load_address>0x13bb</load_address>
         <run_address>0x13bb</run_address>
         <size>0xb55</size>
         <input_file_ref idref="fl-4"/>
      </object_component>
      <object_component id="oc-1a4">
         <name>.debug_info</name>
         <load_address>0x1f10</load_address>
         <run_address>0x1f10</run_address>
         <size>0xbc</size>
         <input_file_ref idref="fl-4"/>
      </object_component>
      <object_component id="oc-19e">
         <name>.debug_info</name>
         <load_address>0x1fcc</load_address>
         <run_address>0x1fcc</run_address>
         <size>0x10e</size>
         <input_file_ref idref="fl-4"/>
      </object_component>
      <object_component id="oc-1a1">
         <name>.debug_info</name>
         <load_address>0x20da</load_address>
         <run_address>0x20da</run_address>
         <size>0x399</size>
         <input_file_ref idref="fl-4"/>
      </object_component>
      <object_component id="oc-b1">
         <name>.debug_info</name>
         <load_address>0x2473</load_address>
         <run_address>0x2473</run_address>
         <size>0x12bd</size>
         <input_file_ref idref="fl-4"/>
      </object_component>
      <object_component id="oc-265">
         <name>.debug_info</name>
         <load_address>0x3730</load_address>
         <run_address>0x3730</run_address>
         <size>0x196</size>
         <input_file_ref idref="fl-4"/>
      </object_component>
      <object_component id="oc-26a">
         <name>.debug_info</name>
         <load_address>0x38c6</load_address>
         <run_address>0x38c6</run_address>
         <size>0x4e</size>
         <input_file_ref idref="fl-4"/>
      </object_component>
      <object_component id="oc-36">
         <name>.debug_info</name>
         <load_address>0x3914</load_address>
         <run_address>0x3914</run_address>
         <size>0x284</size>
         <input_file_ref idref="fl-5"/>
      </object_component>
      <object_component id="oc-10">
         <name>.debug_info</name>
         <load_address>0x3b98</load_address>
         <run_address>0x3b98</run_address>
         <size>0xd5</size>
         <input_file_ref idref="fl-5"/>
      </object_component>
      <object_component id="oc-32">
         <name>.debug_info</name>
         <load_address>0x3c6d</load_address>
         <run_address>0x3c6d</run_address>
         <size>0x251</size>
         <input_file_ref idref="fl-5"/>
      </object_component>
      <object_component id="oc-299">
         <name>.debug_info</name>
         <load_address>0x3ebe</load_address>
         <run_address>0x3ebe</run_address>
         <size>0x417</size>
         <input_file_ref idref="fl-6"/>
      </object_component>
      <object_component id="oc-1a7">
         <name>.debug_info</name>
         <load_address>0x42d5</load_address>
         <run_address>0x42d5</run_address>
         <size>0x256</size>
         <input_file_ref idref="fl-6"/>
      </object_component>
      <object_component id="oc-264">
         <name>.debug_info</name>
         <load_address>0x452b</load_address>
         <run_address>0x452b</run_address>
         <size>0x2c5</size>
         <input_file_ref idref="fl-7"/>
      </object_component>
      <object_component id="oc-258">
         <name>.debug_info</name>
         <load_address>0x47f0</load_address>
         <run_address>0x47f0</run_address>
         <size>0xde</size>
         <input_file_ref idref="fl-7"/>
      </object_component>
      <object_component id="oc-25b">
         <name>.debug_info</name>
         <load_address>0x48ce</load_address>
         <run_address>0x48ce</run_address>
         <size>0xef</size>
         <input_file_ref idref="fl-7"/>
      </object_component>
      <object_component id="oc-25e">
         <name>.debug_info</name>
         <load_address>0x49bd</load_address>
         <run_address>0x49bd</run_address>
         <size>0xeb</size>
         <input_file_ref idref="fl-7"/>
      </object_component>
      <object_component id="oc-261">
         <name>.debug_info</name>
         <load_address>0x4aa8</load_address>
         <run_address>0x4aa8</run_address>
         <size>0xeb</size>
         <input_file_ref idref="fl-7"/>
      </object_component>
      <object_component id="oc-198">
         <name>.debug_info</name>
         <load_address>0x4b93</load_address>
         <run_address>0x4b93</run_address>
         <size>0x1347</size>
         <input_file_ref idref="fl-7"/>
      </object_component>
      <object_component id="oc-245">
         <name>.debug_info</name>
         <load_address>0x5eda</load_address>
         <run_address>0x5eda</run_address>
         <size>0x322</size>
         <input_file_ref idref="fl-8"/>
      </object_component>
      <object_component id="oc-170">
         <name>.debug_info</name>
         <load_address>0x61fc</load_address>
         <run_address>0x61fc</run_address>
         <size>0x2df</size>
         <input_file_ref idref="fl-8"/>
      </object_component>
      <object_component id="oc-3a4">
         <name>.debug_info</name>
         <load_address>0x64db</load_address>
         <run_address>0x64db</run_address>
         <size>0xc9</size>
         <input_file_ref idref="fl-9"/>
      </object_component>
      <object_component id="oc-333">
         <name>.debug_info</name>
         <load_address>0x65a4</load_address>
         <run_address>0x65a4</run_address>
         <size>0xdd</size>
         <input_file_ref idref="fl-9"/>
      </object_component>
      <object_component id="oc-3a7">
         <name>.debug_info</name>
         <load_address>0x6681</load_address>
         <run_address>0x6681</run_address>
         <size>0xc6</size>
         <input_file_ref idref="fl-a"/>
      </object_component>
      <object_component id="oc-339">
         <name>.debug_info</name>
         <load_address>0x6747</load_address>
         <run_address>0x6747</run_address>
         <size>0xd8</size>
         <input_file_ref idref="fl-a"/>
      </object_component>
      <object_component id="oc-2ee">
         <name>.debug_info</name>
         <load_address>0x681f</load_address>
         <run_address>0x681f</run_address>
         <size>0x824</size>
         <input_file_ref idref="fl-b"/>
      </object_component>
      <object_component id="oc-240">
         <name>.debug_info</name>
         <load_address>0x7043</load_address>
         <run_address>0x7043</run_address>
         <size>0xbc4</size>
         <input_file_ref idref="fl-b"/>
      </object_component>
      <object_component id="oc-2e8">
         <name>.debug_info</name>
         <load_address>0x7c07</load_address>
         <run_address>0x7c07</run_address>
         <size>0x4a1</size>
         <input_file_ref idref="fl-c"/>
      </object_component>
      <object_component id="oc-23a">
         <name>.debug_info</name>
         <load_address>0x80a8</load_address>
         <run_address>0x80a8</run_address>
         <size>0x897</size>
         <input_file_ref idref="fl-c"/>
      </object_component>
      <object_component id="oc-37d">
         <name>.debug_info</name>
         <load_address>0x893f</load_address>
         <run_address>0x893f</run_address>
         <size>0x494</size>
         <input_file_ref idref="fl-d"/>
      </object_component>
      <object_component id="oc-2e4">
         <name>.debug_info</name>
         <load_address>0x8dd3</load_address>
         <run_address>0x8dd3</run_address>
         <size>0x1b2f</size>
         <input_file_ref idref="fl-d"/>
      </object_component>
      <object_component id="oc-2fa">
         <name>.debug_info</name>
         <load_address>0xa902</load_address>
         <run_address>0xa902</run_address>
         <size>0x22a</size>
         <input_file_ref idref="fl-e"/>
      </object_component>
      <object_component id="oc-27">
         <name>.debug_info</name>
         <load_address>0xab2c</load_address>
         <run_address>0xab2c</run_address>
         <size>0x16b</size>
         <input_file_ref idref="fl-c9"/>
      </object_component>
      <object_component id="oc-8d">
         <name>.debug_info</name>
         <load_address>0xac97</load_address>
         <run_address>0xac97</run_address>
         <size>0x29e</size>
         <input_file_ref idref="fl-ca"/>
      </object_component>
      <object_component id="oc-15">
         <name>.debug_info</name>
         <load_address>0xaf35</load_address>
         <run_address>0xaf35</run_address>
         <size>0x250</size>
         <input_file_ref idref="fl-ca"/>
      </object_component>
      <object_component id="oc-38">
         <name>.debug_info</name>
         <load_address>0xb185</load_address>
         <run_address>0xb185</run_address>
         <size>0x60</size>
         <input_file_ref idref="fl-ca"/>
      </object_component>
      <object_component id="oc-88">
         <name>.debug_info</name>
         <load_address>0xb1e5</load_address>
         <run_address>0xb1e5</run_address>
         <size>0x46</size>
         <input_file_ref idref="fl-ca"/>
      </object_component>
      <object_component id="oc-4d">
         <name>.debug_info</name>
         <load_address>0xb22b</load_address>
         <run_address>0xb22b</run_address>
         <size>0x2e5</size>
         <input_file_ref idref="fl-cb"/>
      </object_component>
      <object_component id="oc-1a">
         <name>.debug_info</name>
         <load_address>0xb510</load_address>
         <run_address>0xb510</run_address>
         <size>0x1ea</size>
         <input_file_ref idref="fl-cb"/>
      </object_component>
      <object_component id="oc-48">
         <name>.debug_info</name>
         <load_address>0xb6fa</load_address>
         <run_address>0xb6fa</run_address>
         <size>0x46</size>
         <input_file_ref idref="fl-cb"/>
      </object_component>
      <object_component id="oc-8f">
         <name>.debug_info</name>
         <load_address>0xb740</load_address>
         <run_address>0xb740</run_address>
         <size>0x2c</size>
         <input_file_ref idref="fl-cb"/>
      </object_component>
      <object_component id="oc-59">
         <name>.debug_info</name>
         <load_address>0xb76c</load_address>
         <run_address>0xb76c</run_address>
         <size>0x2d4</size>
         <input_file_ref idref="fl-cc"/>
      </object_component>
      <object_component id="oc-22">
         <name>.debug_info</name>
         <load_address>0xba40</load_address>
         <run_address>0xba40</run_address>
         <size>0x1b5</size>
         <input_file_ref idref="fl-cc"/>
      </object_component>
      <object_component id="oc-54">
         <name>.debug_info</name>
         <load_address>0xbbf5</load_address>
         <run_address>0xbbf5</run_address>
         <size>0x46</size>
         <input_file_ref idref="fl-cc"/>
      </object_component>
      <object_component id="oc-97">
         <name>.debug_info</name>
         <load_address>0xbc3b</load_address>
         <run_address>0xbc3b</run_address>
         <size>0x2c</size>
         <input_file_ref idref="fl-cc"/>
      </object_component>
      <object_component id="oc-bd">
         <name>.debug_info</name>
         <load_address>0xbc67</load_address>
         <run_address>0xbc67</run_address>
         <size>0x3d9</size>
         <input_file_ref idref="fl-cd"/>
      </object_component>
      <object_component id="oc-b7">
         <name>.debug_info</name>
         <load_address>0xc040</load_address>
         <run_address>0xc040</run_address>
         <size>0x190</size>
         <input_file_ref idref="fl-cd"/>
      </object_component>
      <object_component id="oc-75">
         <name>.debug_info</name>
         <load_address>0xc1d0</load_address>
         <run_address>0xc1d0</run_address>
         <size>0x21f</size>
         <input_file_ref idref="fl-cd"/>
      </object_component>
      <object_component id="oc-1b8">
         <name>.debug_info</name>
         <load_address>0xc3ef</load_address>
         <run_address>0xc3ef</run_address>
         <size>0x14f</size>
         <input_file_ref idref="fl-ce"/>
      </object_component>
      <object_component id="oc-1be">
         <name>.debug_info</name>
         <load_address>0xc53e</load_address>
         <run_address>0xc53e</run_address>
         <size>0x141</size>
         <input_file_ref idref="fl-cf"/>
      </object_component>
      <object_component id="oc-1b4">
         <name>.debug_info</name>
         <load_address>0xc67f</load_address>
         <run_address>0xc67f</run_address>
         <size>0x12f</size>
         <input_file_ref idref="fl-d0"/>
      </object_component>
      <object_component id="oc-45">
         <name>.debug_info</name>
         <load_address>0xc7ae</load_address>
         <run_address>0xc7ae</run_address>
         <size>0x11c</size>
         <input_file_ref idref="fl-d1"/>
      </object_component>
      <object_component id="oc-7e">
         <name>.debug_info</name>
         <load_address>0xc8ca</load_address>
         <run_address>0xc8ca</run_address>
         <size>0x3c7</size>
         <input_file_ref idref="fl-d2"/>
      </object_component>
      <object_component id="oc-2c">
         <name>.debug_info</name>
         <load_address>0xcc91</load_address>
         <run_address>0xcc91</run_address>
         <size>0x10c</size>
         <input_file_ref idref="fl-d2"/>
      </object_component>
      <object_component id="oc-2be">
         <name>.debug_info</name>
         <load_address>0xcd9d</load_address>
         <run_address>0xcd9d</run_address>
         <size>0x157</size>
         <input_file_ref idref="fl-d2"/>
      </object_component>
      <object_component id="oc-1fd">
         <name>.debug_info</name>
         <load_address>0xcef4</load_address>
         <run_address>0xcef4</run_address>
         <size>0x890</size>
         <input_file_ref idref="fl-d2"/>
      </object_component>
      <object_component id="oc-c3">
         <name>.debug_info</name>
         <load_address>0xd784</load_address>
         <run_address>0xd784</run_address>
         <size>0x2c</size>
         <input_file_ref idref="fl-d2"/>
      </object_component>
      <object_component id="oc-c8">
         <name>.debug_info</name>
         <load_address>0xd7b0</load_address>
         <run_address>0xd7b0</run_address>
         <size>0x62</size>
         <input_file_ref idref="fl-d2"/>
      </object_component>
      <object_component id="oc-4f">
         <name>.debug_info</name>
         <load_address>0xd812</load_address>
         <run_address>0xd812</run_address>
         <size>0x14a</size>
         <input_file_ref idref="fl-d3"/>
      </object_component>
      <object_component id="oc-5b">
         <name>.debug_info</name>
         <load_address>0xd95c</load_address>
         <run_address>0xd95c</run_address>
         <size>0x143</size>
         <input_file_ref idref="fl-d4"/>
      </object_component>
      <object_component id="oc-63">
         <name>.debug_info</name>
         <load_address>0xda9f</load_address>
         <run_address>0xda9f</run_address>
         <size>0x153</size>
         <input_file_ref idref="fl-d5"/>
      </object_component>
      <object_component id="oc-79">
         <name>.debug_info</name>
         <load_address>0xdbf2</load_address>
         <run_address>0xdbf2</run_address>
         <size>0x114</size>
         <input_file_ref idref="fl-d6"/>
      </object_component>
      <object_component id="oc-253">
         <name>.debug_info</name>
         <load_address>0xdd06</load_address>
         <run_address>0xdd06</run_address>
         <size>0x145</size>
         <input_file_ref idref="fl-d7"/>
      </object_component>
      <object_component id="oc-1e7">
         <name>.debug_info</name>
         <load_address>0xde4b</load_address>
         <run_address>0xde4b</run_address>
         <size>0x2c9</size>
         <input_file_ref idref="fl-d8"/>
      </object_component>
      <object_component id="oc-ba">
         <name>.debug_info</name>
         <load_address>0xe114</load_address>
         <run_address>0xe114</run_address>
         <size>0x11e</size>
         <input_file_ref idref="fl-d8"/>
      </object_component>
      <object_component id="oc-1e0">
         <name>.debug_info</name>
         <load_address>0xe232</load_address>
         <run_address>0xe232</run_address>
         <size>0x22a</size>
         <input_file_ref idref="fl-d8"/>
      </object_component>
      <object_component id="oc-b5">
         <name>.debug_info</name>
         <load_address>0xe45c</load_address>
         <run_address>0xe45c</run_address>
         <size>0x30b</size>
         <input_file_ref idref="fl-d9"/>
      </object_component>
      <object_component id="oc-6d">
         <name>.debug_info</name>
         <load_address>0xe767</load_address>
         <run_address>0xe767</run_address>
         <size>0x172</size>
         <input_file_ref idref="fl-d9"/>
      </object_component>
      <object_component id="oc-1d8">
         <name>.debug_info</name>
         <load_address>0xe8d9</load_address>
         <run_address>0xe8d9</run_address>
         <size>0x5e</size>
         <input_file_ref idref="fl-d9"/>
      </object_component>
      <object_component id="oc-ad">
         <name>.debug_info</name>
         <load_address>0xe937</load_address>
         <run_address>0xe937</run_address>
         <size>0x48e</size>
         <input_file_ref idref="fl-da"/>
      </object_component>
      <object_component id="oc-67">
         <name>.debug_info</name>
         <load_address>0xedc5</load_address>
         <run_address>0xedc5</run_address>
         <size>0x19b</size>
         <input_file_ref idref="fl-da"/>
      </object_component>
      <object_component id="oc-d9">
         <name>.debug_info</name>
         <load_address>0xef60</load_address>
         <run_address>0xef60</run_address>
         <size>0x39</size>
         <input_file_ref idref="fl-da"/>
      </object_component>
      <object_component id="oc-1f2">
         <name>.debug_info</name>
         <load_address>0xef99</load_address>
         <run_address>0xef99</run_address>
         <size>0x39</size>
         <input_file_ref idref="fl-da"/>
      </object_component>
      <object_component id="oc-de">
         <name>.debug_info</name>
         <load_address>0xefd2</load_address>
         <run_address>0xefd2</run_address>
         <size>0xcd</size>
         <input_file_ref idref="fl-da"/>
      </object_component>
      <object_component id="oc-d5">
         <name>.debug_info</name>
         <load_address>0xf09f</load_address>
         <run_address>0xf09f</run_address>
         <size>0x385</size>
         <input_file_ref idref="fl-db"/>
      </object_component>
      <object_component id="oc-a2">
         <name>.debug_info</name>
         <load_address>0xf424</load_address>
         <run_address>0xf424</run_address>
         <size>0x18e</size>
         <input_file_ref idref="fl-db"/>
      </object_component>
      <object_component id="oc-1ed">
         <name>.debug_info</name>
         <load_address>0xf5b2</load_address>
         <run_address>0xf5b2</run_address>
         <size>0x2c</size>
         <input_file_ref idref="fl-db"/>
      </object_component>
      <object_component id="oc-349">
         <name>.debug_info</name>
         <load_address>0xf5de</load_address>
         <run_address>0xf5de</run_address>
         <size>0x152</size>
         <input_file_ref idref="fl-dc"/>
      </object_component>
      <object_component id="oc-a7">
         <name>.debug_info</name>
         <load_address>0xf730</load_address>
         <run_address>0xf730</run_address>
         <size>0x150</size>
         <input_file_ref idref="fl-dd"/>
      </object_component>
      <object_component id="oc-1f8">
         <name>.debug_info</name>
         <load_address>0xf880</load_address>
         <run_address>0xf880</run_address>
         <size>0x356</size>
         <input_file_ref idref="fl-de"/>
      </object_component>
      <object_component id="oc-157">
         <name>.debug_info</name>
         <load_address>0xfbd6</load_address>
         <run_address>0xfbd6</run_address>
         <size>0x29c</size>
         <input_file_ref idref="fl-de"/>
      </object_component>
      <object_component id="oc-15c">
         <name>.debug_info</name>
         <load_address>0xfe72</load_address>
         <run_address>0xfe72</run_address>
         <size>0x209</size>
         <input_file_ref idref="fl-de"/>
      </object_component>
      <object_component id="oc-f0">
         <name>.debug_info</name>
         <load_address>0x1007b</load_address>
         <run_address>0x1007b</run_address>
         <size>0x268</size>
         <input_file_ref idref="fl-de"/>
      </object_component>
      <object_component id="oc-150">
         <name>.debug_info</name>
         <load_address>0x102e3</load_address>
         <run_address>0x102e3</run_address>
         <size>0x28f</size>
         <input_file_ref idref="fl-de"/>
      </object_component>
      <object_component id="oc-e4">
         <name>.debug_info</name>
         <load_address>0x10572</load_address>
         <run_address>0x10572</run_address>
         <size>0x20d</size>
         <input_file_ref idref="fl-de"/>
      </object_component>
      <object_component id="oc-22b">
         <name>.debug_info</name>
         <load_address>0x1077f</load_address>
         <run_address>0x1077f</run_address>
         <size>0x228</size>
         <input_file_ref idref="fl-de"/>
      </object_component>
      <object_component id="oc-162">
         <name>.debug_info</name>
         <load_address>0x109a7</load_address>
         <run_address>0x109a7</run_address>
         <size>0x248</size>
         <input_file_ref idref="fl-de"/>
      </object_component>
      <object_component id="oc-168">
         <name>.debug_info</name>
         <load_address>0x10bef</load_address>
         <run_address>0x10bef</run_address>
         <size>0x1ff</size>
         <input_file_ref idref="fl-de"/>
      </object_component>
      <object_component id="oc-fc">
         <name>.debug_info</name>
         <load_address>0x10dee</load_address>
         <run_address>0x10dee</run_address>
         <size>0x1fd</size>
         <input_file_ref idref="fl-de"/>
      </object_component>
      <object_component id="oc-1fa">
         <name>.debug_info</name>
         <load_address>0x10feb</load_address>
         <run_address>0x10feb</run_address>
         <size>0x385</size>
         <input_file_ref idref="fl-df"/>
      </object_component>
      <object_component id="oc-340">
         <name>.debug_info</name>
         <load_address>0x11370</load_address>
         <run_address>0x11370</run_address>
         <size>0x11e</size>
         <input_file_ref idref="fl-df"/>
      </object_component>
      <object_component id="oc-343">
         <name>.debug_info</name>
         <load_address>0x1148e</load_address>
         <run_address>0x1148e</run_address>
         <size>0x120</size>
         <input_file_ref idref="fl-df"/>
      </object_component>
      <object_component id="oc-218">
         <name>.debug_info</name>
         <load_address>0x115ae</load_address>
         <run_address>0x115ae</run_address>
         <size>0x112</size>
         <input_file_ref idref="fl-df"/>
      </object_component>
      <object_component id="oc-315">
         <name>.debug_info</name>
         <load_address>0x116c0</load_address>
         <run_address>0x116c0</run_address>
         <size>0x20c</size>
         <input_file_ref idref="fl-df"/>
      </object_component>
      <object_component id="oc-186">
         <name>.debug_info</name>
         <load_address>0x118cc</load_address>
         <run_address>0x118cc</run_address>
         <size>0x21c</size>
         <input_file_ref idref="fl-df"/>
      </object_component>
      <object_component id="oc-21c">
         <name>.debug_info</name>
         <load_address>0x11ae8</load_address>
         <run_address>0x11ae8</run_address>
         <size>0x27f</size>
         <input_file_ref idref="fl-df"/>
      </object_component>
      <object_component id="oc-27c">
         <name>.debug_info</name>
         <load_address>0x11d67</load_address>
         <run_address>0x11d67</run_address>
         <size>0x1fb</size>
         <input_file_ref idref="fl-df"/>
      </object_component>
      <object_component id="oc-2fe">
         <name>.debug_info</name>
         <load_address>0x11f62</load_address>
         <run_address>0x11f62</run_address>
         <size>0x1f9</size>
         <input_file_ref idref="fl-df"/>
      </object_component>
      <object_component id="oc-133">
         <name>.debug_info</name>
         <load_address>0x1215b</load_address>
         <run_address>0x1215b</run_address>
         <size>0x1f9</size>
         <input_file_ref idref="fl-df"/>
      </object_component>
      <object_component id="oc-31b">
         <name>.debug_info</name>
         <load_address>0x12354</load_address>
         <run_address>0x12354</run_address>
         <size>0x220</size>
         <input_file_ref idref="fl-df"/>
      </object_component>
      <object_component id="oc-180">
         <name>.debug_info</name>
         <load_address>0x12574</load_address>
         <run_address>0x12574</run_address>
         <size>0x205</size>
         <input_file_ref idref="fl-df"/>
      </object_component>
      <object_component id="oc-1ad">
         <name>.debug_info</name>
         <load_address>0x12779</load_address>
         <run_address>0x12779</run_address>
         <size>0x1e4</size>
         <input_file_ref idref="fl-df"/>
      </object_component>
      <object_component id="oc-12c">
         <name>.debug_info</name>
         <load_address>0x1295d</load_address>
         <run_address>0x1295d</run_address>
         <size>0x1e9</size>
         <input_file_ref idref="fl-df"/>
      </object_component>
      <object_component id="oc-248">
         <name>.debug_info</name>
         <load_address>0x12b46</load_address>
         <run_address>0x12b46</run_address>
         <size>0x201</size>
         <input_file_ref idref="fl-df"/>
      </object_component>
      <object_component id="oc-18c">
         <name>.debug_info</name>
         <load_address>0x12d47</load_address>
         <run_address>0x12d47</run_address>
         <size>0x224</size>
         <input_file_ref idref="fl-df"/>
      </object_component>
      <object_component id="oc-17a">
         <name>.debug_info</name>
         <load_address>0x12f6b</load_address>
         <run_address>0x12f6b</run_address>
         <size>0x238</size>
         <input_file_ref idref="fl-df"/>
      </object_component>
      <object_component id="oc-192">
         <name>.debug_info</name>
         <load_address>0x131a3</load_address>
         <run_address>0x131a3</run_address>
         <size>0x1f8</size>
         <input_file_ref idref="fl-df"/>
      </object_component>
      <object_component id="oc-ea">
         <name>.debug_info</name>
         <load_address>0x1339b</load_address>
         <run_address>0x1339b</run_address>
         <size>0x1f6</size>
         <input_file_ref idref="fl-df"/>
      </object_component>
      <object_component id="oc-2d6">
         <name>.debug_info</name>
         <load_address>0x13591</load_address>
         <run_address>0x13591</run_address>
         <size>0x353</size>
         <input_file_ref idref="fl-e0"/>
      </object_component>
      <object_component id="oc-2de">
         <name>.debug_info</name>
         <load_address>0x138e4</load_address>
         <run_address>0x138e4</run_address>
         <size>0x109</size>
         <input_file_ref idref="fl-e0"/>
      </object_component>
      <object_component id="oc-2d3">
         <name>.debug_info</name>
         <load_address>0x139ed</load_address>
         <run_address>0x139ed</run_address>
         <size>0x10e</size>
         <input_file_ref idref="fl-e0"/>
      </object_component>
      <object_component id="oc-20e">
         <name>.debug_info</name>
         <load_address>0x13afb</load_address>
         <run_address>0x13afb</run_address>
         <size>0x22a</size>
         <input_file_ref idref="fl-e0"/>
      </object_component>
      <object_component id="oc-1cf">
         <name>.debug_info</name>
         <load_address>0x13d25</load_address>
         <run_address>0x13d25</run_address>
         <size>0x1a7</size>
         <input_file_ref idref="fl-e0"/>
      </object_component>
      <object_component id="oc-231">
         <name>.debug_info</name>
         <load_address>0x13ecc</load_address>
         <run_address>0x13ecc</run_address>
         <size>0x1d1</size>
         <input_file_ref idref="fl-e0"/>
      </object_component>
      <object_component id="oc-223">
         <name>.debug_info</name>
         <load_address>0x1409d</load_address>
         <run_address>0x1409d</run_address>
         <size>0x332</size>
         <input_file_ref idref="fl-e1"/>
      </object_component>
      <object_component id="oc-1c2">
         <name>.debug_info</name>
         <load_address>0x143cf</load_address>
         <run_address>0x143cf</run_address>
[...]
         <value>0x1c33</value>
         <object_component_ref idref="oc-2e1"/>
      </symbol>
      <symbol id="sm-438">
         <name>OrbitOledSetDrawColor</name>
         <value>0x1c1b</value>
         <object_component_ref idref="oc-2e1"/>
      </symbol>
      <symbol id="sm-439">
         <name>OrbitOledDrawRect</name>
         <value>0x1df5</value>
         <object_component_ref idref="oc-2e1"/>
      </symbol>
      <symbol id="sm-43a">
         <name>OrbitOledClampYco</name>
         <value>0x24c9</value>
         <object_component_ref idref="oc-2e1"/>
      </symbol>
      <symbol id="sm-43b">
         <name>OrbitOledGetPos</name>
         <value>0x1bff</value>
         <object_component_ref idref="oc-2e1"/>
      </symbol>
      <symbol id="sm-43c">
         <name>OrbitOledRopSet</name>
         <value>0x2369</value>
         <object_component_ref idref="oc-2e1"/>
      </symbol>
      <symbol id="sm-43d">
         <name>OrbitOledRopXor</name>
         <value>0x23db</value>
         <object_component_ref idref="oc-2e1"/>
      </symbol>
      <symbol id="sm-43e">
         <name>OrbitOledGetBmp</name>
         <value>0x1fbd</value>
         <object_component_ref idref="oc-2e1"/>
      </symbol>
      <symbol id="sm-43f">
         <name>OrbitOledMoveLeft</name>
         <value>0x2477</value>
         <object_component_ref idref="oc-2e1"/>
      </symbol>
      <symbol id="sm-440">
         <name>OrbitOledRopAnd</name>
         <value>0x23b7</value>
         <object_component_ref idref="oc-2e1"/>
      </symbol>
      <symbol id="sm-441">
         <name>OrbitOledPutBmp</name>
         <value>0x211d</value>
         <object_component_ref idref="oc-2e1"/>
      </symbol>
      <symbol id="sm-442">
         <name>OrbitOledSetDrawMode</name>
         <value>0x1c55</value>
         <object_component_ref idref="oc-2e1"/>
      </symbol>
      <symbol id="sm-443">
         <name>OrbitOledClampXco</name>
         <value>0x24a9</value>
         <object_component_ref idref="oc-2e1"/>
      </symbol>
      <symbol id="sm-444">
         <name>OrbitOledSetFillPattern</name>
         <value>0x1c45</value>
         <object_component_ref idref="oc-2e1"/>
      </symbol>
      <symbol id="sm-445">
         <name>OrbitOledRopOr</name>
         <value>0x2393</value>
         <object_component_ref idref="oc-2e1"/>
      </symbol>
      <symbol id="sm-457">
         <name>DelayMs</name>
         <value>0x3a4b</value>
         <object_component_ref idref="oc-2f6"/>
      </symbol>
      <symbol id="sm-458">
         <name>DelayInit</name>
         <value>0x3a31</value>
         <object_component_ref idref="oc-2f6"/>
      </symbol>
      <symbol id="sm-469">
         <name>_c_int00</name>
         <value>0x3ae5</value>
         <object_component_ref idref="oc-24"/>
      </symbol>
      <symbol id="sm-46a">
         <name>__stack</name>
         <value>0x200005d8</value>
         <object_component_ref idref="oc-2a"/>
      </symbol>
      <symbol id="sm-488">
         <name>__TI_decompress_lzss</name>
         <value>0x3969</value>
         <object_component_ref idref="oc-12"/>
      </symbol>
      <symbol id="sm-49f">
         <name>__TI_decompress_none</name>
         <value>0x4141</value>
         <object_component_ref idref="oc-18"/>
      </symbol>
      <symbol id="sm-4b6">
         <name>__TI_zero_init</name>
         <value>0x417f</value>
         <object_component_ref idref="oc-1e"/>
      </symbol>
      <symbol id="sm-4d7">
         <name>C$$EXIT</name>
         <value>0x3b39</value>
         <object_component_ref idref="oc-72"/>
      </symbol>
      <symbol id="sm-4d8">
         <name>abort</name>
         <value>0x3b3d</value>
         <object_component_ref idref="oc-72"/>
      </symbol>
      <symbol id="sm-4d9">
         <name>exit</name>
         <value>0x3b45</value>
         <object_component_ref idref="oc-72"/>
      </symbol>
      <symbol id="sm-4da">
         <name>__TI_dtors_ptr</name>
         <value>0x20000a20</value>
         <object_component_ref idref="oc-b6"/>
      </symbol>
      <symbol id="sm-4db">
         <name>__TI_cleanup_ptr</name>
         <value>0x20000a1c</value>
         <object_component_ref idref="oc-b6"/>
      </symbol>
      <symbol id="sm-4dc">
         <name>__TI_enable_exit_profile_output</name>
         <value>0x20000a24</value>
         <object_component_ref idref="oc-b6"/>
      </symbol>
      <symbol id="sm-4f3">
         <name>__aeabi_dsub</name>
         <value>0x3079</value>
         <object_component_ref idref="oc-1b7"/>
      </symbol>
      <symbol id="sm-4f4">
         <name>__aeabi_dadd</name>
         <value>0x3083</value>
         <object_component_ref idref="oc-1b7"/>
      </symbol>
      <symbol id="sm-500">
         <name>__aeabi_d2f</name>
         <value>0x3891</value>
         <object_component_ref idref="oc-1bc"/>
      </symbol>
      <symbol id="sm-50b">
         <name>__aeabi_f2d</name>
         <value>0x3e49</value>
         <object_component_ref idref="oc-1b2"/>
      </symbol>
      <symbol id="sm-526">
         <name>memcpy</name>
         <value>0x361d</value>
         <object_component_ref idref="oc-42"/>
      </symbol>
      <symbol id="sm-527">
         <name>__aeabi_memcpy</name>
         <value>0x361d</value>
         <object_component_ref idref="oc-42"/>
      </symbol>
      <symbol id="sm-528">
         <name>__aeabi_memcpy8</name>
         <value>0x361d</value>
         <object_component_ref idref="oc-42"/>
      </symbol>
      <symbol id="sm-529">
         <name>__aeabi_memcpy4</name>
         <value>0x361d</value>
         <object_component_ref idref="oc-42"/>
      </symbol>
      <symbol id="sm-5a0">
         <name>_sys_memory</name>
         <value>0x200007d8</value>
         <object_component_ref idref="oc-2b"/>
      </symbol>
      <symbol id="sm-5a1">
         <name>free</name>
         <value>0x25f3</value>
         <object_component_ref idref="oc-1fc"/>
      </symbol>
      <symbol id="sm-5a2">
         <name>realloc</name>
         <value>0x26b3</value>
         <object_component_ref idref="oc-1fc"/>
      </symbol>
      <symbol id="sm-5a3">
         <name>memalign</name>
         <value>0x27bd</value>
         <object_component_ref idref="oc-1fc"/>
      </symbol>
      <symbol id="sm-5a4">
         <name>calloc</name>
         <value>0x28a9</value>
         <object_component_ref idref="oc-1fc"/>
      </symbol>
      <symbol id="sm-5a5">
         <name>malloc</name>
         <value>0x2589</value>
         <object_component_ref idref="oc-1fc"/>
      </symbol>
      <symbol id="sm-5a6">
         <name>minit</name>
         <value>0x2509</value>
         <object_component_ref idref="oc-1fc"/>
      </symbol>
      <symbol id="sm-5b5">
         <name>__aeabi_memset</name>
         <value>0x3735</value>
         <object_component_ref idref="oc-4e"/>
      </symbol>
      <symbol id="sm-5b6">
         <name>memset</name>
         <value>0x373b</value>
         <object_component_ref idref="oc-4e"/>
      </symbol>
      <symbol id="sm-5b7">
         <name>__aeabi_memset8</name>
         <value>0x3735</value>
         <object_component_ref idref="oc-4e"/>
      </symbol>
      <symbol id="sm-5b8">
         <name>__aeabi_memset4</name>
         <value>0x3735</value>
         <object_component_ref idref="oc-4e"/>
      </symbol>
      <symbol id="sm-5b9">
         <name>__aeabi_memclr8</name>
         <value>0x3733</value>
         <object_component_ref idref="oc-4e"/>
      </symbol>
      <symbol id="sm-5ba">
         <name>__aeabi_memclr4</name>
         <value>0x3733</value>
         <object_component_ref idref="oc-4e"/>
      </symbol>
      <symbol id="sm-5bb">
         <name>__aeabi_memclr</name>
         <value>0x3733</value>
         <object_component_ref idref="oc-4e"/>
      </symbol>
      <symbol id="sm-5c5">
         <name>__mpu_init</name>
         <value>0x3d0b</value>
         <object_component_ref idref="oc-5a"/>
      </symbol>
      <symbol id="sm-5cf">
         <name>_system_pre_init</name>
         <value>0x41f9</value>
         <object_component_ref idref="oc-60"/>
      </symbol>
      <symbol id="sm-5d7">
         <name>main_func_sp</name>
         <value>0x20000a3c</value>
         <object_component_ref idref="oc-78"/>
      </symbol>
      <symbol id="sm-5e6">
         <name>__aeabi_uidivmod</name>
         <value>0x3d95</value>
         <object_component_ref idref="oc-252"/>
      </symbol>
      <symbol id="sm-5e7">
         <name>__aeabi_uidiv</name>
         <value>0x3d95</value>
         <object_component_ref idref="oc-252"/>
      </symbol>
      <symbol id="sm-600">
         <name>_nop</name>
         <value>0x40cb</value>
         <object_component_ref idref="oc-1df"/>
      </symbol>
      <symbol id="sm-601">
         <name>_lock</name>
         <value>0x20000a34</value>
         <object_component_ref idref="oc-b9"/>
      </symbol>
      <symbol id="sm-602">
         <name>_unlock</name>
         <value>0x20000a38</value>
         <object_component_ref idref="oc-b9"/>
      </symbol>
      <symbol id="sm-603">
         <name>_register_lock</name>
         <value>0x40c3</value>
         <object_component_ref idref="oc-1df"/>
      </symbol>
      <symbol id="sm-604">
         <name>_register_unlock</name>
         <value>0x40bd</value>
         <object_component_ref idref="oc-1df"/>
      </symbol>
      <symbol id="sm-618">
         <name>_args_main</name>
         <value>0x4011</value>
         <object_component_ref idref="oc-6c"/>
      </symbol>
      <symbol id="sm-642">
         <name>__TI_auto_init</name>
         <value>0x3821</value>
         <object_component_ref idref="oc-66"/>
      </symbol>
      <symbol id="sm-65c">
         <name>copy_in</name>
         <value>0x3c79</value>
         <object_component_ref idref="oc-a0"/>
      </symbol>
      <symbol id="sm-666">
         <name>__aeabi_idiv0</name>
         <value>0x38ff</value>
         <object_component_ref idref="oc-346"/>
      </symbol>
      <symbol id="sm-670">
         <name>_system_post_cinit</name>
         <value>0x3f37</value>
         <object_component_ref idref="oc-a6"/>
      </symbol>
      <symbol id="sm-6ce">
         <name>ADCProcessorTrigger</name>
         <value>0x3fc9</value>
         <object_component_ref idref="oc-e3"/>
      </symbol>
      <symbol id="sm-6cf">
         <name>ADCSequenceEnable</name>
         <value>0x4125</value>
         <object_component_ref idref="oc-15b"/>
      </symbol>
      <symbol id="sm-6d0">
         <name>ADCSequenceConfigure</name>
         <value>0x3b8d</value>
         <object_component_ref idref="oc-14f"/>
      </symbol>
      <symbol id="sm-6d1">
         <name>ADCIntEnable</name>
         <value>0x40e3</value>
         <object_component_ref idref="oc-167"/>
      </symbol>
      <symbol id="sm-6d2">
         <name>ADCSequenceStepConfigure</name>
         <value>0x36b9</value>
         <object_component_ref idref="oc-155"/>
      </symbol>
      <symbol id="sm-6d3">
         <name>ADCIntClear</name>
         <value>0x4197</value>
         <object_component_ref idref="oc-fb"/>
      </symbol>
      <symbol id="sm-6d4">
         <name>ADCIntRegister</name>
         <value>0x3fb1</value>
         <object_component_ref idref="oc-161"/>
      </symbol>
      <symbol id="sm-6d5">
         <name>ADCSequenceDataGet</name>
         <value>0x3f59</value>
         <object_component_ref idref="oc-ef"/>
      </symbol>
      <symbol id="sm-777">
         <name>GPIOPinTypePWM</name>
         <value>0x403f</value>
         <object_component_ref idref="oc-131"/>
      </symbol>
      <symbol id="sm-778">
         <name>GPIOIntRegister</name>
         <value>0x3fe1</value>
         <object_component_ref idref="oc-179"/>
      </symbol>
      <symbol id="sm-779">
         <name>GPIOPinConfigure</name>
         <value>0x3c2d</value>
         <object_component_ref idref="oc-12b"/>
      </symbol>
      <symbol id="sm-77a">
         <name>GPIOIntEnable</name>
         <value>0x415b</value>
         <object_component_ref idref="oc-191"/>
      </symbol>
      <symbol id="sm-77b">
         <name>GPIOIntTypeSet</name>
         <value>0x3a8d</value>
         <object_component_ref idref="oc-18b"/>
      </symbol>
      <symbol id="sm-77c">
         <name>GPIOPinTypeGPIOInput</name>
         <value>0x4029</value>
         <object_component_ref idref="oc-17f"/>
      </symbol>
      <symbol id="sm-77d">
         <name>GPIOIntClear</name>
         <value>0x41db</value>
         <object_component_ref idref="oc-e9"/>
      </symbol>
      <symbol id="sm-77e">
         <name>GPIOPinTypeUART</name>
         <value>0x406b</value>
         <object_component_ref idref="oc-27a"/>
      </symbol>
      <symbol id="sm-77f">
         <name>GPIOPinTypeGPIOOutput</name>
         <value>0x3ff9</value>
         <object_component_ref idref="oc-31a"/>
      </symbol>
      <symbol id="sm-780">
         <name>GPIOPinRead</name>
         <value>0x41e1</value>
         <object_component_ref idref="oc-1ac"/>
      </symbol>
      <symbol id="sm-781">
         <name>GPIODirModeSet</name>
         <value>0x3ee9</value>
         <object_component_ref idref="oc-185"/>
      </symbol>
      <symbol id="sm-782">
         <name>GPIOPinWrite</name>
         <value>0x41e7</value>
         <object_component_ref idref="oc-314"/>
      </symbol>
      <symbol id="sm-783">
         <name>GPIOPadConfigSet</name>
         <value>0x322f</value>
         <object_component_ref idref="oc-21b"/>
      </symbol>
      <symbol id="sm-784">
         <name>GPIOPinTypeSSI</name>
         <value>0x4055</value>
         <object_component_ref idref="oc-2fc"/>
      </symbol>
      <symbol id="sm-7be">
         <name>IntEnable</name>
         <value>0x3901</value>
         <object_component_ref idref="oc-230"/>
      </symbol>
      <symbol id="sm-7bf">
         <name>IntRegister</name>
         <value>0x3e81</value>
         <object_component_ref idref="oc-20d"/>
      </symbol>
      <symbol id="sm-7c0">
         <name>g_pfnRAMVectors</name>
         <value>0x20000000</value>
         <object_component_ref idref="oc-2d2"/>
      </symbol>
      <symbol id="sm-7c1">
         <name>IntMasterEnable</name>
         <value>0x40f3</value>
         <object_component_ref idref="oc-1ce"/>
      </symbol>
      <symbol id="sm-7ee">
         <name>PWMGenPeriodSet</name>
         <value>0x4103</value>
         <object_component_ref idref="oc-13d"/>
      </symbol>
      <symbol id="sm-7ef">
         <name>PWMPulseWidthSet</name>
         <value>0x3f77</value>
         <object_component_ref idref="oc-1c1"/>
      </symbol>
      <symbol id="sm-7f0">
         <name>PWMOutputState</name>
         <value>0x40d1</value>
         <object_component_ref idref="oc-149"/>
      </symbol>
      <symbol id="sm-7f1">
         <name>PWMGenEnable</name>
         <value>0x4167</value>
         <object_component_ref idref="oc-143"/>
      </symbol>
      <symbol id="sm-7f2">
         <name>PWMGenConfigure</name>
         <value>0x3f15</value>
         <object_component_ref idref="oc-137"/>
      </symbol>
      <symbol id="sm-82a">
         <name>SSIDataPut</name>
         <value>0x41a1</value>
         <object_component_ref idref="oc-326"/>
      </symbol>
      <symbol id="sm-82b">
         <name>SSIDataGet</name>
         <value>0x4173</value>
         <object_component_ref idref="oc-32c"/>
      </symbol>
      <symbol id="sm-82c">
         <name>SSIConfigSetExpClk</name>
         <value>0x3dd5</value>
         <object_component_ref idref="oc-308"/>
      </symbol>
      <symbol id="sm-82d">
         <name>SSIEnable</name>
         <value>0x41ab</value>
         <object_component_ref idref="oc-30e"/>
      </symbol>
      <symbol id="sm-82e">
         <name>SSIClockSourceSet</name>
         <value>0x41ed</value>
         <object_component_ref idref="oc-302"/>
      </symbol>
      <symbol id="sm-82f">
         <name>SSIBusy</name>
         <value>0x41d3</value>
         <object_component_ref idref="oc-320"/>
      </symbol>
      <symbol id="sm-88b">
         <name>SysCtlClockSet</name>
         <value>0x3471</value>
         <object_component_ref idref="oc-101"/>
      </symbol>
      <symbol id="sm-88c">
         <name>SysCtlDelay</name>
         <value>0x41f3</value>
         <object_component_ref idref="oc-1cd"/>
      </symbol>
      <symbol id="sm-88d">
         <name>SysCtlPeripheralEnable</name>
         <value>0x3eb5</value>
         <object_component_ref idref="oc-125"/>
      </symbol>
      <symbol id="sm-88e">
         <name>SysCtlClockGet</name>
         <value>0x3361</value>
         <object_component_ref idref="oc-107"/>
      </symbol>
      <symbol id="sm-88f">
         <name>SysCtlPeripheralReady</name>
         <value>0x3e11</value>
         <object_component_ref idref="oc-173"/>
      </symbol>
      <symbol id="sm-8bc">
         <name>SysTickEnable</name>
         <value>0x4081</value>
         <object_component_ref idref="oc-11f"/>
      </symbol>
      <symbol id="sm-8bd">
         <name>SysTickIntRegister</name>
         <value>0x3f95</value>
         <object_component_ref idref="oc-113"/>
      </symbol>
      <symbol id="sm-8be">
         <name>SysTickIntEnable</name>
         <value>0x4095</value>
         <object_component_ref idref="oc-119"/>
      </symbol>
      <symbol id="sm-8bf">
         <name>SysTickPeriodSet</name>
         <value>0x4115</value>
         <object_component_ref idref="oc-10d"/>
      </symbol>
      <symbol id="sm-8e3">
         <name>TimerEnable</name>
         <value>0x4133</value>
         <object_component_ref idref="oc-38b"/>
      </symbol>
      <symbol id="sm-8e4">
         <name>TimerValueGet</name>
         <value>0x41b5</value>
         <object_component_ref idref="oc-391"/>
      </symbol>
      <symbol id="sm-8e5">
         <name>TimerConfigure</name>
         <value>0x39d1</value>
         <object_component_ref idref="oc-385"/>
      </symbol>
      <symbol id="sm-917">
         <name>UARTConfigSetExpClk</name>
         <value>0x3cc5</value>
         <object_component_ref idref="oc-280"/>
      </symbol>
      <symbol id="sm-918">
         <name>UARTDisable</name>
         <value>0x3f39</value>
         <object_component_ref idref="oc-359"/>
      </symbol>
      <symbol id="sm-919">
         <name>UARTCharPut</name>
         <value>0x41bf</value>
         <object_component_ref idref="oc-292"/>
      </symbol>
      <symbol id="sm-91a">
         <name>UARTEnable</name>
         <value>0x40a9</value>
         <object_component_ref idref="oc-28c"/>
      </symbol>
      <symbol id="sm-91b">
         <name>UARTFIFOEnable</name>
         <value>0x41c9</value>
         <object_component_ref idref="oc-286"/>
      </symbol>
      <symbol id="sm-925">
         <name>CPUcpsie</name>
         <value>0x414f</value>
         <object_component_ref idref="oc-2ad"/>
      </symbol>
      <symbol id="sm-926">
         <name>__TI_static_base__</name>
         <value>0x0</value>
      </symbol>
      <symbol id="sm-929">
         <name>SHT$$INIT_ARRAY$$Limit</name>
         <value>0x0</value>
      </symbol>
      <symbol id="sm-92a">
         <name>SHT$$INIT_ARRAY$$Base</name>
         <value>0x0</value>
      </symbol>
   </symbol_table>
   <title>Link successful</title>
</link_info>
