******************************************************************************
                  TI ARM Linker PC v16.9.9                     
******************************************************************************
>> Linked Thu May 02 15:24:04 2019

OUTPUT FILE NAME:   <Milestone1b.out>
ENTRY POINT SYMBOL: "_c_int00"  address: 00003ae5


MEMORY CONFIGURATION

         name            origin    length      used     unused   attr    fill
----------------------  --------  ---------  --------  --------  ----  --------
  FLASH                 00000000   00040000  000048b4  0003b74c  R  X
  SRAM                  20000000   00008000  00000a41  000075bf  RW X


SEGMENT ALLOCATION MAP

run origin  load origin   length   init length attrs members
----------  ----------- ---------- ----------- ----- -------
00000000    00000000    000048b8   000048b8    r-x
  00000000    00000000    0000026c   0000026c    r-- .intvecs
  0000026c    0000026c    00003f90   00003f90    r-x .text
  000041fc    000041fc    00000648   00000648    r-- .const
  00004848    00004848    00000070   00000070    r-- .cinit
20000000    20000000    00000a44   00000000    rw-
  20000000    20000000    0000026c   00000000    rw- .vtable
  2000026c    2000026c    00000369   00000000    rw- .bss
  200005d8    200005d8    00000200   00000000    rw- .stack
  200007d8    200007d8    00000200   00000000    rw- .sysmem
  200009d8    200009d8    0000006c   00000000    rw- .data


SECTION ALLOCATION MAP

 output                                  attributes/
section   page    origin      length       input sections
--------  ----  ----------  ----------   ----------------
.intvecs   0    00000000    0000026c     
                  00000000    0000026c     tm4c123gh6pm_startup_ccs.obj (.intvecs)

.text      0    0000026c    00003f90     
                  0000026c    00000cc8     main.obj (.text)
                  00000f34    00000c84     ustdlib.obj (.text)
                  00001bb8    00000950     OrbitOledGrph.obj (.text)
                  00002508    000003d0     rtsv7M4_T_le_v4SPD16_eabi.lib : memory.obj (.text)
                  000028d8    0000037c     OrbitOled.obj (.text)
                  00002c54    00000220     buttons4.obj (.text)
                  00002e74    00000204     OrbitOledChar.obj (.text)
                  00003078    000001b6     rtsv7M4_T_le_v4SPD16_eabi.lib : fd_add_t2.obj (.text)
                  0000322e    00000132     driverlib.lib : gpio.obj (.text:GPIOPadConfigSet)
                  00003360    00000110                   : sysctl.obj (.text:SysCtlClockGet)
                  00003470    000000f4                   : sysctl.obj (.text:SysCtlClockSet)
                  00003564    000000b8     circBufT.obj (.text)
                  0000361c    0000009c     rtsv7M4_T_le_v4SPD16_eabi.lib : memcpy_t2.obj (.text)
                  000036b8    0000007a     driverlib.lib : adc.obj (.text:ADCSequenceStepConfigure)
                  00003732    0000007a     rtsv7M4_T_le_v4SPD16_eabi.lib : memset_t2.obj (.text)
                  000037ac    00000074     uart.obj (.text)
                  00003820    00000070     rtsv7M4_T_le_v4SPD16_eabi.lib : autoinit.obj (.text)
                  00003890    0000006e                                   : fd_tos_t2.obj (.text)
                  000038fe    00000002                                   : i_div0.obj (.text)
                  00003900    00000068     driverlib.lib : interrupt.obj (.text:IntEnable)
                  00003968    00000068     rtsv7M4_T_le_v4SPD16_eabi.lib : copy_decompress_lzss.obj (.text:decompress:lzss)
                  000039d0    00000060     driverlib.lib : timer.obj (.text:TimerConfigure)
                  00003a30    0000005c     delay.obj (.text)
                  00003a8c    00000058     driverlib.lib : gpio.obj (.text:GPIOIntTypeSet)
                  00003ae4    00000054     rtsv7M4_T_le_v4SPD16_eabi.lib : boot.obj (.text)
                  00003b38    00000054                                   : exit.obj (.text)
                  00003b8c    00000050     driverlib.lib : adc.obj (.text:ADCSequenceConfigure)
                  00003bdc    00000050                   : adc.obj (.text:_ADCIntNumberGet)
                  00003c2c    0000004c                   : gpio.obj (.text:GPIOPinConfigure)
                  00003c78    0000004c     rtsv7M4_T_le_v4SPD16_eabi.lib : cpy_tbl.obj (.text)
                  00003cc4    00000046     driverlib.lib : uart.obj (.text:UARTConfigSetExpClk)
                  00003d0a    00000002     rtsv7M4_T_le_v4SPD16_eabi.lib : mpu_init.obj (.text)
                  00003d0c    00000044     OrbitOLEDInterface.obj (.text)
                  00003d50    00000044     driverlib.lib : gpio.obj (.text:_GPIOIntNumberGet)
                  00003d94    00000040     rtsv7M4_T_le_v4SPD16_eabi.lib : u_divt2.obj (.text)
                  00003dd4    0000003c     driverlib.lib : ssi.obj (.text:SSIConfigSetExpClk)
                  00003e10    00000038                   : sysctl.obj (.text:SysCtlPeripheralReady)
                  00003e48    00000038     rtsv7M4_T_le_v4SPD16_eabi.lib : fs_tod_t2.obj (.text)
                  00003e80    00000034     driverlib.lib : interrupt.obj (.text:IntRegister)
                  00003eb4    00000034                   : sysctl.obj (.text:SysCtlPeripheralEnable)
                  00003ee8    0000002c                   : gpio.obj (.text:GPIODirModeSet)
                  00003f14    00000022                   : pwm.obj (.text:PWMGenConfigure)
                  00003f36    00000002     rtsv7M4_T_le_v4SPD16_eabi.lib : startup.obj (.text)
                  00003f38    00000020     driverlib.lib : uart.obj (.text:UARTDisable)
                  00003f58    0000001e                   : adc.obj (.text:ADCSequenceDataGet)
                  00003f76    0000001e                   : pwm.obj (.text:PWMPulseWidthSet)
                  00003f94    0000001c                   : systick.obj (.text:SysTickIntRegister)
                  00003fb0    00000018                   : adc.obj (.text:ADCIntRegister)
                  00003fc8    00000018                   : adc.obj (.text:ADCProcessorTrigger)
                  00003fe0    00000018                   : gpio.obj (.text:GPIOIntRegister)
                  00003ff8    00000018                   : gpio.obj (.text:GPIOPinTypeGPIOOutput)
                  00004010    00000018     rtsv7M4_T_le_v4SPD16_eabi.lib : args_main.obj (.text)
                  00004028    00000016     driverlib.lib : gpio.obj (.text:GPIOPinTypeGPIOInput)
                  0000403e    00000016                   : gpio.obj (.text:GPIOPinTypePWM)
                  00004054    00000016                   : gpio.obj (.text:GPIOPinTypeSSI)
                  0000406a    00000016                   : gpio.obj (.text:GPIOPinTypeUART)
                  00004080    00000014                   : systick.obj (.text:SysTickEnable)
                  00004094    00000014                   : systick.obj (.text:SysTickIntEnable)
                  000040a8    00000014                   : uart.obj (.text:UARTEnable)
                  000040bc    00000014     rtsv7M4_T_le_v4SPD16_eabi.lib : _lock.obj (.text)
                  000040d0    00000012     driverlib.lib : pwm.obj (.text:PWMOutputState)
                  000040e2    00000010                   : adc.obj (.text:ADCIntEnable)
                  000040f2    00000010                   : interrupt.obj (.text:IntMasterEnable)
                  00004102    00000010                   : pwm.obj (.text:PWMGenPeriodSet)
                  00004112    00000002     --HOLE-- [fill = 0]
                  00004114    00000010                   : systick.obj (.text:SysTickPeriodSet)
                  00004124    0000000e                   : adc.obj (.text:ADCSequenceEnable)
                  00004132    0000000e                   : timer.obj (.text:TimerEnable)
                  00004140    0000000e     rtsv7M4_T_le_v4SPD16_eabi.lib : copy_decompress_none.obj (.text:decompress:none)
                  0000414e    0000000c     driverlib.lib : cpu.obj (.text:CPUcpsie)
                  0000415a    0000000c                   : gpio.obj (.text:GPIOIntEnable)
                  00004166    0000000c                   : pwm.obj (.text:PWMGenEnable)
                  00004172    0000000c                   : ssi.obj (.text:SSIDataGet)
                  0000417e    0000000c     rtsv7M4_T_le_v4SPD16_eabi.lib : copy_zero_init.obj (.text:decompress:ZI)
                  0000418a    0000000c     tm4c123gh6pm_startup_ccs.obj (.text)
                  00004196    0000000a     driverlib.lib : adc.obj (.text:ADCIntClear)
                  000041a0    0000000a                   : ssi.obj (.text:SSIDataPut)
                  000041aa    0000000a                   : ssi.obj (.text:SSIEnable)
                  000041b4    0000000a                   : timer.obj (.text:TimerValueGet)
                  000041be    0000000a                   : uart.obj (.text:UARTCharPut)
                  000041c8    0000000a                   : uart.obj (.text:UARTFIFOEnable)
                  000041d2    00000008                   : ssi.obj (.text:SSIBusy)
                  000041da    00000006                   : gpio.obj (.text:GPIOIntClear)
                  000041e0    00000006                   : gpio.obj (.text:GPIOPinRead)
                  000041e6    00000006                   : gpio.obj (.text:GPIOPinWrite)
                  000041ec    00000006                   : ssi.obj (.text:SSIClockSourceSet)
                  000041f2    00000006                   : sysctl.obj (.text:SysCtlDelay)
                  000041f8    00000004     rtsv7M4_T_le_v4SPD16_eabi.lib : pre_init.obj (.text)

.const     0    000041fc    00000648     
                  000041fc    00000300     ChrFont0.obj (.const:.string:rgbOledFont0)
                  000044fc    000000d8     driverlib.lib : gpio.obj (.const:g_ppui32GPIOIntMapSnowflake)
                  000045d4    000000c0                   : gpio.obj (.const:g_ppui32GPIOIntMapBlizzard)
                  00004694    00000090                   : gpio.obj (.const:g_pui32GPIOBaseAddrs)
                  00004724    0000006c                   : sysctl.obj (.const:g_pui32Xtals)
                  00004790    00000040     FillPat.obj (.const:.string:rgbFillPat)
                  000047d0    00000030     ustdlib.obj (.const:g_psDaysToMonth)
                  00004800    00000018     ustdlib.obj (.const:g_pfExponents)
                  00004818    00000014     driverlib.lib : interrupt.obj (.const:g_pui32EnRegs)
                  0000482c    00000012     ustdlib.obj (.const:.string)
                  0000483e    00000002     --HOLE-- [fill = 0]
                  00004840    00000004     ustdlib.obj (.const)

.cinit     0    00004848    00000070     
                  00004848    00000036     (.cinit..data.load) [load image, compression = lzss]
                  0000487e    00000002     --HOLE-- [fill = 0]
                  00004880    0000000c     (__TI_handler_table)
                  0000488c    00000004     --HOLE-- [fill = 0]
                  00004890    00000008     (.cinit..bss.load) [load image, compression = zero_init]
                  00004898    00000008     (.cinit..vtable.load) [load image, compression = zero_init]
                  000048a0    00000018     (__TI_cinit_table)

.init_array 
*          0    00000000    00000000     UNINITIALIZED

.vtable    0    20000000    0000026c     UNINITIALIZED
                  20000000    0000026c     driverlib.lib : interrupt.obj (.vtable)

.bss       0    2000026c    00000369     UNINITIALIZED
                  2000026c    00000200     (.common:rgbOledBmp)
                  2000046c    00000100     (.common:rgbOledFontUser)
                  2000056c    00000010     main.obj (.bss:g_inBuffer)
                  2000057c    00000008     main.obj (.bss)
                  20000584    00000004     buttons4.obj (.bss:but_count)
                  20000588    00000004     buttons4.obj (.bss:but_flag)
                  2000058c    00000004     buttons4.obj (.bss:but_normal)
                  20000590    00000004     buttons4.obj (.bss:but_state)
                  20000594    00000004     (.common:bnOledCur)
                  20000598    00000004     (.common:dxcoOledFontCur)
                  2000059c    00000004     (.common:dycoOledFontCur)
                  200005a0    00000004     (.common:fOledCharUpdate)
                  200005a4    00000004     (.common:modOledCur)
                  200005a8    00000004     (.common:pbOledCur)
                  200005ac    00000004     (.common:pbOledFontCur)
                  200005b0    00000004     (.common:pbOledFontUser)
                  200005b4    00000004     (.common:pbOledPatCur)
                  200005b8    00000004     (.common:pfnDoRop)
                  200005bc    00000004     (.common:xchOledCur)
                  200005c0    00000004     (.common:xchOledMax)
                  200005c4    00000004     (.common:xcoOledCur)
                  200005c8    00000004     (.common:ychOledCur)
                  200005cc    00000004     (.common:ychOledMax)
                  200005d0    00000004     (.common:ycoOledCur)
                  200005d4    00000001     (.common:clrOledCur)

.stack     0    200005d8    00000200     UNINITIALIZED
                  200005d8    00000200     --HOLE--

.sysmem    0    200007d8    00000200     UNINITIALIZED
                  200007d8    00000008     rtsv7M4_T_le_v4SPD16_eabi.lib : memory.obj (.sysmem)
                  200007e0    000001f8     --HOLE--

.data      0    200009d8    0000006c     UNINITIALIZED
                  200009d8    00000044     main.obj (.data)
                  20000a1c    0000000c     rtsv7M4_T_le_v4SPD16_eabi.lib : exit.obj (.data:$O1$$)
                  20000a28    0000000c                                   : memory.obj (.data:$O1$$)
                  20000a34    00000008                                   : _lock.obj (.data:$O1$$)
                  20000a3c    00000004                                   : stkdepth_vars.obj (.data)
                  20000a40    00000004     ustdlib.obj (.data)

MODULE SUMMARY

       Module                         code    ro data   rw data
       ------                         ----    -------   -------
    .\
       main.obj                       3272    0         92     
       ustdlib.obj                    3204    94        4      
       tm4c123gh6pm_startup_ccs.obj   12      620       0      
       buttons4.obj                   544     0         16     
       circBufT.obj                   184     0         0      
       uart.obj                       116     0         0      
    +--+------------------------------+-------+---------+---------+
       Total:                         7332    714       112    
                                                               
    .\OrbitOLED\
       OrbitOLEDInterface.obj         68      0         0      
    +--+------------------------------+-------+---------+---------+
       Total:                         68      0         0      
                                                               
    .\OrbitOLED\lib_OrbitOled\
       OrbitOledGrph.obj              2384    0         8      
       OrbitOled.obj                  892     0         553    
       OrbitOledChar.obj              516     0         272    
       ChrFont0.obj                   0       768       0      
       delay.obj                      92      0         0      
       FillPat.obj                    0       64        0      
    +--+------------------------------+-------+---------+---------+
       Total:                         3884    832       833    
                                                               
    C:/ti/TivaWare_C_Series-2.1.4.178/driverlib/ccs/Debug/driverlib.lib
       gpio.obj                       748     552       0      
       interrupt.obj                  172     20        620    
       sysctl.obj                     630     108       0      
       adc.obj                        400     0         0      
       uart.obj                       142     0         0      
       timer.obj                      120     0         0      
       pwm.obj                        110     0         0      
       ssi.obj                        106     0         0      
       systick.obj                    84      0         0      
       cpu.obj                        12      0         0      
    +--+------------------------------+-------+---------+---------+
       Total:                         2524    680       620    
                                                               
    C:\ti\ccsv7\tools\compiler\ti-cgt-arm_16.9.9.LTS\lib\rtsv7M4_T_le_v4SPD16_eabi.lib
       memory.obj                     976     0         12     
       fd_add_t2.obj                  438     0         0      
       memcpy_t2.obj                  156     0         0      
       memset_t2.obj                  122     0         0      
       autoinit.obj                   112     0         0      
       fd_tos_t2.obj                  110     0         0      
       copy_decompress_lzss.obj       104     0         0      
       exit.obj                       84      0         12     
       boot.obj                       84      0         0      
       cpy_tbl.obj                    76      0         0      
       u_divt2.obj                    64      0         0      
       fs_tod_t2.obj                  56      0         0      
       _lock.obj                      20      0         8      
       args_main.obj                  24      0         0      
       copy_decompress_none.obj       14      0         0      
       copy_zero_init.obj             12      0         0      
       pre_init.obj                   4       0         0      
       stkdepth_vars.obj              0       0         4      
       i_div0.obj                     2       0         0      
       mpu_init.obj                   2       0         0      
       startup.obj                    2       0         0      
    +--+------------------------------+-------+---------+---------+
       Total:                         2462    0         36     
                                                               
       Heap:                          0       0         512    
       Stack:                         0       0         512    
       Linker Generated:              0       106       0      
    +--+------------------------------+-------+---------+---------+
       Grand Total:                   16270   2332      2625   


LINKER GENERATED COPY TABLES

__TI_cinit_table @ 000048a0 records: 3, size/record: 8, table size: 24
	.data: load addr=00004848, load size=00000036 bytes, run addr=200009d8, run size=0000006c bytes, compression=lzss
	.bss: load addr=00004890, load size=00000008 bytes, run addr=2000026c, run size=00000369 bytes, compression=zero_init
	.vtable: load addr=00004898, load size=00000008 bytes, run addr=20000000, run size=0000026c bytes, compression=zero_init


LINKER GENERATED HANDLER TABLE

__TI_handler_table @ 00004880 records: 3, size/record: 4, table size: 12
	index: 0, handler: __TI_zero_init
	index: 1, handler: __TI_decompress_lzss
	index: 2, handler: __TI_decompress_none


GLOBAL SYMBOLS: SORTED ALPHABETICALLY BY Name 

address   name                           
-------   ----                           
00004197  ADCIntClear                    
000040e3  ADCIntEnable                   
000002a7  ADCIntHandler                  
00003fb1  ADCIntRegister                 
00003fc9  ADCProcessorTrigger            
00003b8d  ADCSequenceConfigure           
00003f59  ADCSequenceDataGet             
00004125  ADCSequenceEnable              
000036b9  ADCSequenceStepConfigure       
00003b39  C$$EXIT                        
0000414f  CPUcpsie                       
00003a31  DelayInit                      
00003a4b  DelayMs                        
00003ee9  GPIODirModeSet                 
000041db  GPIOIntClear                   
0000415b  GPIOIntEnable                  
00003fe1  GPIOIntRegister                
00003a8d  GPIOIntTypeSet                 
0000322f  GPIOPadConfigSet               
00003c2d  GPIOPinConfigure               
000041e1  GPIOPinRead                    
00004029  GPIOPinTypeGPIOInput           
00003ff9  GPIOPinTypeGPIOOutput          
0000403f  GPIOPinTypePWM                 
00004055  GPIOPinTypeSSI                 
0000406b  GPIOPinTypeUART                
000041e7  GPIOPinWrite                   
00003901  IntEnable                      
000040f3  IntMasterEnable                
00003e81  IntRegister                    
00003d33  OLEDInitialise                 
00003d0d  OLEDStringDraw                 
0000300d  OrbitOledAdvanceCursor         
000024a9  OrbitOledClampXco              
000024c9  OrbitOledClampYco              
00002ab5  OrbitOledClear                 
00002ac1  OrbitOledClearBuffer           
00002edd  OrbitOledDefUserChar           
00002a31  OrbitOledDevInit               
000022eb  OrbitOledDrawChar              
00002f95  OrbitOledDrawGlyph             
00001caf  OrbitOledDrawPixel             
00001df5  OrbitOledDrawRect              
0000234b  OrbitOledDrawString            
000029b7  OrbitOledDvrInit               
00001e79  OrbitOledFillRect              
00001fbd  OrbitOledGetBmp                
00002f45  OrbitOledGetCharUpdate         
00002ec1  OrbitOledGetCursor             
00001ca9  OrbitOledGetDrawMode           
00001cdb  OrbitOledGetPixel              
00001bff  OrbitOledGetPos                
00001c33  OrbitOledGetStdPattern         
000028ed  OrbitOledHostInit              
000028d9  OrbitOledInit                  
00001cf5  OrbitOledLineTo                
00002441  OrbitOledMoveDown              
00002477  OrbitOledMoveLeft              
0000248f  OrbitOledMoveRight             
00001bb9  OrbitOledMoveTo                
00002409  OrbitOledMoveUp                
0000211d  OrbitOledPutBmp                
00002b4b  OrbitOledPutBuffer             
00002f4b  OrbitOledPutChar               
00002f69  OrbitOledPutString             
000023b7  OrbitOledRopAnd                
00002393  OrbitOledRopOr                 
00002369  OrbitOledRopSet                
000023db  OrbitOledRopXor                
00002f2d  OrbitOledSetCharUpdate         
00002e75  OrbitOledSetCursor             
00001c1b  OrbitOledSetDrawColor          
00001c55  OrbitOledSetDrawMode           
00001c45  OrbitOledSetFillPattern        
00002af1  OrbitOledUpdate                
00003f15  PWMGenConfigure                
00004167  PWMGenEnable                   
00004103  PWMGenPeriodSet                
000040d1  PWMOutputState                 
00003f77  PWMPulseWidthSet               
0000418b  ResetISR                       
UNDEFED   SHT$$INIT_ARRAY$$Base          
UNDEFED   SHT$$INIT_ARRAY$$Limit         
000041d3  SSIBusy                        
000041ed  SSIClockSourceSet              
00003dd5  SSIConfigSetExpClk             
00004173  SSIDataGet                     
000041a1  SSIDataPut                     
000041ab  SSIEnable                      
00002bb1  Ssi3PutByte                    
00003361  SysCtlClockGet                 
00003471  SysCtlClockSet                 
000041f3  SysCtlDelay                    
00003eb5  SysCtlPeripheralEnable         
00003e11  SysCtlPeripheralReady          
00004081  SysTickEnable                  
00004095  SysTickIntEnable               
0000026d  SysTickIntHandler              
00003f95  SysTickIntRegister             
00004115  SysTickPeriodSet               
000039d1  TimerConfigure                 
00004133  TimerEnable                    
000041b5  TimerValueGet                  
000041bf  UARTCharPut                    
00003cc5  UARTConfigSetExpClk            
00003f39  UARTDisable                    
000040a9  UARTEnable                     
000041c9  UARTFIFOEnable                 
000037f3  UARTSend                       
200007d8  __STACK_END                    
00000200  __STACK_SIZE                   
200007d8  __STACK_TOP                    
00000200  __SYSMEM_SIZE                  
000048a0  __TI_CINIT_Base                
000048b8  __TI_CINIT_Limit               
00004880  __TI_Handler_Table_Base        
0000488c  __TI_Handler_Table_Limit       
00003821  __TI_auto_init                 
20000a1c  __TI_cleanup_ptr               
00003969  __TI_decompress_lzss           
00004141  __TI_decompress_none           
20000a20  __TI_dtors_ptr                 
20000a24  __TI_enable_exit_profile_output
ffffffff  __TI_pprof_out_hndl            
ffffffff  __TI_prof_data_size            
ffffffff  __TI_prof_data_start           
00000000  __TI_static_base__             
0000417f  __TI_zero_init                 
00003891  __aeabi_d2f                    
00003083  __aeabi_dadd                   
00003079  __aeabi_dsub                   
00003e49  __aeabi_f2d                    
000038ff  __aeabi_idiv0                  
00003733  __aeabi_memclr                 
00003733  __aeabi_memclr4                
00003733  __aeabi_memclr8                
0000361d  __aeabi_memcpy                 
0000361d  __aeabi_memcpy4                
0000361d  __aeabi_memcpy8                
00003735  __aeabi_memset                 
00003735  __aeabi_memset4                
00003735  __aeabi_memset8                
00003d95  __aeabi_uidiv                  
00003d95  __aeabi_uidivmod               
ffffffff  __binit__                      
ffffffff  __c_args__                     
00003d0b  __mpu_init                     
200005d8  __stack                        
00004011  _args_main                     
00003ae5  _c_int00                       
20000a34  _lock                          
000040cb  _nop                           
000040c3  _register_lock                 
000040bd  _register_unlock               
200007d8  _sys_memory                    
00003f37  _system_post_cinit             
000041f9  _system_pre_init               
20000a38  _unlock                        
00003b3d  abort                          
ffffffff  binit                          
20000594  bnOledCur                      
000028a9  calloc                         
00002df7  checkButton                    
000009a1  checkInput                     
200005d4  clrOledCur                     
00000a75  control                        
00003c79  copy_in                        
00000477  display                        
20000598  dxcoOledFontCur                
2000059c  dycoOledFontCur                
00003b45  exit                           
200005a0  fOledCharUpdate                
000025f3  free                           
000035f7  freeCircBuf                    
20000000  g_pfnRAMVectors                
00000000  g_pfnVectors                   
200009fc  heliState                      
00000387  initADC                        
00002c55  initButtons                    
00003565  initCircBuf                    
000002c5  initClock                      
000003c3  initDisplay                    
0000042d  initSwInt                      
000003cb  initYaw                        
000002ed  initialisePWM                  
000037ad  initialiseUSB_UART             
00000cd5  main                           
20000a3c  main_func_sp                   
00002589  malloc                         
000027bd  memalign                       
0000361d  memcpy                         
0000373b  memset                         
00002509  minit                          
200005a4  modOledCur                     
200005a8  pbOledCur                      
200005ac  pbOledFontCur                  
200005b0  pbOledFontUser                 
200005b4  pbOledPatCur                   
200005b8  pfnDoRop                       
00000551  printStatus                    
000035c3  readCircBuf                    
000026b3  realloc                        
00004790  rgbFillPat                     
2000026c  rgbOledBmp                     
000041fc  rgbOledFont0                   
2000046c  rgbOledFontUser                
0000093b  setDutyCycle                   
00000293  swIntHandler                   
00001419  ulocaltime                     
00001617  umktime                        
00002d23  updateButtons                  
00000729  update_yaw                     
00001b91  urand                          
000013e9  usnprintf                      
000013b7  usprintf                       
00001b81  usrand                         
00001af9  ustrcasecmp                    
00001b6d  ustrcmp                        
000019fd  ustrlen                        
00001a55  ustrncasecmp                   
00001b0d  ustrncmp                       
00000f35  ustrncpy                       
00001a1f  ustrstr                        
000017c5  ustrtof                        
0000168d  ustrtoul                       
00000f8d  uvsnprintf                     
0000358f  writeCircBuf                   
200005bc  xchOledCur                     
200005c0  xchOledMax                     
200005c4  xcoOledCur                     
00000281  yawIntHandler                  
200005c8  ychOledCur                     
200005cc  ychOledMax                     
200005d0  ycoOledCur                     


GLOBAL SYMBOLS: SORTED BY Symbol Address 

address   name                           
-------   ----                           
00000000  __TI_static_base__             
00000000  g_pfnVectors                   
00000200  __STACK_SIZE                   
00000200  __SYSMEM_SIZE                  
0000026d  SysTickIntHandler              
00000281  yawIntHandler                  
00000293  swIntHandler                   
000002a7  ADCIntHandler                  
000002c5  initClock                      
000002ed  initialisePWM                  
00000387  initADC                        
000003c3  initDisplay                    
000003cb  initYaw                        
0000042d  initSwInt                      
00000477  display                        
00000551  printStatus                    
00000729  update_yaw                     
0000093b  setDutyCycle                   
000009a1  checkInput                     
00000a75  control                        
00000cd5  main                           
00000f35  ustrncpy                       
00000f8d  uvsnprintf                     
000013b7  usprintf                       
000013e9  usnprintf                      
00001419  ulocaltime                     
00001617  umktime                        
0000168d  ustrtoul                       
000017c5  ustrtof                        
000019fd  ustrlen                        
00001a1f  ustrstr                        
00001a55  ustrncasecmp                   
00001af9  ustrcasecmp                    
00001b0d  ustrncmp                       
00001b6d  ustrcmp                        
00001b81  usrand                         
00001b91  urand                          
00001bb9  OrbitOledMoveTo                
00001bff  OrbitOledGetPos                
00001c1b  OrbitOledSetDrawColor          
00001c33  OrbitOledGetStdPattern         
00001c45  OrbitOledSetFillPattern        
00001c55  OrbitOledSetDrawMode           
00001ca9  OrbitOledGetDrawMode           
00001caf  OrbitOledDrawPixel             
00001cdb  OrbitOledGetPixel              
00001cf5  OrbitOledLineTo                
00001df5  OrbitOledDrawRect              
00001e79  OrbitOledFillRect              
00001fbd  OrbitOledGetBmp                
0000211d  OrbitOledPutBmp                
000022eb  OrbitOledDrawChar              
0000234b  OrbitOledDrawString            
00002369  OrbitOledRopSet                
00002393  OrbitOledRopOr                 
000023b7  OrbitOledRopAnd                
000023db  OrbitOledRopXor                
00002409  OrbitOledMoveUp                
00002441  OrbitOledMoveDown              
00002477  OrbitOledMoveLeft              
0000248f  OrbitOledMoveRight             
000024a9  OrbitOledClampXco              
000024c9  OrbitOledClampYco              
00002509  minit                          
00002589  malloc                         
000025f3  free                           
000026b3  realloc                        
000027bd  memalign                       
000028a9  calloc                         
000028d9  OrbitOledInit                  
000028ed  OrbitOledHostInit              
000029b7  OrbitOledDvrInit               
00002a31  OrbitOledDevInit               
00002ab5  OrbitOledClear                 
00002ac1  OrbitOledClearBuffer           
00002af1  OrbitOledUpdate                
00002b4b  OrbitOledPutBuffer             
00002bb1  Ssi3PutByte                    
00002c55  initButtons                    
00002d23  updateButtons                  
00002df7  checkButton                    
00002e75  OrbitOledSetCursor             
00002ec1  OrbitOledGetCursor             
00002edd  OrbitOledDefUserChar           
00002f2d  OrbitOledSetCharUpdate         
00002f45  OrbitOledGetCharUpdate         
00002f4b  OrbitOledPutChar               
00002f69  OrbitOledPutString             
00002f95  OrbitOledDrawGlyph             
0000300d  OrbitOledAdvanceCursor         
00003079  __aeabi_dsub                   
00003083  __aeabi_dadd                   
0000322f  GPIOPadConfigSet               
00003361  SysCtlClockGet                 
00003471  SysCtlClockSet                 
00003565  initCircBuf                    
0000358f  writeCircBuf                   
000035c3  readCircBuf                    
000035f7  freeCircBuf                    
0000361d  __aeabi_memcpy                 
0000361d  __aeabi_memcpy4                
0000361d  __aeabi_memcpy8                
0000361d  memcpy                         
000036b9  ADCSequenceStepConfigure       
00003733  __aeabi_memclr                 
00003733  __aeabi_memclr4                
00003733  __aeabi_memclr8                
00003735  __aeabi_memset                 
00003735  __aeabi_memset4                
00003735  __aeabi_memset8                
0000373b  memset                         
000037ad  initialiseUSB_UART             
000037f3  UARTSend                       
00003821  __TI_auto_init                 
00003891  __aeabi_d2f                    
000038ff  __aeabi_idiv0                  
00003901  IntEnable                      
00003969  __TI_decompress_lzss           
000039d1  TimerConfigure                 
00003a31  DelayInit                      
00003a4b  DelayMs                        
00003a8d  GPIOIntTypeSet                 
00003ae5  _c_int00                       
00003b39  C$$EXIT                        
00003b3d  abort                          
00003b45  exit                           
00003b8d  ADCSequenceConfigure           
00003c2d  GPIOPinConfigure               
00003c79  copy_in                        
00003cc5  UARTConfigSetExpClk            
00003d0b  __mpu_init                     
00003d0d  OLEDStringDraw                 
00003d33  OLEDInitialise                 
00003d95  __aeabi_uidiv                  
00003d95  __aeabi_uidivmod               
00003dd5  SSIConfigSetExpClk             
00003e11  SysCtlPeripheralReady          
00003e49  __aeabi_f2d                    
00003e81  IntRegister                    
00003eb5  SysCtlPeripheralEnable         
00003ee9  GPIODirModeSet                 
00003f15  PWMGenConfigure                
00003f37  _system_post_cinit             
00003f39  UARTDisable                    
00003f59  ADCSequenceDataGet             
00003f77  PWMPulseWidthSet               
00003f95  SysTickIntRegister             
00003fb1  ADCIntRegister                 
00003fc9  ADCProcessorTrigger            
00003fe1  GPIOIntRegister                
00003ff9  GPIOPinTypeGPIOOutput          
00004011  _args_main                     
00004029  GPIOPinTypeGPIOInput           
0000403f  GPIOPinTypePWM                 
00004055  GPIOPinTypeSSI                 
0000406b  GPIOPinTypeUART                
00004081  SysTickEnable                  
00004095  SysTickIntEnable               
000040a9  UARTEnable                     
000040bd  _register_unlock               
000040c3  _register_lock                 
000040cb  _nop                           
000040d1  PWMOutputState                 
000040e3  ADCIntEnable                   
000040f3  IntMasterEnable                
00004103  PWMGenPeriodSet                
00004115  SysTickPeriodSet               
00004125  ADCSequenceEnable              
00004133  TimerEnable                    
00004141  __TI_decompress_none           
0000414f  CPUcpsie                       
0000415b  GPIOIntEnable                  
00004167  PWMGenEnable                   
00004173  SSIDataGet                     
0000417f  __TI_zero_init                 
0000418b  ResetISR                       
00004197  ADCIntClear                    
000041a1  SSIDataPut                     
000041ab  SSIEnable                      
000041b5  TimerValueGet                  
000041bf  UARTCharPut                    
000041c9  UARTFIFOEnable                 
000041d3  SSIBusy                        
000041db  GPIOIntClear                   
000041e1  GPIOPinRead                    
000041e7  GPIOPinWrite                   
000041ed  SSIClockSourceSet              
000041f3  SysCtlDelay                    
000041f9  _system_pre_init               
000041fc  rgbOledFont0                   
00004790  rgbFillPat                     
00004880  __TI_Handler_Table_Base        
0000488c  __TI_Handler_Table_Limit       
000048a0  __TI_CINIT_Base                
000048b8  __TI_CINIT_Limit               
20000000  g_pfnRAMVectors                
2000026c  rgbOledBmp                     
2000046c  rgbOledFontUser                
20000594  bnOledCur                      
20000598  dxcoOledFontCur                
2000059c  dycoOledFontCur                
200005a0  fOledCharUpdate                
200005a4  modOledCur                     
200005a8  pbOledCur                      
200005ac  pbOledFontCur                  
200005b0  pbOledFontUser                 
200005b4  pbOledPatCur                   
200005b8  pfnDoRop                       
200005bc  xchOledCur                     
200005c0  xchOledMax                     
200005c4  xcoOledCur                     
200005c8  ychOledCur                     
200005cc  ychOledMax                     
200005d0  ycoOledCur                     
200005d4  clrOledCur                     
200005d8  __stack                        
200007d8  __STACK_END                    
200007d8  __STACK_TOP                    
200007d8  _sys_memory                    
200009fc  heliState                      
20000a1c  __TI_cleanup_ptr               
20000a20  __TI_dtors_ptr                 
20000a24  __TI_enable_exit_profile_output
20000a34  _lock                          
20000a38  _unlock                        
20000a3c  main_func_sp                   
ffffffff  __TI_pprof_out_hndl            
ffffffff  __TI_prof_data_size            
ffffffff  __TI_prof_data_start           
ffffffff  __binit__                      
ffffffff  __c_args__                     
ffffffff  binit                          
UNDEFED   SHT$$INIT_ARRAY$$Base          
UNDEFED   SHT$$INIT_ARRAY$$Limit         

[234 symbols]
