******************************************************************************
                  TI ARM Linker PC v16.9.9                     
******************************************************************************
>> Linked Tue Apr 30 09:03:52 2019

OUTPUT FILE NAME:   <tue_am_group-10.out>
ENTRY POINT SYMBOL: "_c_int00"  address: 00003909


MEMORY CONFIGURATION

         name            origin    length      used     unused   attr    fill
----------------------  --------  ---------  --------  --------  ----  --------
  FLASH                 00000000   00040000  000046c8  0003b938  R  X
  SRAM                  20000000   00008000  00000a25  000075db  RW X


SEGMENT ALLOCATION MAP

run origin  load origin   length   init length attrs members
----------  ----------- ---------- ----------- ----- -------
00000000    00000000    000046c8   000046c8    r-x
  00000000    00000000    0000026c   0000026c    r-- .intvecs
  0000026c    0000026c    00003db4   00003db4    r-x .text
  00004020    00004020    00000648   00000648    r-- .const
  00004668    00004668    00000060   00000060    r-- .cinit
20000000    20000000    00000a28   00000000    rw-
  20000000    20000000    0000026c   00000000    rw- .vtable
  2000026c    2000026c    00000369   00000000    rw- .bss
  200005d8    200005d8    00000200   00000000    rw- .stack
  200007d8    200007d8    00000200   00000000    rw- .sysmem
  200009d8    200009d8    00000050   00000000    rw- .data


SECTION ALLOCATION MAP

 output                                  attributes/
section   page    origin      length       input sections
--------  ----  ----------  ----------   ----------------
.intvecs   0    00000000    0000026c     
                  00000000    0000026c     tm4c123gh6pm_startup_ccs.obj (.intvecs)

.text      0    0000026c    00003db4     
                  0000026c    00000c84     ustdlib.obj (.text)
                  00000ef0    00000aec     main.obj (.text)
                  000019dc    00000950     OrbitOledGrph.obj (.text)
                  0000232c    000003d0     rtsv7M4_T_le_v4SPD16_eabi.lib : memory.obj (.text)
                  000026fc    0000037c     OrbitOled.obj (.text)
                  00002a78    00000220     buttons4.obj (.text)
                  00002c98    00000204     OrbitOledChar.obj (.text)
                  00002e9c    000001b6     rtsv7M4_T_le_v4SPD16_eabi.lib : fd_add_t2.obj (.text)
                  00003052    00000132     driverlib.lib : gpio.obj (.text:GPIOPadConfigSet)
                  00003184    00000110                   : sysctl.obj (.text:SysCtlClockGet)
                  00003294    000000f4                   : sysctl.obj (.text:SysCtlClockSet)
                  00003388    000000b8     circBufT.obj (.text)
                  00003440    0000009c     rtsv7M4_T_le_v4SPD16_eabi.lib : memcpy_t2.obj (.text)
                  000034dc    0000007a     driverlib.lib : adc.obj (.text:ADCSequenceStepConfigure)
                  00003556    0000007a     rtsv7M4_T_le_v4SPD16_eabi.lib : memset_t2.obj (.text)
                  000035d0    00000074     uart.obj (.text)
                  00003644    00000070     rtsv7M4_T_le_v4SPD16_eabi.lib : autoinit.obj (.text)
                  000036b4    0000006e                                   : fd_tos_t2.obj (.text)
                  00003722    00000002                                   : i_div0.obj (.text)
                  00003724    00000068     driverlib.lib : interrupt.obj (.text:IntEnable)
                  0000378c    00000068     rtsv7M4_T_le_v4SPD16_eabi.lib : copy_decompress_lzss.obj (.text:decompress:lzss)
                  000037f4    00000060     driverlib.lib : timer.obj (.text:TimerConfigure)
                  00003854    0000005c     delay.obj (.text)
                  000038b0    00000058     driverlib.lib : gpio.obj (.text:GPIOIntTypeSet)
                  00003908    00000054     rtsv7M4_T_le_v4SPD16_eabi.lib : boot.obj (.text)
                  0000395c    00000054                                   : exit.obj (.text)
                  000039b0    00000050     driverlib.lib : adc.obj (.text:ADCSequenceConfigure)
                  00003a00    00000050                   : adc.obj (.text:_ADCIntNumberGet)
                  00003a50    0000004c                   : gpio.obj (.text:GPIOPinConfigure)
                  00003a9c    0000004c     rtsv7M4_T_le_v4SPD16_eabi.lib : cpy_tbl.obj (.text)
                  00003ae8    00000046     driverlib.lib : uart.obj (.text:UARTConfigSetExpClk)
                  00003b2e    00000002     rtsv7M4_T_le_v4SPD16_eabi.lib : mpu_init.obj (.text)
                  00003b30    00000044     OrbitOLEDInterface.obj (.text)
                  00003b74    00000044     driverlib.lib : gpio.obj (.text:_GPIOIntNumberGet)
                  00003bb8    00000040     rtsv7M4_T_le_v4SPD16_eabi.lib : u_divt2.obj (.text)
                  00003bf8    0000003c     driverlib.lib : ssi.obj (.text:SSIConfigSetExpClk)
                  00003c34    00000038                   : sysctl.obj (.text:SysCtlPeripheralReady)
                  00003c6c    00000038     rtsv7M4_T_le_v4SPD16_eabi.lib : fs_tod_t2.obj (.text)
                  00003ca4    00000034     driverlib.lib : interrupt.obj (.text:IntRegister)
                  00003cd8    00000034                   : sysctl.obj (.text:SysCtlPeripheralEnable)
                  00003d0c    0000002c                   : gpio.obj (.text:GPIODirModeSet)
                  00003d38    00000022                   : pwm.obj (.text:PWMGenConfigure)
                  00003d5a    00000002     rtsv7M4_T_le_v4SPD16_eabi.lib : startup.obj (.text)
                  00003d5c    00000020     driverlib.lib : uart.obj (.text:UARTDisable)
                  00003d7c    0000001e                   : adc.obj (.text:ADCSequenceDataGet)
                  00003d9a    0000001e                   : pwm.obj (.text:PWMPulseWidthSet)
                  00003db8    0000001c                   : systick.obj (.text:SysTickIntRegister)
                  00003dd4    00000018                   : adc.obj (.text:ADCIntRegister)
                  00003dec    00000018                   : adc.obj (.text:ADCProcessorTrigger)
                  00003e04    00000018                   : gpio.obj (.text:GPIOIntRegister)
                  00003e1c    00000018                   : gpio.obj (.text:GPIOPinTypeGPIOOutput)
                  00003e34    00000018     rtsv7M4_T_le_v4SPD16_eabi.lib : args_main.obj (.text)
                  00003e4c    00000016     driverlib.lib : gpio.obj (.text:GPIOPinTypeGPIOInput)
                  00003e62    00000016                   : gpio.obj (.text:GPIOPinTypePWM)
                  00003e78    00000016                   : gpio.obj (.text:GPIOPinTypeSSI)
                  00003e8e    00000016                   : gpio.obj (.text:GPIOPinTypeUART)
                  00003ea4    00000014                   : systick.obj (.text:SysTickEnable)
                  00003eb8    00000014                   : systick.obj (.text:SysTickIntEnable)
                  00003ecc    00000014                   : uart.obj (.text:UARTEnable)
                  00003ee0    00000014     rtsv7M4_T_le_v4SPD16_eabi.lib : _lock.obj (.text)
                  00003ef4    00000012     driverlib.lib : pwm.obj (.text:PWMOutputState)
                  00003f06    00000010                   : adc.obj (.text:ADCIntEnable)
                  00003f16    00000010                   : interrupt.obj (.text:IntMasterEnable)
                  00003f26    00000010                   : pwm.obj (.text:PWMGenPeriodSet)
                  00003f36    00000002     --HOLE-- [fill = 0]
                  00003f38    00000010                   : systick.obj (.text:SysTickPeriodSet)
                  00003f48    0000000e                   : adc.obj (.text:ADCSequenceEnable)
                  00003f56    0000000e                   : timer.obj (.text:TimerEnable)
                  00003f64    0000000e     rtsv7M4_T_le_v4SPD16_eabi.lib : copy_decompress_none.obj (.text:decompress:none)
                  00003f72    0000000c     driverlib.lib : cpu.obj (.text:CPUcpsie)
                  00003f7e    0000000c                   : gpio.obj (.text:GPIOIntEnable)
                  00003f8a    0000000c                   : pwm.obj (.text:PWMGenEnable)
                  00003f96    0000000c                   : ssi.obj (.text:SSIDataGet)
                  00003fa2    0000000c     rtsv7M4_T_le_v4SPD16_eabi.lib : copy_zero_init.obj (.text:decompress:ZI)
                  00003fae    0000000c     tm4c123gh6pm_startup_ccs.obj (.text)
                  00003fba    0000000a     driverlib.lib : adc.obj (.text:ADCIntClear)
                  00003fc4    0000000a                   : ssi.obj (.text:SSIDataPut)
                  00003fce    0000000a                   : ssi.obj (.text:SSIEnable)
                  00003fd8    0000000a                   : timer.obj (.text:TimerValueGet)
                  00003fe2    0000000a                   : uart.obj (.text:UARTCharPut)
                  00003fec    0000000a                   : uart.obj (.text:UARTFIFOEnable)
                  00003ff6    00000008                   : ssi.obj (.text:SSIBusy)
                  00003ffe    00000006                   : gpio.obj (.text:GPIOIntClear)
                  00004004    00000006                   : gpio.obj (.text:GPIOPinRead)
                  0000400a    00000006                   : gpio.obj (.text:GPIOPinWrite)
                  00004010    00000006                   : ssi.obj (.text:SSIClockSourceSet)
                  00004016    00000006                   : sysctl.obj (.text:SysCtlDelay)
                  0000401c    00000004     rtsv7M4_T_le_v4SPD16_eabi.lib : pre_init.obj (.text)

.const     0    00004020    00000648     
                  00004020    00000300     ChrFont0.obj (.const:.string:rgbOledFont0)
                  00004320    000000d8     driverlib.lib : gpio.obj (.const:g_ppui32GPIOIntMapSnowflake)
                  000043f8    000000c0                   : gpio.obj (.const:g_ppui32GPIOIntMapBlizzard)
                  000044b8    00000090                   : gpio.obj (.const:g_pui32GPIOBaseAddrs)
                  00004548    0000006c                   : sysctl.obj (.const:g_pui32Xtals)
                  000045b4    00000040     FillPat.obj (.const:.string:rgbFillPat)
                  000045f4    00000030     ustdlib.obj (.const:g_psDaysToMonth)
                  00004624    00000018     ustdlib.obj (.const:g_pfExponents)
                  0000463c    00000014     driverlib.lib : interrupt.obj (.const:g_pui32EnRegs)
                  00004650    00000012     ustdlib.obj (.const:.string)
                  00004662    00000002     --HOLE-- [fill = 0]
                  00004664    00000004     ustdlib.obj (.const)

.cinit     0    00004668    00000060     
                  00004668    0000002a     (.cinit..data.load) [load image, compression = lzss]
                  00004692    00000002     --HOLE-- [fill = 0]
                  00004694    0000000c     (__TI_handler_table)
                  000046a0    00000008     (.cinit..bss.load) [load image, compression = zero_init]
                  000046a8    00000008     (.cinit..vtable.load) [load image, compression = zero_init]
                  000046b0    00000018     (__TI_cinit_table)

.init_array 
*          0    00000000    00000000     UNINITIALIZED

.vtable    0    20000000    0000026c     UNINITIALIZED
                  20000000    0000026c     driverlib.lib : interrupt.obj (.vtable)

.bss       0    2000026c    00000369     UNINITIALIZED
                  2000026c    00000200     (.common:rgbOledBmp)
                  2000046c    00000100     (.common:rgbOledFontUser)
                  2000056c    00000010     main.obj (.bss:g_inBuffer)
                  2000057c    00000008     main.obj (.bss)
                  20000584    00000004     buttons4.obj (.bss:but_count)
                  20000588    00000004     buttons4.obj (.bss:but_flag)
                  2000058c    00000004     buttons4.obj (.bss:but_normal)
                  20000590    00000004     buttons4.obj (.bss:but_state)
                  20000594    00000004     (.common:bnOledCur)
                  20000598    00000004     (.common:dxcoOledFontCur)
                  2000059c    00000004     (.common:dycoOledFontCur)
                  200005a0    00000004     (.common:fOledCharUpdate)
                  200005a4    00000004     (.common:modOledCur)
                  200005a8    00000004     (.common:pbOledCur)
                  200005ac    00000004     (.common:pbOledFontCur)
                  200005b0    00000004     (.common:pbOledFontUser)
                  200005b4    00000004     (.common:pbOledPatCur)
                  200005b8    00000004     (.common:pfnDoRop)
                  200005bc    00000004     (.common:xchOledCur)
                  200005c0    00000004     (.common:xchOledMax)
                  200005c4    00000004     (.common:xcoOledCur)
                  200005c8    00000004     (.common:ychOledCur)
                  200005cc    00000004     (.common:ychOledMax)
                  200005d0    00000004     (.common:ycoOledCur)
                  200005d4    00000001     (.common:clrOledCur)

.stack     0    200005d8    00000200     UNINITIALIZED
                  200005d8    00000200     --HOLE--

.sysmem    0    200007d8    00000200     UNINITIALIZED
                  200007d8    00000008     rtsv7M4_T_le_v4SPD16_eabi.lib : memory.obj (.sysmem)
                  200007e0    000001f8     --HOLE--

.data      0    200009d8    00000050     UNINITIALIZED
                  200009d8    00000028     main.obj (.data)
                  20000a00    0000000c     rtsv7M4_T_le_v4SPD16_eabi.lib : exit.obj (.data:$O1$$)
                  20000a0c    0000000c                                   : memory.obj (.data:$O1$$)
                  20000a18    00000008                                   : _lock.obj (.data:$O1$$)
                  20000a20    00000004                                   : stkdepth_vars.obj (.data)
                  20000a24    00000004     ustdlib.obj (.data)

MODULE SUMMARY

       Module                         code    ro data   rw data
       ------                         ----    -------   -------
    .\
       ustdlib.obj                    3204    94        4      
       main.obj                       2796    0         64     
       tm4c123gh6pm_startup_ccs.obj   12      620       0      
       buttons4.obj                   544     0         16     
       circBufT.obj                   184     0         0      
       uart.obj                       116     0         0      
    +--+------------------------------+-------+---------+---------+
       Total:                         6856    714       84     
                                                               
    .\OrbitOLED\
       OrbitOLEDInterface.obj         68      0         0      
    +--+------------------------------+-------+---------+---------+
       Total:                         68      0         0      
                                                               
    .\OrbitOLED\lib_OrbitOled\
       OrbitOledGrph.obj              2384    0         8      
       OrbitOled.obj                  892     0         553    
       OrbitOledChar.obj              516     0         272    
       ChrFont0.obj                   0       768       0      
       delay.obj                      92      0         0      
       FillPat.obj                    0       64        0      
    +--+------------------------------+-------+---------+---------+
       Total:                         3884    832       833    
                                                               
    C:/ti/TivaWare_C_Series-2.1.4.178/driverlib/ccs/Debug/driverlib.lib
       gpio.obj                       748     552       0      
       interrupt.obj                  172     20        620    
       sysctl.obj                     630     108       0      
       adc.obj                        400     0         0      
       uart.obj                       142     0         0      
       timer.obj                      120     0         0      
       pwm.obj                        110     0         0      
       ssi.obj                        106     0         0      
       systick.obj                    84      0         0      
       cpu.obj                        12      0         0      
    +--+------------------------------+-------+---------+---------+
       Total:                         2524    680       620    
                                                               
    C:\ti\ccsv7\tools\compiler\ti-cgt-arm_16.9.9.LTS\lib\rtsv7M4_T_le_v4SPD16_eabi.lib
       memory.obj                     976     0         12     
       fd_add_t2.obj                  438     0         0      
       memcpy_t2.obj                  156     0         0      
       memset_t2.obj                  122     0         0      
       autoinit.obj                   112     0         0      
       fd_tos_t2.obj                  110     0         0      
       copy_decompress_lzss.obj       104     0         0      
       exit.obj                       84      0         12     
       boot.obj                       84      0         0      
       cpy_tbl.obj                    76      0         0      
       u_divt2.obj                    64      0         0      
       fs_tod_t2.obj                  56      0         0      
       _lock.obj                      20      0         8      
       args_main.obj                  24      0         0      
       copy_decompress_none.obj       14      0         0      
       copy_zero_init.obj             12      0         0      
       pre_init.obj                   4       0         0      
       stkdepth_vars.obj              0       0         4      
       i_div0.obj                     2       0         0      
       mpu_init.obj                   2       0         0      
       startup.obj                    2       0         0      
    +--+------------------------------+-------+---------+---------+
       Total:                         2462    0         36     
                                                               
       Heap:                          0       0         512    
       Stack:                         0       0         512    
       Linker Generated:              0       94        0      
    +--+------------------------------+-------+---------+---------+
       Grand Total:                   15794   2320      2597   


LINKER GENERATED COPY TABLES

__TI_cinit_table @ 000046b0 records: 3, size/record: 8, table size: 24
	.data: load addr=00004668, load size=0000002a bytes, run addr=200009d8, run size=00000050 bytes, compression=lzss
	.bss: load addr=000046a0, load size=00000008 bytes, run addr=2000026c, run size=00000369 bytes, compression=zero_init
	.vtable: load addr=000046a8, load size=00000008 bytes, run addr=20000000, run size=0000026c bytes, compression=zero_init


LINKER GENERATED HANDLER TABLE

__TI_handler_table @ 00004694 records: 3, size/record: 4, table size: 12
	index: 0, handler: __TI_zero_init
	index: 1, handler: __TI_decompress_lzss
	index: 2, handler: __TI_decompress_none


GLOBAL SYMBOLS: SORTED ALPHABETICALLY BY Name 

address   name                           
-------   ----                           
00003fbb  ADCIntClear                    
00003f07  ADCIntEnable                   
00000f2b  ADCIntHandler                  
00003dd5  ADCIntRegister                 
00003ded  ADCProcessorTrigger            
000039b1  ADCSequenceConfigure           
00003d7d  ADCSequenceDataGet             
00003f49  ADCSequenceEnable              
000034dd  ADCSequenceStepConfigure       
0000395d  C$$EXIT                        
00003f73  CPUcpsie                       
00003855  DelayInit                      
0000386f  DelayMs                        
00003d0d  GPIODirModeSet                 
00003fff  GPIOIntClear                   
00003f7f  GPIOIntEnable                  
00003e05  GPIOIntRegister                
000038b1  GPIOIntTypeSet                 
00003053  GPIOPadConfigSet               
00003a51  GPIOPinConfigure               
00004005  GPIOPinRead                    
00003e4d  GPIOPinTypeGPIOInput           
00003e1d  GPIOPinTypeGPIOOutput          
00003e63  GPIOPinTypePWM                 
00003e79  GPIOPinTypeSSI                 
00003e8f  GPIOPinTypeUART                
0000400b  GPIOPinWrite                   
00003725  IntEnable                      
00003f17  IntMasterEnable                
00003ca5  IntRegister                    
00003b57  OLEDInitialise                 
00003b31  OLEDStringDraw                 
00002e31  OrbitOledAdvanceCursor         
000022cd  OrbitOledClampXco              
000022ed  OrbitOledClampYco              
000028d9  OrbitOledClear                 
000028e5  OrbitOledClearBuffer           
00002d01  OrbitOledDefUserChar           
00002855  OrbitOledDevInit               
0000210f  OrbitOledDrawChar              
00002db9  OrbitOledDrawGlyph             
00001ad3  OrbitOledDrawPixel             
00001c19  OrbitOledDrawRect              
0000216f  OrbitOledDrawString            
000027db  OrbitOledDvrInit               
00001c9d  OrbitOledFillRect              
00001de1  OrbitOledGetBmp                
00002d69  OrbitOledGetCharUpdate         
00002ce5  OrbitOledGetCursor             
00001acd  OrbitOledGetDrawMode           
00001aff  OrbitOledGetPixel              
00001a23  OrbitOledGetPos                
00001a57  OrbitOledGetStdPattern         
00002711  OrbitOledHostInit              
000026fd  OrbitOledInit                  
00001b19  OrbitOledLineTo                
00002265  OrbitOledMoveDown              
0000229b  OrbitOledMoveLeft              
000022b3  OrbitOledMoveRight             
000019dd  OrbitOledMoveTo                
0000222d  OrbitOledMoveUp                
00001f41  OrbitOledPutBmp                
0000296f  OrbitOledPutBuffer             
00002d6f  OrbitOledPutChar               
00002d8d  OrbitOledPutString             
000021db  OrbitOledRopAnd                
000021b7  OrbitOledRopOr                 
0000218d  OrbitOledRopSet                
000021ff  OrbitOledRopXor                
00002d51  OrbitOledSetCharUpdate         
00002c99  OrbitOledSetCursor             
00001a3f  OrbitOledSetDrawColor          
00001a79  OrbitOledSetDrawMode           
00001a69  OrbitOledSetFillPattern        
00002915  OrbitOledUpdate                
00003d39  PWMGenConfigure                
00003f8b  PWMGenEnable                   
00003f27  PWMGenPeriodSet                
00003ef5  PWMOutputState                 
00003d9b  PWMPulseWidthSet               
00003faf  ResetISR                       
UNDEFED   SHT$$INIT_ARRAY$$Base          
UNDEFED   SHT$$INIT_ARRAY$$Limit         
00003ff7  SSIBusy                        
00004011  SSIClockSourceSet              
00003bf9  SSIConfigSetExpClk             
00003f97  SSIDataGet                     
00003fc5  SSIDataPut                     
00003fcf  SSIEnable                      
000029d5  Ssi3PutByte                    
00003185  SysCtlClockGet                 
00003295  SysCtlClockSet                 
00004017  SysCtlDelay                    
00003cd9  SysCtlPeripheralEnable         
00003c35  SysCtlPeripheralReady          
00003ea5  SysTickEnable                  
00003eb9  SysTickIntEnable               
00000ef1  SysTickIntHandler              
00003db9  SysTickIntRegister             
00003f39  SysTickPeriodSet               
000037f5  TimerConfigure                 
00003f57  TimerEnable                    
00003fd9  TimerValueGet                  
00003fe3  UARTCharPut                    
00003ae9  UARTConfigSetExpClk            
00003d5d  UARTDisable                    
00003ecd  UARTEnable                     
00003fed  UARTFIFOEnable                 
00003617  UARTSend                       
200007d8  __STACK_END                    
00000200  __STACK_SIZE                   
200007d8  __STACK_TOP                    
00000200  __SYSMEM_SIZE                  
000046b0  __TI_CINIT_Base                
000046c8  __TI_CINIT_Limit               
00004694  __TI_Handler_Table_Base        
000046a0  __TI_Handler_Table_Limit       
00003645  __TI_auto_init                 
20000a00  __TI_cleanup_ptr               
0000378d  __TI_decompress_lzss           
00003f65  __TI_decompress_none           
20000a04  __TI_dtors_ptr                 
20000a08  __TI_enable_exit_profile_output
ffffffff  __TI_pprof_out_hndl            
ffffffff  __TI_prof_data_size            
ffffffff  __TI_prof_data_start           
00000000  __TI_static_base__             
00003fa3  __TI_zero_init                 
000036b5  __aeabi_d2f                    
00002ea7  __aeabi_dadd                   
00002e9d  __aeabi_dsub                   
00003c6d  __aeabi_f2d                    
00003723  __aeabi_idiv0                  
00003557  __aeabi_memclr                 
00003557  __aeabi_memclr4                
00003557  __aeabi_memclr8                
00003441  __aeabi_memcpy                 
00003441  __aeabi_memcpy4                
00003441  __aeabi_memcpy8                
00003559  __aeabi_memset                 
00003559  __aeabi_memset4                
00003559  __aeabi_memset8                
00003bb9  __aeabi_uidiv                  
00003bb9  __aeabi_uidivmod               
ffffffff  __binit__                      
ffffffff  __c_args__                     
00003b2f  __mpu_init                     
200005d8  __stack                        
00003e35  _args_main                     
00003909  _c_int00                       
20000a18  _lock                          
00003eef  _nop                           
00003ee7  _register_lock                 
00003ee1  _register_unlock               
200007d8  _sys_memory                    
00003d5b  _system_post_cinit             
0000401d  _system_pre_init               
20000a1c  _unlock                        
00003961  abort                          
ffffffff  binit                          
20000594  bnOledCur                      
000026cd  calloc                         
00002c1b  checkButton                    
00001581  checkInput                     
200005d4  clrOledCur                     
00001645  control                        
00003a9d  copy_in                        
000010dd  display                        
20000598  dxcoOledFontCur                
2000059c  dycoOledFontCur                
00003969  exit                           
200005a0  fOledCharUpdate                
00002417  free                           
0000341b  freeCircBuf                    
20000000  g_pfnRAMVectors                
00000000  g_pfnVectors                   
0000100f  initADC                        
00002a79  initButtons                    
00003389  initCircBuf                    
00000f49  initClock                      
0000104b  initDisplay                    
00001093  initSwInt                      
00001053  initYaw                        
00000f71  initialisePWM                  
000035d1  initialiseUSB_UART             
000017e5  main                           
20000a20  main_func_sp                   
000023ad  malloc                         
000025e1  memalign                       
00003441  memcpy                         
0000355f  memset                         
0000232d  minit                          
200005a4  modOledCur                     
200005a8  pbOledCur                      
200005ac  pbOledFontCur                  
200005b0  pbOledFontUser                 
200005b4  pbOledPatCur                   
200005b8  pfnDoRop                       
00001185  printStatus                    
000033e7  readCircBuf                    
000024d7  realloc                        
000045b4  rgbFillPat                     
2000026c  rgbOledBmp                     
00004020  rgbOledFont0                   
2000046c  rgbOledFontUser                
00001519  setDutyCycle                   
00000f17  swIntHandler                   
00000751  ulocaltime                     
0000094f  umktime                        
00002b47  updateButtons                  
000012c5  update_yaw                     
00000ec9  urand                          
00000721  usnprintf                      
000006ef  usprintf                       
00000eb9  usrand                         
00000e31  ustrcasecmp                    
00000ea5  ustrcmp                        
00000d35  ustrlen                        
00000d8d  ustrncasecmp                   
00000e45  ustrncmp                       
0000026d  ustrncpy                       
00000d57  ustrstr                        
00000afd  ustrtof                        
000009c5  ustrtoul                       
000002c5  uvsnprintf                     
000033b3  writeCircBuf                   
200005bc  xchOledCur                     
200005c0  xchOledMax                     
200005c4  xcoOledCur                     
00000f05  yawIntHandler                  
200005c8  ychOledCur                     
200005cc  ychOledMax                     
200005d0  ycoOledCur                     


GLOBAL SYMBOLS: SORTED BY Symbol Address 

address   name                           
-------   ----                           
00000000  __TI_static_base__             
00000000  g_pfnVectors                   
00000200  __STACK_SIZE                   
00000200  __SYSMEM_SIZE                  
0000026d  ustrncpy                       
000002c5  uvsnprintf                     
000006ef  usprintf                       
00000721  usnprintf                      
00000751  ulocaltime                     
0000094f  umktime                        
000009c5  ustrtoul                       
00000afd  ustrtof                        
00000d35  ustrlen                        
00000d57  ustrstr                        
00000d8d  ustrncasecmp                   
00000e31  ustrcasecmp                    
00000e45  ustrncmp                       
00000ea5  ustrcmp                        
00000eb9  usrand                         
00000ec9  urand                          
00000ef1  SysTickIntHandler              
00000f05  yawIntHandler                  
00000f17  swIntHandler                   
00000f2b  ADCIntHandler                  
00000f49  initClock                      
00000f71  initialisePWM                  
0000100f  initADC                        
0000104b  initDisplay                    
00001053  initYaw                        
00001093  initSwInt                      
000010dd  display                        
00001185  printStatus                    
000012c5  update_yaw                     
00001519  setDutyCycle                   
00001581  checkInput                     
00001645  control                        
000017e5  main                           
000019dd  OrbitOledMoveTo                
00001a23  OrbitOledGetPos                
00001a3f  OrbitOledSetDrawColor          
00001a57  OrbitOledGetStdPattern         
00001a69  OrbitOledSetFillPattern        
00001a79  OrbitOledSetDrawMode           
00001acd  OrbitOledGetDrawMode           
00001ad3  OrbitOledDrawPixel             
00001aff  OrbitOledGetPixel              
00001b19  OrbitOledLineTo                
00001c19  OrbitOledDrawRect              
00001c9d  OrbitOledFillRect              
00001de1  OrbitOledGetBmp                
00001f41  OrbitOledPutBmp                
0000210f  OrbitOledDrawChar              
0000216f  OrbitOledDrawString            
0000218d  OrbitOledRopSet                
000021b7  OrbitOledRopOr                 
000021db  OrbitOledRopAnd                
000021ff  OrbitOledRopXor                
0000222d  OrbitOledMoveUp                
00002265  OrbitOledMoveDown              
0000229b  OrbitOledMoveLeft              
000022b3  OrbitOledMoveRight             
000022cd  OrbitOledClampXco              
000022ed  OrbitOledClampYco              
0000232d  minit                          
000023ad  malloc                         
00002417  free                           
000024d7  realloc                        
000025e1  memalign                       
000026cd  calloc                         
000026fd  OrbitOledInit                  
00002711  OrbitOledHostInit              
000027db  OrbitOledDvrInit               
00002855  OrbitOledDevInit               
000028d9  OrbitOledClear                 
000028e5  OrbitOledClearBuffer           
00002915  OrbitOledUpdate                
0000296f  OrbitOledPutBuffer             
000029d5  Ssi3PutByte                    
00002a79  initButtons                    
00002b47  updateButtons                  
00002c1b  checkButton                    
00002c99  OrbitOledSetCursor             
00002ce5  OrbitOledGetCursor             
00002d01  OrbitOledDefUserChar           
00002d51  OrbitOledSetCharUpdate         
00002d69  OrbitOledGetCharUpdate         
00002d6f  OrbitOledPutChar               
00002d8d  OrbitOledPutString             
00002db9  OrbitOledDrawGlyph             
00002e31  OrbitOledAdvanceCursor         
00002e9d  __aeabi_dsub                   
00002ea7  __aeabi_dadd                   
00003053  GPIOPadConfigSet               
00003185  SysCtlClockGet                 
00003295  SysCtlClockSet                 
00003389  initCircBuf                    
000033b3  writeCircBuf                   
000033e7  readCircBuf                    
0000341b  freeCircBuf                    
00003441  __aeabi_memcpy                 
00003441  __aeabi_memcpy4                
00003441  __aeabi_memcpy8                
00003441  memcpy                         
000034dd  ADCSequenceStepConfigure       
00003557  __aeabi_memclr                 
00003557  __aeabi_memclr4                
00003557  __aeabi_memclr8                
00003559  __aeabi_memset                 
00003559  __aeabi_memset4                
00003559  __aeabi_memset8                
0000355f  memset                         
000035d1  initialiseUSB_UART             
00003617  UARTSend                       
00003645  __TI_auto_init                 
000036b5  __aeabi_d2f                    
00003723  __aeabi_idiv0                  
00003725  IntEnable                      
0000378d  __TI_decompress_lzss           
000037f5  TimerConfigure                 
00003855  DelayInit                      
0000386f  DelayMs                        
000038b1  GPIOIntTypeSet                 
00003909  _c_int00                       
0000395d  C$$EXIT                        
00003961  abort                          
00003969  exit                           
000039b1  ADCSequenceConfigure           
00003a51  GPIOPinConfigure               
00003a9d  copy_in                        
00003ae9  UARTConfigSetExpClk            
00003b2f  __mpu_init                     
00003b31  OLEDStringDraw                 
00003b57  OLEDInitialise                 
00003bb9  __aeabi_uidiv                  
00003bb9  __aeabi_uidivmod               
00003bf9  SSIConfigSetExpClk             
00003c35  SysCtlPeripheralReady          
00003c6d  __aeabi_f2d                    
00003ca5  IntRegister                    
00003cd9  SysCtlPeripheralEnable         
00003d0d  GPIODirModeSet                 
00003d39  PWMGenConfigure                
00003d5b  _system_post_cinit             
00003d5d  UARTDisable                    
00003d7d  ADCSequenceDataGet             
00003d9b  PWMPulseWidthSet               
00003db9  SysTickIntRegister             
00003dd5  ADCIntRegister                 
00003ded  ADCProcessorTrigger            
00003e05  GPIOIntRegister                
00003e1d  GPIOPinTypeGPIOOutput          
00003e35  _args_main                     
00003e4d  GPIOPinTypeGPIOInput           
00003e63  GPIOPinTypePWM                 
00003e79  GPIOPinTypeSSI                 
00003e8f  GPIOPinTypeUART                
00003ea5  SysTickEnable                  
00003eb9  SysTickIntEnable               
00003ecd  UARTEnable                     
00003ee1  _register_unlock               
00003ee7  _register_lock                 
00003eef  _nop                           
00003ef5  PWMOutputState                 
00003f07  ADCIntEnable                   
00003f17  IntMasterEnable                
00003f27  PWMGenPeriodSet                
00003f39  SysTickPeriodSet               
00003f49  ADCSequenceEnable              
00003f57  TimerEnable                    
00003f65  __TI_decompress_none           
00003f73  CPUcpsie                       
00003f7f  GPIOIntEnable                  
00003f8b  PWMGenEnable                   
00003f97  SSIDataGet                     
00003fa3  __TI_zero_init                 
00003faf  ResetISR                       
00003fbb  ADCIntClear                    
00003fc5  SSIDataPut                     
00003fcf  SSIEnable                      
00003fd9  TimerValueGet                  
00003fe3  UARTCharPut                    
00003fed  UARTFIFOEnable                 
00003ff7  SSIBusy                        
00003fff  GPIOIntClear                   
00004005  GPIOPinRead                    
0000400b  GPIOPinWrite                   
00004011  SSIClockSourceSet              
00004017  SysCtlDelay                    
0000401d  _system_pre_init               
00004020  rgbOledFont0                   
000045b4  rgbFillPat                     
00004694  __TI_Handler_Table_Base        
000046a0  __TI_Handler_Table_Limit       
000046b0  __TI_CINIT_Base                
000046c8  __TI_CINIT_Limit               
20000000  g_pfnRAMVectors                
2000026c  rgbOledBmp                     
2000046c  rgbOledFontUser                
20000594  bnOledCur                      
20000598  dxcoOledFontCur                
2000059c  dycoOledFontCur                
200005a0  fOledCharUpdate                
200005a4  modOledCur                     
200005a8  pbOledCur                      
200005ac  pbOledFontCur                  
200005b0  pbOledFontUser                 
200005b4  pbOledPatCur                   
200005b8  pfnDoRop                       
200005bc  xchOledCur                     
200005c0  xchOledMax                     
200005c4  xcoOledCur                     
200005c8  ychOledCur                     
200005cc  ychOledMax                     
200005d0  ycoOledCur                     
200005d4  clrOledCur                     
200005d8  __stack                        
200007d8  __STACK_END                    
200007d8  __STACK_TOP                    
200007d8  _sys_memory                    
20000a00  __TI_cleanup_ptr               
20000a04  __TI_dtors_ptr                 
20000a08  __TI_enable_exit_profile_output
20000a18  _lock                          
20000a1c  _unlock                        
20000a20  main_func_sp                   
ffffffff  __TI_pprof_out_hndl            
ffffffff  __TI_prof_data_size            
ffffffff  __TI_prof_data_start           
ffffffff  __binit__                      
ffffffff  __c_args__                     
ffffffff  binit                          
UNDEFED   SHT$$INIT_ARRAY$$Base          
UNDEFED   SHT$$INIT_ARRAY$$Limit         

[233 symbols]
