******************************************************************************
                  TI ARM Linker PC v16.9.9                     
******************************************************************************
>> Linked Tue May 07 09:07:34 2019

OUTPUT FILE NAME:   <tue_am_group-10.out>
ENTRY POINT SYMBOL: "_c_int00"  address: 00003ac1


MEMORY CONFIGURATION

         name            origin    length      used     unused   attr    fill
----------------------  --------  ---------  --------  --------  ----  --------
  FLASH                 00000000   00040000  00004890  0003b770  R  X
  SRAM                  20000000   00008000  00000a41  000075bf  RW X


SEGMENT ALLOCATION MAP

run origin  load origin   length   init length attrs members
----------  ----------- ---------- ----------- ----- -------
00000000    00000000    00004890   00004890    r-x
  00000000    00000000    0000026c   0000026c    r-- .intvecs
  0000026c    0000026c    00003f6c   00003f6c    r-x .text
  000041d8    000041d8    00000648   00000648    r-- .const
  00004820    00004820    00000070   00000070    r-- .cinit
20000000    20000000    00000a44   00000000    rw-
  20000000    20000000    0000026c   00000000    rw- .vtable
  2000026c    2000026c    00000369   00000000    rw- .bss
  200005d8    200005d8    00000200   00000000    rw- .stack
  200007d8    200007d8    00000200   00000000    rw- .sysmem
  200009d8    200009d8    0000006c   00000000    rw- .data


SECTION ALLOCATION MAP

 output                                  attributes/
section   page    origin      length       input sections
--------  ----  ----------  ----------   ----------------
.intvecs   0    00000000    0000026c     
                  00000000    0000026c     tm4c123gh6pm_startup_ccs.obj (.intvecs)

.text      0    0000026c    00003f6c     
                  0000026c    00000ca4     main.obj (.text)
                  00000f10    00000c84     ustdlib.obj (.text)
                  00001b94    00000950     OrbitOledGrph.obj (.text)
                  000024e4    000003d0     rtsv7M4_T_le_v4SPD16_eabi.lib : memory.obj (.text)
                  000028b4    0000037c     OrbitOled.obj (.text)
                  00002c30    00000220     buttons4.obj (.text)
                  00002e50    00000204     OrbitOledChar.obj (.text)
                  00003054    000001b6     rtsv7M4_T_le_v4SPD16_eabi.lib : fd_add_t2.obj (.text)
                  0000320a    00000132     driverlib.lib : gpio.obj (.text:GPIOPadConfigSet)
                  0000333c    00000110                   : sysctl.obj (.text:SysCtlClockGet)
                  0000344c    000000f4                   : sysctl.obj (.text:SysCtlClockSet)
                  00003540    000000b8     circBufT.obj (.text)
                  000035f8    0000009c     rtsv7M4_T_le_v4SPD16_eabi.lib : memcpy_t2.obj (.text)
                  00003694    0000007a     driverlib.lib : adc.obj (.text:ADCSequenceStepConfigure)
                  0000370e    0000007a     rtsv7M4_T_le_v4SPD16_eabi.lib : memset_t2.obj (.text)
                  00003788    00000074     uart.obj (.text)
                  000037fc    00000070     rtsv7M4_T_le_v4SPD16_eabi.lib : autoinit.obj (.text)
                  0000386c    0000006e                                   : fd_tos_t2.obj (.text)
                  000038da    00000002                                   : i_div0.obj (.text)
                  000038dc    00000068     driverlib.lib : interrupt.obj (.text:IntEnable)
                  00003944    00000068     rtsv7M4_T_le_v4SPD16_eabi.lib : copy_decompress_lzss.obj (.text:decompress:lzss)
                  000039ac    00000060     driverlib.lib : timer.obj (.text:TimerConfigure)
                  00003a0c    0000005c     delay.obj (.text)
                  00003a68    00000058     driverlib.lib : gpio.obj (.text:GPIOIntTypeSet)
                  00003ac0    00000054     rtsv7M4_T_le_v4SPD16_eabi.lib : boot.obj (.text)
                  00003b14    00000054                                   : exit.obj (.text)
                  00003b68    00000050     driverlib.lib : adc.obj (.text:ADCSequenceConfigure)
                  00003bb8    00000050                   : adc.obj (.text:_ADCIntNumberGet)
                  00003c08    0000004c                   : gpio.obj (.text:GPIOPinConfigure)
                  00003c54    0000004c     rtsv7M4_T_le_v4SPD16_eabi.lib : cpy_tbl.obj (.text)
                  00003ca0    00000046     driverlib.lib : uart.obj (.text:UARTConfigSetExpClk)
                  00003ce6    00000002     rtsv7M4_T_le_v4SPD16_eabi.lib : mpu_init.obj (.text)
                  00003ce8    00000044     OrbitOLEDInterface.obj (.text)
                  00003d2c    00000044     driverlib.lib : gpio.obj (.text:_GPIOIntNumberGet)
                  00003d70    00000040     rtsv7M4_T_le_v4SPD16_eabi.lib : u_divt2.obj (.text)
                  00003db0    0000003c     driverlib.lib : ssi.obj (.text:SSIConfigSetExpClk)
                  00003dec    00000038                   : sysctl.obj (.text:SysCtlPeripheralReady)
                  00003e24    00000038     rtsv7M4_T_le_v4SPD16_eabi.lib : fs_tod_t2.obj (.text)
                  00003e5c    00000034     driverlib.lib : interrupt.obj (.text:IntRegister)
                  00003e90    00000034                   : sysctl.obj (.text:SysCtlPeripheralEnable)
                  00003ec4    0000002c                   : gpio.obj (.text:GPIODirModeSet)
                  00003ef0    00000022                   : pwm.obj (.text:PWMGenConfigure)
                  00003f12    00000002     rtsv7M4_T_le_v4SPD16_eabi.lib : startup.obj (.text)
                  00003f14    00000020     driverlib.lib : uart.obj (.text:UARTDisable)
                  00003f34    0000001e                   : adc.obj (.text:ADCSequenceDataGet)
                  00003f52    0000001e                   : pwm.obj (.text:PWMPulseWidthSet)
                  00003f70    0000001c                   : systick.obj (.text:SysTickIntRegister)
                  00003f8c    00000018                   : adc.obj (.text:ADCIntRegister)
                  00003fa4    00000018                   : adc.obj (.text:ADCProcessorTrigger)
                  00003fbc    00000018                   : gpio.obj (.text:GPIOIntRegister)
                  00003fd4    00000018                   : gpio.obj (.text:GPIOPinTypeGPIOOutput)
                  00003fec    00000018     rtsv7M4_T_le_v4SPD16_eabi.lib : args_main.obj (.text)
                  00004004    00000016     driverlib.lib : gpio.obj (.text:GPIOPinTypeGPIOInput)
                  0000401a    00000016                   : gpio.obj (.text:GPIOPinTypePWM)
                  00004030    00000016                   : gpio.obj (.text:GPIOPinTypeSSI)
                  00004046    00000016                   : gpio.obj (.text:GPIOPinTypeUART)
                  0000405c    00000014                   : systick.obj (.text:SysTickEnable)
                  00004070    00000014                   : systick.obj (.text:SysTickIntEnable)
                  00004084    00000014                   : uart.obj (.text:UARTEnable)
                  00004098    00000014     rtsv7M4_T_le_v4SPD16_eabi.lib : _lock.obj (.text)
                  000040ac    00000012     driverlib.lib : pwm.obj (.text:PWMOutputState)
                  000040be    00000010                   : adc.obj (.text:ADCIntEnable)
                  000040ce    00000010                   : interrupt.obj (.text:IntMasterEnable)
                  000040de    00000010                   : pwm.obj (.text:PWMGenPeriodSet)
                  000040ee    00000002     --HOLE-- [fill = 0]
                  000040f0    00000010                   : systick.obj (.text:SysTickPeriodSet)
                  00004100    0000000e                   : adc.obj (.text:ADCSequenceEnable)
                  0000410e    0000000e                   : timer.obj (.text:TimerEnable)
                  0000411c    0000000e     rtsv7M4_T_le_v4SPD16_eabi.lib : copy_decompress_none.obj (.text:decompress:none)
                  0000412a    0000000c     driverlib.lib : cpu.obj (.text:CPUcpsie)
                  00004136    0000000c                   : gpio.obj (.text:GPIOIntEnable)
                  00004142    0000000c                   : pwm.obj (.text:PWMGenEnable)
                  0000414e    0000000c                   : ssi.obj (.text:SSIDataGet)
                  0000415a    0000000c     rtsv7M4_T_le_v4SPD16_eabi.lib : copy_zero_init.obj (.text:decompress:ZI)
                  00004166    0000000c     tm4c123gh6pm_startup_ccs.obj (.text)
                  00004172    0000000a     driverlib.lib : adc.obj (.text:ADCIntClear)
                  0000417c    0000000a                   : ssi.obj (.text:SSIDataPut)
                  00004186    0000000a                   : ssi.obj (.text:SSIEnable)
                  00004190    0000000a                   : timer.obj (.text:TimerValueGet)
                  0000419a    0000000a                   : uart.obj (.text:UARTCharPut)
                  000041a4    0000000a                   : uart.obj (.text:UARTFIFOEnable)
                  000041ae    00000008                   : ssi.obj (.text:SSIBusy)
                  000041b6    00000006                   : gpio.obj (.text:GPIOIntClear)
                  000041bc    00000006                   : gpio.obj (.text:GPIOPinRead)
                  000041c2    00000006                   : gpio.obj (.text:GPIOPinWrite)
                  000041c8    00000006                   : ssi.obj (.text:SSIClockSourceSet)
                  000041ce    00000006                   : sysctl.obj (.text:SysCtlDelay)
                  000041d4    00000004     rtsv7M4_T_le_v4SPD16_eabi.lib : pre_init.obj (.text)

.const     0    000041d8    00000648     
                  000041d8    00000300     ChrFont0.obj (.const:.string:rgbOledFont0)
                  000044d8    000000d8     driverlib.lib : gpio.obj (.const:g_ppui32GPIOIntMapSnowflake)
                  000045b0    000000c0                   : gpio.obj (.const:g_ppui32GPIOIntMapBlizzard)
                  00004670    00000090                   : gpio.obj (.const:g_pui32GPIOBaseAddrs)
                  00004700    0000006c                   : sysctl.obj (.const:g_pui32Xtals)
                  0000476c    00000040     FillPat.obj (.const:.string:rgbFillPat)
                  000047ac    00000030     ustdlib.obj (.const:g_psDaysToMonth)
                  000047dc    00000018     ustdlib.obj (.const:g_pfExponents)
                  000047f4    00000014     driverlib.lib : interrupt.obj (.const:g_pui32EnRegs)
                  00004808    00000012     ustdlib.obj (.const:.string)
                  0000481a    00000002     --HOLE-- [fill = 0]
                  0000481c    00000004     ustdlib.obj (.const)

.cinit     0    00004820    00000070     
                  00004820    00000036     (.cinit..data.load) [load image, compression = lzss]
                  00004856    00000002     --HOLE-- [fill = 0]
                  00004858    0000000c     (__TI_handler_table)
                  00004864    00000004     --HOLE-- [fill = 0]
                  00004868    00000008     (.cinit..bss.load) [load image, compression = zero_init]
                  00004870    00000008     (.cinit..vtable.load) [load image, compression = zero_init]
                  00004878    00000018     (__TI_cinit_table)

.init_array 
*          0    00000000    00000000     UNINITIALIZED

.vtable    0    20000000    0000026c     UNINITIALIZED
                  20000000    0000026c     driverlib.lib : interrupt.obj (.vtable)

.bss       0    2000026c    00000369     UNINITIALIZED
                  2000026c    00000200     (.common:rgbOledBmp)
                  2000046c    00000100     (.common:rgbOledFontUser)
                  2000056c    00000010     main.obj (.bss:g_inBuffer)
                  2000057c    00000008     main.obj (.bss)
                  20000584    00000004     buttons4.obj (.bss:but_count)
                  20000588    00000004     buttons4.obj (.bss:but_flag)
                  2000058c    00000004     buttons4.obj (.bss:but_normal)
                  20000590    00000004     buttons4.obj (.bss:but_state)
                  20000594    00000004     (.common:bnOledCur)
                  20000598    00000004     (.common:dxcoOledFontCur)
                  2000059c    00000004     (.common:dycoOledFontCur)
                  200005a0    00000004     (.common:fOledCharUpdate)
                  200005a4    00000004     (.common:modOledCur)
                  200005a8    00000004     (.common:pbOledCur)
                  200005ac    00000004     (.common:pbOledFontCur)
                  200005b0    00000004     (.common:pbOledFontUser)
                  200005b4    00000004     (.common:pbOledPatCur)
                  200005b8    00000004     (.common:pfnDoRop)
                  200005bc    00000004     (.common:xchOledCur)
                  200005c0    00000004     (.common:xchOledMax)
                  200005c4    00000004     (.common:xcoOledCur)
                  200005c8    00000004     (.common:ychOledCur)
                  200005cc    00000004     (.common:ychOledMax)
                  200005d0    00000004     (.common:ycoOledCur)
                  200005d4    00000001     (.common:clrOledCur)

.stack     0    200005d8    00000200     UNINITIALIZED
                  200005d8    00000200     --HOLE--

.sysmem    0    200007d8    00000200     UNINITIALIZED
                  200007d8    00000008     rtsv7M4_T_le_v4SPD16_eabi.lib : memory.obj (.sysmem)
                  200007e0    000001f8     --HOLE--

.data      0    200009d8    0000006c     UNINITIALIZED
                  200009d8    00000044     main.obj (.data)
                  20000a1c    0000000c     rtsv7M4_T_le_v4SPD16_eabi.lib : exit.obj (.data:$O1$$)
                  20000a28    0000000c                                   : memory.obj (.data:$O1$$)
                  20000a34    00000008                                   : _lock.obj (.data:$O1$$)
                  20000a3c    00000004                                   : stkdepth_vars.obj (.data)
                  20000a40    00000004     ustdlib.obj (.data)

MODULE SUMMARY

       Module                         code    ro data   rw data
       ------                         ----    -------   -------
    .\
       main.obj                       3236    0         92     
       ustdlib.obj                    3204    94        4      
       tm4c123gh6pm_startup_ccs.obj   12      620       0      
       buttons4.obj                   544     0         16     
       circBufT.obj                   184     0         0      
       uart.obj                       116     0         0      
    +--+------------------------------+-------+---------+---------+
       Total:                         7296    714       112    
                                                               
    .\OrbitOLED\
       OrbitOLEDInterface.obj         68      0         0      
    +--+------------------------------+-------+---------+---------+
       Total:                         68      0         0      
                                                               
    .\OrbitOLED\lib_OrbitOled\
       OrbitOledGrph.obj              2384    0         8      
       OrbitOled.obj                  892     0         553    
       OrbitOledChar.obj              516     0         272    
       ChrFont0.obj                   0       768       0      
       delay.obj                      92      0         0      
       FillPat.obj                    0       64        0      
    +--+------------------------------+-------+---------+---------+
       Total:                         3884    832       833    
                                                               
    C:/ti/TivaWare_C_Series-2.1.4.178/driverlib/ccs/Debug/driverlib.lib
       gpio.obj                       748     552       0      
       interrupt.obj                  172     20        620    
       sysctl.obj                     630     108       0      
       adc.obj                        400     0         0      
       uart.obj                       142     0         0      
       timer.obj                      120     0         0      
       pwm.obj                        110     0         0      
       ssi.obj                        106     0         0      
       systick.obj                    84      0         0      
       cpu.obj                        12      0         0      
    +--+------------------------------+-------+---------+---------+
       Total:                         2524    680       620    
                                                               
    C:\ti\ccsv7\tools\compiler\ti-cgt-arm_16.9.9.LTS\lib\rtsv7M4_T_le_v4SPD16_eabi.lib
       memory.obj                     976     0         12     
       fd_add_t2.obj                  438     0         0      
       memcpy_t2.obj                  156     0         0      
       memset_t2.obj                  122     0         0      
       autoinit.obj                   112     0         0      
       fd_tos_t2.obj                  110     0         0      
       copy_decompress_lzss.obj       104     0         0      
       exit.obj                       84      0         12     
       boot.obj                       84      0         0      
       cpy_tbl.obj                    76      0         0      
       u_divt2.obj                    64      0         0      
       fs_tod_t2.obj                  56      0         0      
       _lock.obj                      20      0         8      
       args_main.obj                  24      0         0      
       copy_decompress_none.obj       14      0         0      
       copy_zero_init.obj             12      0         0      
       pre_init.obj                   4       0         0      
       stkdepth_vars.obj              0       0         4      
       i_div0.obj                     2       0         0      
       mpu_init.obj                   2       0         0      
       startup.obj                    2       0         0      
    +--+------------------------------+-------+---------+---------+
       Total:                         2462    0         36     
                                                               
       Heap:                          0       0         512    
       Stack:                         0       0         512    
       Linker Generated:              0       106       0      
    +--+------------------------------+-------+---------+---------+
       Grand Total:                   16234   2332      2625   


LINKER GENERATED COPY TABLES

__TI_cinit_table @ 00004878 records: 3, size/record: 8, table size: 24
	.data: load addr=00004820, load size=00000036 bytes, run addr=200009d8, run size=0000006c bytes, compression=lzss
	.bss: load addr=00004868, load size=00000008 bytes, run addr=2000026c, run size=00000369 bytes, compression=zero_init
	.vtable: load addr=00004870, load size=00000008 bytes, run addr=20000000, run size=0000026c bytes, compression=zero_init


LINKER GENERATED HANDLER TABLE

__TI_handler_table @ 00004858 records: 3, size/record: 4, table size: 12
	index: 0, handler: __TI_zero_init
	index: 1, handler: __TI_decompress_lzss
	index: 2, handler: __TI_decompress_none


GLOBAL SYMBOLS: SORTED ALPHABETICALLY BY Name 

address   name                           
-------   ----                           
00004173  ADCIntClear                    
000040bf  ADCIntEnable                   
000002a7  ADCIntHandler                  
00003f8d  ADCIntRegister                 
00003fa5  ADCProcessorTrigger            
00003b69  ADCSequenceConfigure           
00003f35  ADCSequenceDataGet             
00004101  ADCSequenceEnable              
00003695  ADCSequenceStepConfigure       
00003b15  C$$EXIT                        
0000412b  CPUcpsie                       
00003a0d  DelayInit                      
00003a27  DelayMs                        
00003ec5  GPIODirModeSet                 
000041b7  GPIOIntClear                   
00004137  GPIOIntEnable                  
00003fbd  GPIOIntRegister                
00003a69  GPIOIntTypeSet                 
0000320b  GPIOPadConfigSet               
00003c09  GPIOPinConfigure               
000041bd  GPIOPinRead                    
00004005  GPIOPinTypeGPIOInput           
00003fd5  GPIOPinTypeGPIOOutput          
0000401b  GPIOPinTypePWM                 
00004031  GPIOPinTypeSSI                 
00004047  GPIOPinTypeUART                
000041c3  GPIOPinWrite                   
000038dd  IntEnable                      
000040cf  IntMasterEnable                
00003e5d  IntRegister                    
00003d0f  OLEDInitialise                 
00003ce9  OLEDStringDraw                 
00002fe9  OrbitOledAdvanceCursor         
00002485  OrbitOledClampXco              
000024a5  OrbitOledClampYco              
00002a91  OrbitOledClear                 
00002a9d  OrbitOledClearBuffer           
00002eb9  OrbitOledDefUserChar           
00002a0d  OrbitOledDevInit               
000022c7  OrbitOledDrawChar              
00002f71  OrbitOledDrawGlyph             
00001c8b  OrbitOledDrawPixel             
00001dd1  OrbitOledDrawRect              
00002327  OrbitOledDrawString            
00002993  OrbitOledDvrInit               
00001e55  OrbitOledFillRect              
00001f99  OrbitOledGetBmp                
00002f21  OrbitOledGetCharUpdate         
00002e9d  OrbitOledGetCursor             
00001c85  OrbitOledGetDrawMode           
00001cb7  OrbitOledGetPixel              
00001bdb  OrbitOledGetPos                
00001c0f  OrbitOledGetStdPattern         
000028c9  OrbitOledHostInit              
000028b5  OrbitOledInit                  
00001cd1  OrbitOledLineTo                
0000241d  OrbitOledMoveDown              
00002453  OrbitOledMoveLeft              
0000246b  OrbitOledMoveRight             
00001b95  OrbitOledMoveTo                
000023e5  OrbitOledMoveUp                
000020f9  OrbitOledPutBmp                
00002b27  OrbitOledPutBuffer             
00002f27  OrbitOledPutChar               
00002f45  OrbitOledPutString             
00002393  OrbitOledRopAnd                
0000236f  OrbitOledRopOr                 
00002345  OrbitOledRopSet                
000023b7  OrbitOledRopXor                
00002f09  OrbitOledSetCharUpdate         
00002e51  OrbitOledSetCursor             
00001bf7  OrbitOledSetDrawColor          
00001c31  OrbitOledSetDrawMode           
00001c21  OrbitOledSetFillPattern        
00002acd  OrbitOledUpdate                
00003ef1  PWMGenConfigure                
00004143  PWMGenEnable                   
000040df  PWMGenPeriodSet                
000040ad  PWMOutputState                 
00003f53  PWMPulseWidthSet               
00004167  ResetISR                       
UNDEFED   SHT$$INIT_ARRAY$$Base          
UNDEFED   SHT$$INIT_ARRAY$$Limit         
000041af  SSIBusy                        
000041c9  SSIClockSourceSet              
00003db1  SSIConfigSetExpClk             
0000414f  SSIDataGet                     
0000417d  SSIDataPut                     
00004187  SSIEnable                      
00002b8d  Ssi3PutByte                    
0000333d  SysCtlClockGet                 
0000344d  SysCtlClockSet                 
000041cf  SysCtlDelay                    
00003e91  SysCtlPeripheralEnable         
00003ded  SysCtlPeripheralReady          
0000405d  SysTickEnable                  
00004071  SysTickIntEnable               
0000026d  SysTickIntHandler              
00003f71  SysTickIntRegister             
000040f1  SysTickPeriodSet               
000039ad  TimerConfigure                 
0000410f  TimerEnable                    
00004191  TimerValueGet                  
0000419b  UARTCharPut                    
00003ca1  UARTConfigSetExpClk            
00003f15  UARTDisable                    
00004085  UARTEnable                     
000041a5  UARTFIFOEnable                 
000037cf  UARTSend                       
200007d8  __STACK_END                    
00000200  __STACK_SIZE                   
200007d8  __STACK_TOP                    
00000200  __SYSMEM_SIZE                  
00004878  __TI_CINIT_Base                
00004890  __TI_CINIT_Limit               
00004858  __TI_Handler_Table_Base        
00004864  __TI_Handler_Table_Limit       
000037fd  __TI_auto_init                 
20000a1c  __TI_cleanup_ptr               
00003945  __TI_decompress_lzss           
0000411d  __TI_decompress_none           
20000a20  __TI_dtors_ptr                 
20000a24  __TI_enable_exit_profile_output
ffffffff  __TI_pprof_out_hndl            
ffffffff  __TI_prof_data_size            
ffffffff  __TI_prof_data_start           
00000000  __TI_static_base__             
0000415b  __TI_zero_init                 
0000386d  __aeabi_d2f                    
0000305f  __aeabi_dadd                   
00003055  __aeabi_dsub                   
00003e25  __aeabi_f2d                    
000038db  __aeabi_idiv0                  
0000370f  __aeabi_memclr                 
0000370f  __aeabi_memclr4                
0000370f  __aeabi_memclr8                
000035f9  __aeabi_memcpy                 
000035f9  __aeabi_memcpy4                
000035f9  __aeabi_memcpy8                
00003711  __aeabi_memset                 
00003711  __aeabi_memset4                
00003711  __aeabi_memset8                
00003d71  __aeabi_uidiv                  
00003d71  __aeabi_uidivmod               
ffffffff  __binit__                      
ffffffff  __c_args__                     
00003ce7  __mpu_init                     
200005d8  __stack                        
00003fed  _args_main                     
00003ac1  _c_int00                       
20000a34  _lock                          
000040a7  _nop                           
0000409f  _register_lock                 
00004099  _register_unlock               
200007d8  _sys_memory                    
00003f13  _system_post_cinit             
000041d5  _system_pre_init               
20000a38  _unlock                        
00003b19  abort                          
ffffffff  binit                          
20000594  bnOledCur                      
00002885  calloc                         
00002dd3  checkButton                    
000009a1  checkInput                     
200005d4  clrOledCur                     
00000a71  control                        
00003c55  copy_in                        
00000477  display                        
20000598  dxcoOledFontCur                
2000059c  dycoOledFontCur                
00003b21  exit                           
200005a0  fOledCharUpdate                
000025cf  free                           
000035d3  freeCircBuf                    
20000000  g_pfnRAMVectors                
00000000  g_pfnVectors                   
200009fc  heliState                      
00000387  initADC                        
00002c31  initButtons                    
00003541  initCircBuf                    
000002c5  initClock                      
000003c3  initDisplay                    
0000042d  initSwInt                      
000003cb  initYaw                        
000002ed  initialisePWM                  
00003789  initialiseUSB_UART             
00000cb1  main                           
20000a3c  main_func_sp                   
00002565  malloc                         
00002799  memalign                       
000035f9  memcpy                         
00003717  memset                         
000024e5  minit                          
200005a4  modOledCur                     
200005a8  pbOledCur                      
200005ac  pbOledFontCur                  
200005b0  pbOledFontUser                 
200005b4  pbOledPatCur                   
200005b8  pfnDoRop                       
00000551  printStatus                    
0000359f  readCircBuf                    
0000268f  realloc                        
0000476c  rgbFillPat                     
2000026c  rgbOledBmp                     
000041d8  rgbOledFont0                   
2000046c  rgbOledFontUser                
0000093b  setDutyCycle                   
00000293  swIntHandler                   
000013f5  ulocaltime                     
000015f3  umktime                        
00002cff  updateButtons                  
00000729  update_yaw                     
00001b6d  urand                          
000013c5  usnprintf                      
00001393  usprintf                       
00001b5d  usrand                         
00001ad5  ustrcasecmp                    
00001b49  ustrcmp                        
000019d9  ustrlen                        
00001a31  ustrncasecmp                   
00001ae9  ustrncmp                       
00000f11  ustrncpy                       
000019fb  ustrstr                        
000017a1  ustrtof                        
00001669  ustrtoul                       
00000f69  uvsnprintf                     
0000356b  writeCircBuf                   
200005bc  xchOledCur                     
200005c0  xchOledMax                     
200005c4  xcoOledCur                     
00000281  yawIntHandler                  
200005c8  ychOledCur                     
200005cc  ychOledMax                     
200005d0  ycoOledCur                     


GLOBAL SYMBOLS: SORTED BY Symbol Address 

address   name                           
-------   ----                           
00000000  __TI_static_base__             
00000000  g_pfnVectors                   
00000200  __STACK_SIZE                   
00000200  __SYSMEM_SIZE                  
0000026d  SysTickIntHandler              
00000281  yawIntHandler                  
00000293  swIntHandler                   
000002a7  ADCIntHandler                  
000002c5  initClock                      
000002ed  initialisePWM                  
00000387  initADC                        
000003c3  initDisplay                    
000003cb  initYaw                        
0000042d  initSwInt                      
00000477  display                        
00000551  printStatus                    
00000729  update_yaw                     
0000093b  setDutyCycle                   
000009a1  checkInput                     
00000a71  control                        
00000cb1  main                           
00000f11  ustrncpy                       
00000f69  uvsnprintf                     
00001393  usprintf                       
000013c5  usnprintf                      
000013f5  ulocaltime                     
000015f3  umktime                        
00001669  ustrtoul                       
000017a1  ustrtof                        
000019d9  ustrlen                        
000019fb  ustrstr                        
00001a31  ustrncasecmp                   
00001ad5  ustrcasecmp                    
00001ae9  ustrncmp                       
00001b49  ustrcmp                        
00001b5d  usrand                         
00001b6d  urand                          
00001b95  OrbitOledMoveTo                
00001bdb  OrbitOledGetPos                
00001bf7  OrbitOledSetDrawColor          
00001c0f  OrbitOledGetStdPattern         
00001c21  OrbitOledSetFillPattern        
00001c31  OrbitOledSetDrawMode           
00001c85  OrbitOledGetDrawMode           
00001c8b  OrbitOledDrawPixel             
00001cb7  OrbitOledGetPixel              
00001cd1  OrbitOledLineTo                
00001dd1  OrbitOledDrawRect              
00001e55  OrbitOledFillRect              
00001f99  OrbitOledGetBmp                
000020f9  OrbitOledPutBmp                
000022c7  OrbitOledDrawChar              
00002327  OrbitOledDrawString            
00002345  OrbitOledRopSet                
0000236f  OrbitOledRopOr                 
00002393  OrbitOledRopAnd                
000023b7  OrbitOledRopXor                
000023e5  OrbitOledMoveUp                
0000241d  OrbitOledMoveDown              
00002453  OrbitOledMoveLeft              
0000246b  OrbitOledMoveRight             
00002485  OrbitOledClampXco              
000024a5  OrbitOledClampYco              
000024e5  minit                          
00002565  malloc                         
000025cf  free                           
0000268f  realloc                        
00002799  memalign                       
00002885  calloc                         
000028b5  OrbitOledInit                  
000028c9  OrbitOledHostInit              
00002993  OrbitOledDvrInit               
00002a0d  OrbitOledDevInit               
00002a91  OrbitOledClear                 
00002a9d  OrbitOledClearBuffer           
00002acd  OrbitOledUpdate                
00002b27  OrbitOledPutBuffer             
00002b8d  Ssi3PutByte                    
00002c31  initButtons                    
00002cff  updateButtons                  
00002dd3  checkButton                    
00002e51  OrbitOledSetCursor             
00002e9d  OrbitOledGetCursor             
00002eb9  OrbitOledDefUserChar           
00002f09  OrbitOledSetCharUpdate         
00002f21  OrbitOledGetCharUpdate         
00002f27  OrbitOledPutChar               
00002f45  OrbitOledPutString             
00002f71  OrbitOledDrawGlyph             
00002fe9  OrbitOledAdvanceCursor         
00003055  __aeabi_dsub                   
0000305f  __aeabi_dadd                   
0000320b  GPIOPadConfigSet               
0000333d  SysCtlClockGet                 
0000344d  SysCtlClockSet                 
00003541  initCircBuf                    
0000356b  writeCircBuf                   
0000359f  readCircBuf                    
000035d3  freeCircBuf                    
000035f9  __aeabi_memcpy                 
000035f9  __aeabi_memcpy4                
000035f9  __aeabi_memcpy8                
000035f9  memcpy                         
00003695  ADCSequenceStepConfigure       
0000370f  __aeabi_memclr                 
0000370f  __aeabi_memclr4                
0000370f  __aeabi_memclr8                
00003711  __aeabi_memset                 
00003711  __aeabi_memset4                
00003711  __aeabi_memset8                
00003717  memset                         
00003789  initialiseUSB_UART             
000037cf  UARTSend                       
000037fd  __TI_auto_init                 
0000386d  __aeabi_d2f                    
000038db  __aeabi_idiv0                  
000038dd  IntEnable                      
00003945  __TI_decompress_lzss           
000039ad  TimerConfigure                 
00003a0d  DelayInit                      
00003a27  DelayMs                        
00003a69  GPIOIntTypeSet                 
00003ac1  _c_int00                       
00003b15  C$$EXIT                        
00003b19  abort                          
00003b21  exit                           
00003b69  ADCSequenceConfigure           
00003c09  GPIOPinConfigure               
00003c55  copy_in                        
00003ca1  UARTConfigSetExpClk            
00003ce7  __mpu_init                     
00003ce9  OLEDStringDraw                 
00003d0f  OLEDInitialise                 
00003d71  __aeabi_uidiv                  
00003d71  __aeabi_uidivmod               
00003db1  SSIConfigSetExpClk             
00003ded  SysCtlPeripheralReady          
00003e25  __aeabi_f2d                    
00003e5d  IntRegister                    
00003e91  SysCtlPeripheralEnable         
00003ec5  GPIODirModeSet                 
00003ef1  PWMGenConfigure                
00003f13  _system_post_cinit             
00003f15  UARTDisable                    
00003f35  ADCSequenceDataGet             
00003f53  PWMPulseWidthSet               
00003f71  SysTickIntRegister             
00003f8d  ADCIntRegister                 
00003fa5  ADCProcessorTrigger            
00003fbd  GPIOIntRegister                
00003fd5  GPIOPinTypeGPIOOutput          
00003fed  _args_main                     
00004005  GPIOPinTypeGPIOInput           
0000401b  GPIOPinTypePWM                 
00004031  GPIOPinTypeSSI                 
00004047  GPIOPinTypeUART                
0000405d  SysTickEnable                  
00004071  SysTickIntEnable               
00004085  UARTEnable                     
00004099  _register_unlock               
0000409f  _register_lock                 
000040a7  _nop                           
000040ad  PWMOutputState                 
000040bf  ADCIntEnable                   
000040cf  IntMasterEnable                
000040df  PWMGenPeriodSet                
000040f1  SysTickPeriodSet               
00004101  ADCSequenceEnable              
0000410f  TimerEnable                    
0000411d  __TI_decompress_none           
0000412b  CPUcpsie                       
00004137  GPIOIntEnable                  
00004143  PWMGenEnable                   
0000414f  SSIDataGet                     
0000415b  __TI_zero_init                 
00004167  ResetISR                       
00004173  ADCIntClear                    
0000417d  SSIDataPut                     
00004187  SSIEnable                      
00004191  TimerValueGet                  
0000419b  UARTCharPut                    
000041a5  UARTFIFOEnable                 
000041af  SSIBusy                        
000041b7  GPIOIntClear                   
000041bd  GPIOPinRead                    
000041c3  GPIOPinWrite                   
000041c9  SSIClockSourceSet              
000041cf  SysCtlDelay                    
000041d5  _system_pre_init               
000041d8  rgbOledFont0                   
0000476c  rgbFillPat                     
00004858  __TI_Handler_Table_Base        
00004864  __TI_Handler_Table_Limit       
00004878  __TI_CINIT_Base                
00004890  __TI_CINIT_Limit               
20000000  g_pfnRAMVectors                
2000026c  rgbOledBmp                     
2000046c  rgbOledFontUser                
20000594  bnOledCur                      
20000598  dxcoOledFontCur                
2000059c  dycoOledFontCur                
200005a0  fOledCharUpdate                
200005a4  modOledCur                     
200005a8  pbOledCur                      
200005ac  pbOledFontCur                  
200005b0  pbOledFontUser                 
200005b4  pbOledPatCur                   
200005b8  pfnDoRop                       
200005bc  xchOledCur                     
200005c0  xchOledMax                     
200005c4  xcoOledCur                     
200005c8  ychOledCur                     
200005cc  ychOledMax                     
200005d0  ycoOledCur                     
200005d4  clrOledCur                     
200005d8  __stack                        
200007d8  __STACK_END                    
200007d8  __STACK_TOP                    
200007d8  _sys_memory                    
200009fc  heliState                      
20000a1c  __TI_cleanup_ptr               
20000a20  __TI_dtors_ptr                 
20000a24  __TI_enable_exit_profile_output
20000a34  _lock                          
20000a38  _unlock                        
20000a3c  main_func_sp                   
ffffffff  __TI_pprof_out_hndl            
ffffffff  __TI_prof_data_size            
ffffffff  __TI_prof_data_start           
ffffffff  __binit__                      
ffffffff  __c_args__                     
ffffffff  binit                          
UNDEFED   SHT$$INIT_ARRAY$$Base          
UNDEFED   SHT$$INIT_ARRAY$$Limit         

[234 symbols]
