******************************************************************************
                  TI ARM Linker PC v16.9.9                     
******************************************************************************
>> Linked Tue May 14 09:35:41 2019

OUTPUT FILE NAME:   <tue_am_group-10.out>
ENTRY POINT SYMBOL: "_c_int00"  address: 00003a25


MEMORY CONFIGURATION

         name            origin    length      used     unused   attr    fill
----------------------  --------  ---------  --------  --------  ----  --------
  FLASH                 00000000   00040000  0000482a  0003b7d6  R  X
  SRAM                  20000000   00008000  00000a49  000075b7  RW X


SEGMENT ALLOCATION MAP

run origin  load origin   length   init length attrs members
----------  ----------- ---------- ----------- ----- -------
00000000    00000000    00004830   00004830    r-x
  00000000    00000000    0000026c   0000026c    r-- .intvecs
  0000026c    0000026c    00003f1e   00003f1e    r-x .text
  0000418c    0000418c    00000648   00000648    r-- .const
  000047d8    000047d8    00000058   00000058    r-- .cinit
20000000    20000000    00000a50   00000000    rw-
  20000000    20000000    0000026c   00000000    rw- .vtable
  2000026c    2000026c    00000375   00000000    rw- .bss
  200005e4    200005e4    00000200   00000000    rw- .stack
  200007e8    200007e8    00000200   00000000    rw- .sysmem
  200009e8    200009e8    00000068   00000000    rw- .data


SECTION ALLOCATION MAP

 output                                  attributes/
section   page    origin      length       input sections
--------  ----  ----------  ----------   ----------------
.intvecs   0    00000000    0000026c     
                  00000000    0000026c     tm4c123gh6pm_startup_ccs.obj (.intvecs)

.text      0    0000026c    00003f1e     
                  0000026c    00000c84     ustdlib.obj (.text)
                  00000ef0    000009f0     display.obj (.text)
                  000018e0    00000950     OrbitOledGrph.obj (.text)
                  00002230    000003d0     rtsv7M4_T_le_v4SPD16_eabi.lib : memory.obj (.text)
                  00002600    0000037c     OrbitOled.obj (.text)
                  0000297c    00000268     input.obj (.text)
                  00002be4    00000204     OrbitOledChar.obj (.text)
                  00002de8    000001b6     rtsv7M4_T_le_v4SPD16_eabi.lib : fd_add_t2.obj (.text)
                  00002f9e    00000132     driverlib.lib : gpio.obj (.text:GPIOPadConfigSet)
                  000030d0    00000114     pwm.obj (.text)
                  000031e4    00000110     driverlib.lib : sysctl.obj (.text:SysCtlClockGet)
                  000032f4    000000f4                   : sysctl.obj (.text:SysCtlClockSet)
                  000033e8    000000bc     ADC.obj (.text)
                  000034a4    000000b8     circBufT.obj (.text)
                  0000355c    0000009c     rtsv7M4_T_le_v4SPD16_eabi.lib : memcpy_t2.obj (.text)
                  000035f8    0000007a     driverlib.lib : adc.obj (.text:ADCSequenceStepConfigure)
                  00003672    0000007a     rtsv7M4_T_le_v4SPD16_eabi.lib : memset_t2.obj (.text)
                  000036ec    00000074     uart.obj (.text)
                  00003760    00000070     rtsv7M4_T_le_v4SPD16_eabi.lib : autoinit.obj (.text)
                  000037d0    0000006e                                   : fd_tos_t2.obj (.text)
                  0000383e    00000002                                   : i_div0.obj (.text)
                  00003840    00000068     driverlib.lib : interrupt.obj (.text:IntEnable)
                  000038a8    00000068     rtsv7M4_T_le_v4SPD16_eabi.lib : copy_decompress_lzss.obj (.text:decompress:lzss)
                  00003910    00000060     driverlib.lib : timer.obj (.text:TimerConfigure)
                  00003970    0000005c     delay.obj (.text)
                  000039cc    00000058     driverlib.lib : gpio.obj (.text:GPIOIntTypeSet)
                  00003a24    00000054     rtsv7M4_T_le_v4SPD16_eabi.lib : boot.obj (.text)
                  00003a78    00000054                                   : exit.obj (.text)
                  00003acc    00000050     driverlib.lib : adc.obj (.text:ADCSequenceConfigure)
                  00003b1c    00000050                   : adc.obj (.text:_ADCIntNumberGet)
                  00003b6c    0000004c                   : gpio.obj (.text:GPIOPinConfigure)
                  00003bb8    0000004c     rtsv7M4_T_le_v4SPD16_eabi.lib : cpy_tbl.obj (.text)
                  00003c04    00000046     driverlib.lib : uart.obj (.text:UARTConfigSetExpClk)
                  00003c4a    00000002     rtsv7M4_T_le_v4SPD16_eabi.lib : mpu_init.obj (.text)
                  00003c4c    00000044     OrbitOLEDInterface.obj (.text)
                  00003c90    00000044     driverlib.lib : gpio.obj (.text:_GPIOIntNumberGet)
                  00003cd4    00000040     clock.obj (.text)
                  00003d14    00000040     rtsv7M4_T_le_v4SPD16_eabi.lib : u_divt2.obj (.text)
                  00003d54    0000003c     driverlib.lib : ssi.obj (.text:SSIConfigSetExpClk)
                  00003d90    00000038                   : sysctl.obj (.text:SysCtlPeripheralReady)
                  00003dc8    00000038     rtsv7M4_T_le_v4SPD16_eabi.lib : fs_tod_t2.obj (.text)
                  00003e00    00000034     driverlib.lib : interrupt.obj (.text:IntRegister)
                  00003e34    00000034                   : sysctl.obj (.text:SysCtlPeripheralEnable)
                  00003e68    0000002c                   : gpio.obj (.text:GPIODirModeSet)
                  00003e94    00000022                   : pwm.obj (.text:PWMGenConfigure)
                  00003eb6    00000002     rtsv7M4_T_le_v4SPD16_eabi.lib : startup.obj (.text)
                  00003eb8    00000020     driverlib.lib : uart.obj (.text:UARTDisable)
                  00003ed8    0000001e                   : adc.obj (.text:ADCSequenceDataGet)
                  00003ef6    0000001e                   : pwm.obj (.text:PWMPulseWidthSet)
                  00003f14    0000001c                   : systick.obj (.text:SysTickIntRegister)
                  00003f30    00000018                   : adc.obj (.text:ADCIntRegister)
                  00003f48    00000018                   : adc.obj (.text:ADCProcessorTrigger)
                  00003f60    00000018                   : gpio.obj (.text:GPIOIntRegister)
                  00003f78    00000018                   : gpio.obj (.text:GPIOPinTypeGPIOOutput)
                  00003f90    00000018     rtsv7M4_T_le_v4SPD16_eabi.lib : args_main.obj (.text)
                  00003fa8    00000016     driverlib.lib : gpio.obj (.text:GPIOPinTypeGPIOInput)
                  00003fbe    00000016                   : gpio.obj (.text:GPIOPinTypePWM)
                  00003fd4    00000016                   : gpio.obj (.text:GPIOPinTypeSSI)
                  00003fea    00000016                   : gpio.obj (.text:GPIOPinTypeUART)
                  00004000    00000014                   : systick.obj (.text:SysTickEnable)
                  00004014    00000014                   : systick.obj (.text:SysTickIntEnable)
                  00004028    00000014                   : uart.obj (.text:UARTEnable)
                  0000403c    00000014     rtsv7M4_T_le_v4SPD16_eabi.lib : _lock.obj (.text)
                  00004050    00000012     driverlib.lib : pwm.obj (.text:PWMOutputState)
                  00004062    00000010                   : adc.obj (.text:ADCIntEnable)
                  00004072    00000010                   : interrupt.obj (.text:IntMasterEnable)
                  00004082    00000010                   : pwm.obj (.text:PWMGenPeriodSet)
                  00004092    00000002     --HOLE-- [fill = 0]
                  00004094    00000010                   : systick.obj (.text:SysTickPeriodSet)
                  000040a4    0000000e                   : adc.obj (.text:ADCSequenceEnable)
                  000040b2    0000000e                   : timer.obj (.text:TimerEnable)
                  000040c0    0000000e     rtsv7M4_T_le_v4SPD16_eabi.lib : copy_decompress_none.obj (.text:decompress:none)
                  000040ce    0000000c     driverlib.lib : cpu.obj (.text:CPUcpsie)
                  000040da    0000000c                   : gpio.obj (.text:GPIOIntEnable)
                  000040e6    0000000c                   : pwm.obj (.text:PWMGenEnable)
                  000040f2    0000000c                   : ssi.obj (.text:SSIDataGet)
                  000040fe    00000002     --HOLE-- [fill = 0]
                  00004100    0000000c                   : systick.obj (.text:SysTickValueGet)
                  0000410c    0000000c     rtsv7M4_T_le_v4SPD16_eabi.lib : copy_zero_init.obj (.text:decompress:ZI)
                  00004118    0000000c     tm4c123gh6pm_startup_ccs.obj (.text)
                  00004124    0000000a     driverlib.lib : adc.obj (.text:ADCIntClear)
                  0000412e    0000000a                   : ssi.obj (.text:SSIDataPut)
                  00004138    0000000a                   : ssi.obj (.text:SSIEnable)
                  00004142    0000000a                   : timer.obj (.text:TimerValueGet)
                  0000414c    0000000a                   : uart.obj (.text:UARTCharPut)
                  00004156    0000000a                   : uart.obj (.text:UARTFIFOEnable)
                  00004160    00000008                   : ssi.obj (.text:SSIBusy)
                  00004168    00000006                   : gpio.obj (.text:GPIOIntClear)
                  0000416e    00000006                   : gpio.obj (.text:GPIOPinRead)
                  00004174    00000006                   : gpio.obj (.text:GPIOPinWrite)
                  0000417a    00000006                   : ssi.obj (.text:SSIClockSourceSet)
                  00004180    00000006                   : sysctl.obj (.text:SysCtlDelay)
                  00004186    00000004     rtsv7M4_T_le_v4SPD16_eabi.lib : pre_init.obj (.text)

.const     0    0000418c    00000648     
                  0000418c    00000300     ChrFont0.obj (.const:.string:rgbOledFont0)
                  0000448c    000000d8     driverlib.lib : gpio.obj (.const:g_ppui32GPIOIntMapSnowflake)
                  00004564    000000c0                   : gpio.obj (.const:g_ppui32GPIOIntMapBlizzard)
                  00004624    00000090                   : gpio.obj (.const:g_pui32GPIOBaseAddrs)
                  000046b4    0000006c                   : sysctl.obj (.const:g_pui32Xtals)
                  00004720    00000040     FillPat.obj (.const:.string:rgbFillPat)
                  00004760    00000030     ustdlib.obj (.const:g_psDaysToMonth)
                  00004790    00000018     ustdlib.obj (.const:g_pfExponents)
                  000047a8    00000014     driverlib.lib : interrupt.obj (.const:g_pui32EnRegs)
                  000047bc    00000012     ustdlib.obj (.const:.string)
                  000047ce    00000002     --HOLE-- [fill = 0]
                  000047d0    00000004     ustdlib.obj (.const)

.cinit     0    000047d8    00000058     
                  000047d8    00000023     (.cinit..data.load) [load image, compression = lzss]
                  000047fb    00000001     --HOLE-- [fill = 0]
                  000047fc    0000000c     (__TI_handler_table)
                  00004808    00000008     (.cinit..bss.load) [load image, compression = zero_init]
                  00004810    00000008     (.cinit..vtable.load) [load image, compression = zero_init]
                  00004818    00000018     (__TI_cinit_table)

.init_array 
*          0    00000000    00000000     UNINITIALIZED

.vtable    0    20000000    0000026c     UNINITIALIZED
                  20000000    0000026c     driverlib.lib : interrupt.obj (.vtable)

.bss       0    2000026c    00000375     UNINITIALIZED
                  2000026c    00000200     (.common:rgbOledBmp)
                  2000046c    00000100     (.common:rgbOledFontUser)
                  2000056c    00000010     ADC.obj (.bss:g_inBuffer)
                  2000057c    00000008     input.obj (.bss:but_count)
                  20000584    00000008     input.obj (.bss:but_flag)
                  2000058c    00000008     input.obj (.bss:but_normal)
                  20000594    00000008     input.obj (.bss:but_state)
                  2000059c    00000004     display.obj (.bss)
                  200005a0    00000004     (.common:bnOledCur)
                  200005a4    00000004     (.common:dxcoOledFontCur)
                  200005a8    00000004     (.common:dycoOledFontCur)
                  200005ac    00000004     (.common:fOledCharUpdate)
                  200005b0    00000004     (.common:modOledCur)
                  200005b4    00000004     (.common:pbOledCur)
                  200005b8    00000004     (.common:pbOledFontCur)
                  200005bc    00000004     (.common:pbOledFontUser)
                  200005c0    00000004     (.common:pbOledPatCur)
                  200005c4    00000004     (.common:pfnDoRop)
                  200005c8    00000004     (.common:xchOledCur)
                  200005cc    00000004     (.common:xchOledMax)
                  200005d0    00000004     (.common:xcoOledCur)
                  200005d4    00000004     (.common:ychOledCur)
                  200005d8    00000004     (.common:ychOledMax)
                  200005dc    00000004     (.common:ycoOledCur)
                  200005e0    00000001     (.common:clrOledCur)

.stack     0    200005e4    00000200     UNINITIALIZED
                  200005e4    00000200     --HOLE--

.sysmem    0    200007e8    00000200     UNINITIALIZED
                  200007e8    00000008     rtsv7M4_T_le_v4SPD16_eabi.lib : memory.obj (.sysmem)
                  200007f0    000001f8     --HOLE--

.data      0    200009e8    00000068     UNINITIALIZED
                  200009e8    00000040     display.obj (.data)
                  20000a28    0000000c     rtsv7M4_T_le_v4SPD16_eabi.lib : exit.obj (.data:$O1$$)
                  20000a34    0000000c                                   : memory.obj (.data:$O1$$)
                  20000a40    00000008                                   : _lock.obj (.data:$O1$$)
                  20000a48    00000004                                   : stkdepth_vars.obj (.data)
                  20000a4c    00000004     ustdlib.obj (.data)

MODULE SUMMARY

       Module                         code    ro data   rw data
       ------                         ----    -------   -------
    .\
       ustdlib.obj                    3204    94        4      
       display.obj                    2544    0         68     
       input.obj                      616     0         32     
       tm4c123gh6pm_startup_ccs.obj   12      620       0      
       pwm.obj                        276     0         0      
       ADC.obj                        188     0         16     
       circBufT.obj                   184     0         0      
       uart.obj                       116     0         0      
       clock.obj                      64      0         0      
    +--+------------------------------+-------+---------+---------+
       Total:                         7204    714       120    
                                                               
    .\OrbitOLED\
       OrbitOLEDInterface.obj         68      0         0      
    +--+------------------------------+-------+---------+---------+
       Total:                         68      0         0      
                                                               
    .\OrbitOLED\lib_OrbitOled\
       OrbitOledGrph.obj              2384    0         8      
       OrbitOled.obj                  892     0         553    
       OrbitOledChar.obj              516     0         272    
       ChrFont0.obj                   0       768       0      
       delay.obj                      92      0         0      
       FillPat.obj                    0       64        0      
    +--+------------------------------+-------+---------+---------+
       Total:                         3884    832       833    
                                                               
    C:/ti/TivaWare_C_Series-2.1.4.178/driverlib/ccs/Debug/driverlib.lib
       gpio.obj                       748     552       0      
       interrupt.obj                  172     20        620    
       sysctl.obj                     630     108       0      
       adc.obj                        400     0         0      
       uart.obj                       142     0         0      
       timer.obj                      120     0         0      
       pwm.obj                        110     0         0      
       ssi.obj                        106     0         0      
       systick.obj                    96      0         0      
       cpu.obj                        12      0         0      
    +--+------------------------------+-------+---------+---------+
       Total:                         2536    680       620    
                                                               
    C:\ti\ccsv7\tools\compiler\ti-cgt-arm_16.9.9.LTS\lib\rtsv7M4_T_le_v4SPD16_eabi.lib
       memory.obj                     976     0         12     
       fd_add_t2.obj                  438     0         0      
       memcpy_t2.obj                  156     0         0      
       memset_t2.obj                  122     0         0      
       autoinit.obj                   112     0         0      
       fd_tos_t2.obj                  110     0         0      
       copy_decompress_lzss.obj       104     0         0      
       exit.obj                       84      0         12     
       boot.obj                       84      0         0      
       cpy_tbl.obj                    76      0         0      
       u_divt2.obj                    64      0         0      
       fs_tod_t2.obj                  56      0         0      
       _lock.obj                      20      0         8      
       args_main.obj                  24      0         0      
       copy_decompress_none.obj       14      0         0      
       copy_zero_init.obj             12      0         0      
       pre_init.obj                   4       0         0      
       stkdepth_vars.obj              0       0         4      
       i_div0.obj                     2       0         0      
       mpu_init.obj                   2       0         0      
       startup.obj                    2       0         0      
    +--+------------------------------+-------+---------+---------+
       Total:                         2462    0         36     
                                                               
       Heap:                          0       0         512    
       Stack:                         0       0         512    
       Linker Generated:              0       87        0      
    +--+------------------------------+-------+---------+---------+
       Grand Total:                   16154   2313      2633   


LINKER GENERATED COPY TABLES

__TI_cinit_table @ 00004818 records: 3, size/record: 8, table size: 24
	.data: load addr=000047d8, load size=00000023 bytes, run addr=200009e8, run size=00000068 bytes, compression=lzss
	.bss: load addr=00004808, load size=00000008 bytes, run addr=2000026c, run size=00000375 bytes, compression=zero_init
	.vtable: load addr=00004810, load size=00000008 bytes, run addr=20000000, run size=0000026c bytes, compression=zero_init


LINKER GENERATED HANDLER TABLE

__TI_handler_table @ 000047fc records: 3, size/record: 4, table size: 12
	index: 0, handler: __TI_zero_init
	index: 1, handler: __TI_decompress_lzss
	index: 2, handler: __TI_decompress_none


GLOBAL SYMBOLS: SORTED ALPHABETICALLY BY Name 

address   name                           
-------   ----                           
00004125  ADCIntClear                    
00004063  ADCIntEnable                   
000033e9  ADCIntHandler                  
00003f31  ADCIntRegister                 
00003f49  ADCProcessorTrigger            
00003acd  ADCSequenceConfigure           
00003ed9  ADCSequenceDataGet             
000040a5  ADCSequenceEnable              
000035f9  ADCSequenceStepConfigure       
00003a79  C$$EXIT                        
000040cf  CPUcpsie                       
00003971  DelayInit                      
0000398b  DelayMs                        
00003e69  GPIODirModeSet                 
00004169  GPIOIntClear                   
000040db  GPIOIntEnable                  
00003f61  GPIOIntRegister                
000039cd  GPIOIntTypeSet                 
00002f9f  GPIOPadConfigSet               
00003b6d  GPIOPinConfigure               
0000416f  GPIOPinRead                    
00003fa9  GPIOPinTypeGPIOInput           
00003f79  GPIOPinTypeGPIOOutput          
00003fbf  GPIOPinTypePWM                 
00003fd5  GPIOPinTypeSSI                 
00003feb  GPIOPinTypeUART                
00004175  GPIOPinWrite                   
00003841  IntEnable                      
00004073  IntMasterEnable                
00003e01  IntRegister                    
00003c73  OLEDInitialise                 
00003c4d  OLEDStringDraw                 
00002d7d  OrbitOledAdvanceCursor         
000021d1  OrbitOledClampXco              
000021f1  OrbitOledClampYco              
000027dd  OrbitOledClear                 
000027e9  OrbitOledClearBuffer           
00002c4d  OrbitOledDefUserChar           
00002759  OrbitOledDevInit               
00002013  OrbitOledDrawChar              
00002d05  OrbitOledDrawGlyph             
000019d7  OrbitOledDrawPixel             
00001b1d  OrbitOledDrawRect              
00002073  OrbitOledDrawString            
000026df  OrbitOledDvrInit               
00001ba1  OrbitOledFillRect              
00001ce5  OrbitOledGetBmp                
00002cb5  OrbitOledGetCharUpdate         
00002c31  OrbitOledGetCursor             
000019d1  OrbitOledGetDrawMode           
00001a03  OrbitOledGetPixel              
00001927  OrbitOledGetPos                
0000195b  OrbitOledGetStdPattern         
00002615  OrbitOledHostInit              
00002601  OrbitOledInit                  
00001a1d  OrbitOledLineTo                
00002169  OrbitOledMoveDown              
0000219f  OrbitOledMoveLeft              
000021b7  OrbitOledMoveRight             
000018e1  OrbitOledMoveTo                
00002131  OrbitOledMoveUp                
00001e45  OrbitOledPutBmp                
00002873  OrbitOledPutBuffer             
00002cbb  OrbitOledPutChar               
00002cd9  OrbitOledPutString             
000020df  OrbitOledRopAnd                
000020bb  OrbitOledRopOr                 
00002091  OrbitOledRopSet                
00002103  OrbitOledRopXor                
00002c9d  OrbitOledSetCharUpdate         
00002be5  OrbitOledSetCursor             
00001943  OrbitOledSetDrawColor          
0000197d  OrbitOledSetDrawMode           
0000196d  OrbitOledSetFillPattern        
00002819  OrbitOledUpdate                
00003e95  PWMGenConfigure                
000040e7  PWMGenEnable                   
00004083  PWMGenPeriodSet                
00004051  PWMOutputState                 
00003ef7  PWMPulseWidthSet               
00004119  ResetISR                       
UNDEFED   SHT$$INIT_ARRAY$$Base          
UNDEFED   SHT$$INIT_ARRAY$$Limit         
00004161  SSIBusy                        
0000417b  SSIClockSourceSet              
00003d55  SSIConfigSetExpClk             
000040f3  SSIDataGet                     
0000412f  SSIDataPut                     
00004139  SSIEnable                      
000028d9  Ssi3PutByte                    
000031e5  SysCtlClockGet                 
000032f5  SysCtlClockSet                 
00004181  SysCtlDelay                    
00003e35  SysCtlPeripheralEnable         
00003d91  SysCtlPeripheralReady          
00004001  SysTickEnable                  
00004015  SysTickIntEnable               
00003cd5  SysTickIntHandler              
00003f15  SysTickIntRegister             
00004095  SysTickPeriodSet               
00004101  SysTickValueGet                
00003911  TimerConfigure                 
000040b3  TimerEnable                    
00004143  TimerValueGet                  
0000414d  UARTCharPut                    
00003c05  UARTConfigSetExpClk            
00003eb9  UARTDisable                    
00004029  UARTEnable                     
00004157  UARTFIFOEnable                 
00003733  UARTSend                       
200007e4  __STACK_END                    
00000200  __STACK_SIZE                   
200007e4  __STACK_TOP                    
00000200  __SYSMEM_SIZE                  
00004818  __TI_CINIT_Base                
00004830  __TI_CINIT_Limit               
000047fc  __TI_Handler_Table_Base        
00004808  __TI_Handler_Table_Limit       
00003761  __TI_auto_init                 
20000a28  __TI_cleanup_ptr               
000038a9  __TI_decompress_lzss           
000040c1  __TI_decompress_none           
20000a2c  __TI_dtors_ptr                 
20000a30  __TI_enable_exit_profile_output
ffffffff  __TI_pprof_out_hndl            
ffffffff  __TI_prof_data_size            
ffffffff  __TI_prof_data_start           
00000000  __TI_static_base__             
0000410d  __TI_zero_init                 
000037d1  __aeabi_d2f                    
00002df3  __aeabi_dadd                   
00002de9  __aeabi_dsub                   
00003dc9  __aeabi_f2d                    
0000383f  __aeabi_idiv0                  
00003673  __aeabi_memclr                 
00003673  __aeabi_memclr4                
00003673  __aeabi_memclr8                
0000355d  __aeabi_memcpy                 
0000355d  __aeabi_memcpy4                
0000355d  __aeabi_memcpy8                
00003675  __aeabi_memset                 
00003675  __aeabi_memset4                
00003675  __aeabi_memset8                
00003d15  __aeabi_uidiv                  
00003d15  __aeabi_uidivmod               
ffffffff  __binit__                      
ffffffff  __c_args__                     
00003c4b  __mpu_init                     
200005e4  __stack                        
00003f91  _args_main                     
00003a25  _c_int00                       
20000a40  _lock                          
0000404b  _nop                           
00004043  _register_lock                 
0000403d  _register_unlock               
200007e8  _sys_memory                    
00003eb7  _system_post_cinit             
00004187  _system_pre_init               
20000a44  _unlock                        
00003a7d  abort                          
ffffffff  binit                          
200005a0  bnOledCur                      
0000344b  calculateMeanADC               
000025d1  calloc                         
00002b61  checkInput                     
00001189  checkInputStatus               
200005e0  clrOledCur                     
00001261  control                        
00003bb9  copy_in                        
0000166d  displayStatusOLED              
00001715  displayStatusUART              
200005a4  dxcoOledFontCur                
200005a8  dycoOledFontCur                
00003a85  exit                           
200005ac  fOledCharUpdate                
0000231b  free                           
00003537  freeCircBuf                    
20000000  g_pfnRAMVectors                
00000000  g_pfnVectors                   
20000a08  heliState                      
00003407  initADC                        
000034a5  initCircBuf                    
00003ce1  initClock                      
0000297d  initInput                      
00000f03  initYaw                        
00001645  initialiseDisplay              
000030d1  initialisePWM                  
000036ed  initialiseUSB_UART             
00001495  main                           
20000a48  main_func_sp                   
000022b1  malloc                         
000024e5  memalign                       
0000355d  memcpy                         
0000367b  memset                         
00002231  minit                          
200005b0  modOledCur                     
200005b4  pbOledCur                      
200005b8  pbOledFontCur                  
200005bc  pbOledFontUser                 
200005c0  pbOledPatCur                   
200005c4  pfnDoRop                       
00003503  readCircBuf                    
000023db  realloc                        
00004720  rgbFillPat                     
2000026c  rgbOledBmp                     
0000418c  rgbOledFont0                   
2000046c  rgbOledFontUser                
0000316b  setDutyCycle                   
00000751  ulocaltime                     
0000094f  umktime                        
00002a6f  updateInput                    
00000f65  update_yaw                     
00000ec9  urand                          
00000721  usnprintf                      
000006ef  usprintf                       
00000eb9  usrand                         
00000e31  ustrcasecmp                    
00000ea5  ustrcmp                        
00000d35  ustrlen                        
00000d8d  ustrncasecmp                   
00000e45  ustrncmp                       
0000026d  ustrncpy                       
00000d57  ustrstr                        
00000afd  ustrtof                        
000009c5  ustrtoul                       
000002c5  uvsnprintf                     
000034cf  writeCircBuf                   
200005c8  xchOledCur                     
200005cc  xchOledMax                     
200005d0  xcoOledCur                     
00000ef1  yawIntHandler                  
200005d4  ychOledCur                     
200005d8  ychOledMax                     
200005dc  ycoOledCur                     


GLOBAL SYMBOLS: SORTED BY Symbol Address 

address   name                           
-------   ----                           
00000000  __TI_static_base__             
00000000  g_pfnVectors                   
00000200  __STACK_SIZE                   
00000200  __SYSMEM_SIZE                  
0000026d  ustrncpy                       
000002c5  uvsnprintf                     
000006ef  usprintf                       
00000721  usnprintf                      
00000751  ulocaltime                     
0000094f  umktime                        
000009c5  ustrtoul                       
00000afd  ustrtof                        
00000d35  ustrlen                        
00000d57  ustrstr                        
00000d8d  ustrncasecmp                   
00000e31  ustrcasecmp                    
00000e45  ustrncmp                       
00000ea5  ustrcmp                        
00000eb9  usrand                         
00000ec9  urand                          
00000ef1  yawIntHandler                  
00000f03  initYaw                        
00000f65  update_yaw                     
00001189  checkInputStatus               
00001261  control                        
00001495  main                           
00001645  initialiseDisplay              
0000166d  displayStatusOLED              
00001715  displayStatusUART              
000018e1  OrbitOledMoveTo                
00001927  OrbitOledGetPos                
00001943  OrbitOledSetDrawColor          
0000195b  OrbitOledGetStdPattern         
0000196d  OrbitOledSetFillPattern        
0000197d  OrbitOledSetDrawMode           
000019d1  OrbitOledGetDrawMode           
000019d7  OrbitOledDrawPixel             
00001a03  OrbitOledGetPixel              
00001a1d  OrbitOledLineTo                
00001b1d  OrbitOledDrawRect              
00001ba1  OrbitOledFillRect              
00001ce5  OrbitOledGetBmp                
00001e45  OrbitOledPutBmp                
00002013  OrbitOledDrawChar              
00002073  OrbitOledDrawString            
00002091  OrbitOledRopSet                
000020bb  OrbitOledRopOr                 
000020df  OrbitOledRopAnd                
00002103  OrbitOledRopXor                
00002131  OrbitOledMoveUp                
00002169  OrbitOledMoveDown              
0000219f  OrbitOledMoveLeft              
000021b7  OrbitOledMoveRight             
000021d1  OrbitOledClampXco              
000021f1  OrbitOledClampYco              
00002231  minit                          
000022b1  malloc                         
0000231b  free                           
000023db  realloc                        
000024e5  memalign                       
000025d1  calloc                         
00002601  OrbitOledInit                  
00002615  OrbitOledHostInit              
000026df  OrbitOledDvrInit               
00002759  OrbitOledDevInit               
000027dd  OrbitOledClear                 
000027e9  OrbitOledClearBuffer           
00002819  OrbitOledUpdate                
00002873  OrbitOledPutBuffer             
000028d9  Ssi3PutByte                    
0000297d  initInput                      
00002a6f  updateInput                    
00002b61  checkInput                     
00002be5  OrbitOledSetCursor             
00002c31  OrbitOledGetCursor             
00002c4d  OrbitOledDefUserChar           
00002c9d  OrbitOledSetCharUpdate         
00002cb5  OrbitOledGetCharUpdate         
00002cbb  OrbitOledPutChar               
00002cd9  OrbitOledPutString             
00002d05  OrbitOledDrawGlyph             
00002d7d  OrbitOledAdvanceCursor         
00002de9  __aeabi_dsub                   
00002df3  __aeabi_dadd                   
00002f9f  GPIOPadConfigSet               
000030d1  initialisePWM                  
0000316b  setDutyCycle                   
000031e5  SysCtlClockGet                 
000032f5  SysCtlClockSet                 
000033e9  ADCIntHandler                  
00003407  initADC                        
0000344b  calculateMeanADC               
000034a5  initCircBuf                    
000034cf  writeCircBuf                   
00003503  readCircBuf                    
00003537  freeCircBuf                    
0000355d  __aeabi_memcpy                 
0000355d  __aeabi_memcpy4                
0000355d  __aeabi_memcpy8                
0000355d  memcpy                         
000035f9  ADCSequenceStepConfigure       
00003673  __aeabi_memclr                 
00003673  __aeabi_memclr4                
00003673  __aeabi_memclr8                
00003675  __aeabi_memset                 
00003675  __aeabi_memset4                
00003675  __aeabi_memset8                
0000367b  memset                         
000036ed  initialiseUSB_UART             
00003733  UARTSend                       
00003761  __TI_auto_init                 
000037d1  __aeabi_d2f                    
0000383f  __aeabi_idiv0                  
00003841  IntEnable                      
000038a9  __TI_decompress_lzss           
00003911  TimerConfigure                 
00003971  DelayInit                      
0000398b  DelayMs                        
000039cd  GPIOIntTypeSet                 
00003a25  _c_int00                       
00003a79  C$$EXIT                        
00003a7d  abort                          
00003a85  exit                           
00003acd  ADCSequenceConfigure           
00003b6d  GPIOPinConfigure               
00003bb9  copy_in                        
00003c05  UARTConfigSetExpClk            
00003c4b  __mpu_init                     
00003c4d  OLEDStringDraw                 
00003c73  OLEDInitialise                 
00003cd5  SysTickIntHandler              
00003ce1  initClock                      
00003d15  __aeabi_uidiv                  
00003d15  __aeabi_uidivmod               
00003d55  SSIConfigSetExpClk             
00003d91  SysCtlPeripheralReady          
00003dc9  __aeabi_f2d                    
00003e01  IntRegister                    
00003e35  SysCtlPeripheralEnable         
00003e69  GPIODirModeSet                 
00003e95  PWMGenConfigure                
00003eb7  _system_post_cinit             
00003eb9  UARTDisable                    
00003ed9  ADCSequenceDataGet             
00003ef7  PWMPulseWidthSet               
00003f15  SysTickIntRegister             
00003f31  ADCIntRegister                 
00003f49  ADCProcessorTrigger            
00003f61  GPIOIntRegister                
00003f79  GPIOPinTypeGPIOOutput          
00003f91  _args_main                     
00003fa9  GPIOPinTypeGPIOInput           
00003fbf  GPIOPinTypePWM                 
00003fd5  GPIOPinTypeSSI                 
00003feb  GPIOPinTypeUART                
00004001  SysTickEnable                  
00004015  SysTickIntEnable               
00004029  UARTEnable                     
0000403d  _register_unlock               
00004043  _register_lock                 
0000404b  _nop                           
00004051  PWMOutputState                 
00004063  ADCIntEnable                   
00004073  IntMasterEnable                
00004083  PWMGenPeriodSet                
00004095  SysTickPeriodSet               
000040a5  ADCSequenceEnable              
000040b3  TimerEnable                    
000040c1  __TI_decompress_none           
000040cf  CPUcpsie                       
000040db  GPIOIntEnable                  
000040e7  PWMGenEnable                   
000040f3  SSIDataGet                     
00004101  SysTickValueGet                
0000410d  __TI_zero_init                 
00004119  ResetISR                       
00004125  ADCIntClear                    
0000412f  SSIDataPut                     
00004139  SSIEnable                      
00004143  TimerValueGet                  
0000414d  UARTCharPut                    
00004157  UARTFIFOEnable                 
00004161  SSIBusy                        
00004169  GPIOIntClear                   
0000416f  GPIOPinRead                    
00004175  GPIOPinWrite                   
0000417b  SSIClockSourceSet              
00004181  SysCtlDelay                    
00004187  _system_pre_init               
0000418c  rgbOledFont0                   
00004720  rgbFillPat                     
000047fc  __TI_Handler_Table_Base        
00004808  __TI_Handler_Table_Limit       
00004818  __TI_CINIT_Base                
00004830  __TI_CINIT_Limit               
20000000  g_pfnRAMVectors                
2000026c  rgbOledBmp                     
2000046c  rgbOledFontUser                
200005a0  bnOledCur                      
200005a4  dxcoOledFontCur                
200005a8  dycoOledFontCur                
200005ac  fOledCharUpdate                
200005b0  modOledCur                     
200005b4  pbOledCur                      
200005b8  pbOledFontCur                  
200005bc  pbOledFontUser                 
200005c0  pbOledPatCur                   
200005c4  pfnDoRop                       
200005c8  xchOledCur                     
200005cc  xchOledMax                     
200005d0  xcoOledCur                     
200005d4  ychOledCur                     
200005d8  ychOledMax                     
200005dc  ycoOledCur                     
200005e0  clrOledCur                     
200005e4  __stack                        
200007e4  __STACK_END                    
200007e4  __STACK_TOP                    
200007e8  _sys_memory                    
20000a08  heliState                      
20000a28  __TI_cleanup_ptr               
20000a2c  __TI_dtors_ptr                 
20000a30  __TI_enable_exit_profile_output
20000a40  _lock                          
20000a44  _unlock                        
20000a48  main_func_sp                   
ffffffff  __TI_pprof_out_hndl            
ffffffff  __TI_prof_data_size            
ffffffff  __TI_prof_data_start           
ffffffff  __binit__                      
ffffffff  __c_args__                     
ffffffff  binit                          
UNDEFED   SHT$$INIT_ARRAY$$Base          
UNDEFED   SHT$$INIT_ARRAY$$Limit         

[234 symbols]
