******************************************************************************
                  TI ARM Linker PC v16.9.9                     
******************************************************************************
>> Linked Thu May 02 13:31:04 2019

OUTPUT FILE NAME:   <tue_am_group-10.out>
ENTRY POINT SYMBOL: "_c_int00"  address: 00003a21


MEMORY CONFIGURATION

         name            origin    length      used     unused   attr    fill
----------------------  --------  ---------  --------  --------  ----  --------
  FLASH                 00000000   00040000  000047e8  0003b818  R  X
  SRAM                  20000000   00008000  00000a29  000075d7  RW X


SEGMENT ALLOCATION MAP

run origin  load origin   length   init length attrs members
----------  ----------- ---------- ----------- ----- -------
00000000    00000000    000047e8   000047e8    r-x
  00000000    00000000    0000026c   0000026c    r-- .intvecs
  0000026c    0000026c    00003ecc   00003ecc    r-x .text
  00004138    00004138    00000648   00000648    r-- .const
  00004780    00004780    00000068   00000068    r-- .cinit
20000000    20000000    00000a2c   00000000    rw-
  20000000    20000000    0000026c   00000000    rw- .vtable
  2000026c    2000026c    00000369   00000000    rw- .bss
  200005d8    200005d8    00000200   00000000    rw- .stack
  200007d8    200007d8    00000200   00000000    rw- .sysmem
  200009d8    200009d8    00000054   00000000    rw- .data


SECTION ALLOCATION MAP

 output                                  attributes/
section   page    origin      length       input sections
--------  ----  ----------  ----------   ----------------
.intvecs   0    00000000    0000026c     
                  00000000    0000026c     tm4c123gh6pm_startup_ccs.obj (.intvecs)

.text      0    0000026c    00003ecc     
                  0000026c    00000c84     ustdlib.obj (.text)
                  00000ef0    00000c04     main.obj (.text)
                  00001af4    00000950     OrbitOledGrph.obj (.text)
                  00002444    000003d0     rtsv7M4_T_le_v4SPD16_eabi.lib : memory.obj (.text)
                  00002814    0000037c     OrbitOled.obj (.text)
                  00002b90    00000220     buttons4.obj (.text)
                  00002db0    00000204     OrbitOledChar.obj (.text)
                  00002fb4    000001b6     rtsv7M4_T_le_v4SPD16_eabi.lib : fd_add_t2.obj (.text)
                  0000316a    00000132     driverlib.lib : gpio.obj (.text:GPIOPadConfigSet)
                  0000329c    00000110                   : sysctl.obj (.text:SysCtlClockGet)
                  000033ac    000000f4                   : sysctl.obj (.text:SysCtlClockSet)
                  000034a0    000000b8     circBufT.obj (.text)
                  00003558    0000009c     rtsv7M4_T_le_v4SPD16_eabi.lib : memcpy_t2.obj (.text)
                  000035f4    0000007a     driverlib.lib : adc.obj (.text:ADCSequenceStepConfigure)
                  0000366e    0000007a     rtsv7M4_T_le_v4SPD16_eabi.lib : memset_t2.obj (.text)
                  000036e8    00000074     uart.obj (.text)
                  0000375c    00000070     rtsv7M4_T_le_v4SPD16_eabi.lib : autoinit.obj (.text)
                  000037cc    0000006e                                   : fd_tos_t2.obj (.text)
                  0000383a    00000002                                   : i_div0.obj (.text)
                  0000383c    00000068     driverlib.lib : interrupt.obj (.text:IntEnable)
                  000038a4    00000068     rtsv7M4_T_le_v4SPD16_eabi.lib : copy_decompress_lzss.obj (.text:decompress:lzss)
                  0000390c    00000060     driverlib.lib : timer.obj (.text:TimerConfigure)
                  0000396c    0000005c     delay.obj (.text)
                  000039c8    00000058     driverlib.lib : gpio.obj (.text:GPIOIntTypeSet)
                  00003a20    00000054     rtsv7M4_T_le_v4SPD16_eabi.lib : boot.obj (.text)
                  00003a74    00000054                                   : exit.obj (.text)
                  00003ac8    00000050     driverlib.lib : adc.obj (.text:ADCSequenceConfigure)
                  00003b18    00000050                   : adc.obj (.text:_ADCIntNumberGet)
                  00003b68    0000004c                   : gpio.obj (.text:GPIOPinConfigure)
                  00003bb4    0000004c     rtsv7M4_T_le_v4SPD16_eabi.lib : cpy_tbl.obj (.text)
                  00003c00    00000046     driverlib.lib : uart.obj (.text:UARTConfigSetExpClk)
                  00003c46    00000002     rtsv7M4_T_le_v4SPD16_eabi.lib : mpu_init.obj (.text)
                  00003c48    00000044     OrbitOLEDInterface.obj (.text)
                  00003c8c    00000044     driverlib.lib : gpio.obj (.text:_GPIOIntNumberGet)
                  00003cd0    00000040     rtsv7M4_T_le_v4SPD16_eabi.lib : u_divt2.obj (.text)
                  00003d10    0000003c     driverlib.lib : ssi.obj (.text:SSIConfigSetExpClk)
                  00003d4c    00000038                   : sysctl.obj (.text:SysCtlPeripheralReady)
                  00003d84    00000038     rtsv7M4_T_le_v4SPD16_eabi.lib : fs_tod_t2.obj (.text)
                  00003dbc    00000034     driverlib.lib : interrupt.obj (.text:IntRegister)
                  00003df0    00000034                   : sysctl.obj (.text:SysCtlPeripheralEnable)
                  00003e24    0000002c                   : gpio.obj (.text:GPIODirModeSet)
                  00003e50    00000022                   : pwm.obj (.text:PWMGenConfigure)
                  00003e72    00000002     rtsv7M4_T_le_v4SPD16_eabi.lib : startup.obj (.text)
                  00003e74    00000020     driverlib.lib : uart.obj (.text:UARTDisable)
                  00003e94    0000001e                   : adc.obj (.text:ADCSequenceDataGet)
                  00003eb2    0000001e                   : pwm.obj (.text:PWMPulseWidthSet)
                  00003ed0    0000001c                   : systick.obj (.text:SysTickIntRegister)
                  00003eec    00000018                   : adc.obj (.text:ADCIntRegister)
                  00003f04    00000018                   : adc.obj (.text:ADCProcessorTrigger)
                  00003f1c    00000018                   : gpio.obj (.text:GPIOIntRegister)
                  00003f34    00000018                   : gpio.obj (.text:GPIOPinTypeGPIOOutput)
                  00003f4c    00000018     rtsv7M4_T_le_v4SPD16_eabi.lib : args_main.obj (.text)
                  00003f64    00000016     driverlib.lib : gpio.obj (.text:GPIOPinTypeGPIOInput)
                  00003f7a    00000016                   : gpio.obj (.text:GPIOPinTypePWM)
                  00003f90    00000016                   : gpio.obj (.text:GPIOPinTypeSSI)
                  00003fa6    00000016                   : gpio.obj (.text:GPIOPinTypeUART)
                  00003fbc    00000014                   : systick.obj (.text:SysTickEnable)
                  00003fd0    00000014                   : systick.obj (.text:SysTickIntEnable)
                  00003fe4    00000014                   : uart.obj (.text:UARTEnable)
                  00003ff8    00000014     rtsv7M4_T_le_v4SPD16_eabi.lib : _lock.obj (.text)
                  0000400c    00000012     driverlib.lib : pwm.obj (.text:PWMOutputState)
                  0000401e    00000010                   : adc.obj (.text:ADCIntEnable)
                  0000402e    00000010                   : interrupt.obj (.text:IntMasterEnable)
                  0000403e    00000010                   : pwm.obj (.text:PWMGenPeriodSet)
                  0000404e    00000002     --HOLE-- [fill = 0]
                  00004050    00000010                   : systick.obj (.text:SysTickPeriodSet)
                  00004060    0000000e                   : adc.obj (.text:ADCSequenceEnable)
                  0000406e    0000000e                   : timer.obj (.text:TimerEnable)
                  0000407c    0000000e     rtsv7M4_T_le_v4SPD16_eabi.lib : copy_decompress_none.obj (.text:decompress:none)
                  0000408a    0000000c     driverlib.lib : cpu.obj (.text:CPUcpsie)
                  00004096    0000000c                   : gpio.obj (.text:GPIOIntEnable)
                  000040a2    0000000c                   : pwm.obj (.text:PWMGenEnable)
                  000040ae    0000000c                   : ssi.obj (.text:SSIDataGet)
                  000040ba    0000000c     rtsv7M4_T_le_v4SPD16_eabi.lib : copy_zero_init.obj (.text:decompress:ZI)
                  000040c6    0000000c     tm4c123gh6pm_startup_ccs.obj (.text)
                  000040d2    0000000a     driverlib.lib : adc.obj (.text:ADCIntClear)
                  000040dc    0000000a                   : ssi.obj (.text:SSIDataPut)
                  000040e6    0000000a                   : ssi.obj (.text:SSIEnable)
                  000040f0    0000000a                   : timer.obj (.text:TimerValueGet)
                  000040fa    0000000a                   : uart.obj (.text:UARTCharPut)
                  00004104    0000000a                   : uart.obj (.text:UARTFIFOEnable)
                  0000410e    00000008                   : ssi.obj (.text:SSIBusy)
                  00004116    00000006                   : gpio.obj (.text:GPIOIntClear)
                  0000411c    00000006                   : gpio.obj (.text:GPIOPinRead)
                  00004122    00000006                   : gpio.obj (.text:GPIOPinWrite)
                  00004128    00000006                   : ssi.obj (.text:SSIClockSourceSet)
                  0000412e    00000006                   : sysctl.obj (.text:SysCtlDelay)
                  00004134    00000004     rtsv7M4_T_le_v4SPD16_eabi.lib : pre_init.obj (.text)

.const     0    00004138    00000648     
                  00004138    00000300     ChrFont0.obj (.const:.string:rgbOledFont0)
                  00004438    000000d8     driverlib.lib : gpio.obj (.const:g_ppui32GPIOIntMapSnowflake)
                  00004510    000000c0                   : gpio.obj (.const:g_ppui32GPIOIntMapBlizzard)
                  000045d0    00000090                   : gpio.obj (.const:g_pui32GPIOBaseAddrs)
                  00004660    0000006c                   : sysctl.obj (.const:g_pui32Xtals)
                  000046cc    00000040     FillPat.obj (.const:.string:rgbFillPat)
                  0000470c    00000030     ustdlib.obj (.const:g_psDaysToMonth)
                  0000473c    00000018     ustdlib.obj (.const:g_pfExponents)
                  00004754    00000014     driverlib.lib : interrupt.obj (.const:g_pui32EnRegs)
                  00004768    00000012     ustdlib.obj (.const:.string)
                  0000477a    00000002     --HOLE-- [fill = 0]
                  0000477c    00000004     ustdlib.obj (.const)

.cinit     0    00004780    00000068     
                  00004780    0000002d     (.cinit..data.load) [load image, compression = lzss]
                  000047ad    00000003     --HOLE-- [fill = 0]
                  000047b0    0000000c     (__TI_handler_table)
                  000047bc    00000004     --HOLE-- [fill = 0]
                  000047c0    00000008     (.cinit..bss.load) [load image, compression = zero_init]
                  000047c8    00000008     (.cinit..vtable.load) [load image, compression = zero_init]
                  000047d0    00000018     (__TI_cinit_table)

.init_array 
*          0    00000000    00000000     UNINITIALIZED

.vtable    0    20000000    0000026c     UNINITIALIZED
                  20000000    0000026c     driverlib.lib : interrupt.obj (.vtable)

.bss       0    2000026c    00000369     UNINITIALIZED
                  2000026c    00000200     (.common:rgbOledBmp)
                  2000046c    00000100     (.common:rgbOledFontUser)
                  2000056c    00000010     main.obj (.bss:g_inBuffer)
                  2000057c    00000008     main.obj (.bss)
                  20000584    00000004     buttons4.obj (.bss:but_count)
                  20000588    00000004     buttons4.obj (.bss:but_flag)
                  2000058c    00000004     buttons4.obj (.bss:but_normal)
                  20000590    00000004     buttons4.obj (.bss:but_state)
                  20000594    00000004     (.common:bnOledCur)
                  20000598    00000004     (.common:dxcoOledFontCur)
                  2000059c    00000004     (.common:dycoOledFontCur)
                  200005a0    00000004     (.common:fOledCharUpdate)
                  200005a4    00000004     (.common:modOledCur)
                  200005a8    00000004     (.common:pbOledCur)
                  200005ac    00000004     (.common:pbOledFontCur)
                  200005b0    00000004     (.common:pbOledFontUser)
                  200005b4    00000004     (.common:pbOledPatCur)
                  200005b8    00000004     (.common:pfnDoRop)
                  200005bc    00000004     (.common:xchOledCur)
                  200005c0    00000004     (.common:xchOledMax)
                  200005c4    00000004     (.common:xcoOledCur)
                  200005c8    00000004     (.common:ychOledCur)
                  200005cc    00000004     (.common:ychOledMax)
                  200005d0    00000004     (.common:ycoOledCur)
                  200005d4    00000001     (.common:clrOledCur)

.stack     0    200005d8    00000200     UNINITIALIZED
                  200005d8    00000200     --HOLE--

.sysmem    0    200007d8    00000200     UNINITIALIZED
                  200007d8    00000008     rtsv7M4_T_le_v4SPD16_eabi.lib : memory.obj (.sysmem)
                  200007e0    000001f8     --HOLE--

.data      0    200009d8    00000054     UNINITIALIZED
                  200009d8    0000002c     main.obj (.data)
                  20000a04    0000000c     rtsv7M4_T_le_v4SPD16_eabi.lib : exit.obj (.data:$O1$$)
                  20000a10    0000000c                                   : memory.obj (.data:$O1$$)
                  20000a1c    00000008                                   : _lock.obj (.data:$O1$$)
                  20000a24    00000004                                   : stkdepth_vars.obj (.data)
                  20000a28    00000004     ustdlib.obj (.data)

MODULE SUMMARY

       Module                         code    ro data   rw data
       ------                         ----    -------   -------
    .\
       ustdlib.obj                    3204    94        4      
       main.obj                       3076    0         68     
       tm4c123gh6pm_startup_ccs.obj   12      620       0      
       buttons4.obj                   544     0         16     
       circBufT.obj                   184     0         0      
       uart.obj                       116     0         0      
    +--+------------------------------+-------+---------+---------+
       Total:                         7136    714       88     
                                                               
    .\OrbitOLED\
       OrbitOLEDInterface.obj         68      0         0      
    +--+------------------------------+-------+---------+---------+
       Total:                         68      0         0      
                                                               
    .\OrbitOLED\lib_OrbitOled\
       OrbitOledGrph.obj              2384    0         8      
       OrbitOled.obj                  892     0         553    
       OrbitOledChar.obj              516     0         272    
       ChrFont0.obj                   0       768       0      
       delay.obj                      92      0         0      
       FillPat.obj                    0       64        0      
    +--+------------------------------+-------+---------+---------+
       Total:                         3884    832       833    
                                                               
    C:/ti/TivaWare_C_Series-2.1.4.178/driverlib/ccs/Debug/driverlib.lib
       gpio.obj                       748     552       0      
       interrupt.obj                  172     20        620    
       sysctl.obj                     630     108       0      
       adc.obj                        400     0         0      
       uart.obj                       142     0         0      
       timer.obj                      120     0         0      
       pwm.obj                        110     0         0      
       ssi.obj                        106     0         0      
       systick.obj                    84      0         0      
       cpu.obj                        12      0         0      
    +--+------------------------------+-------+---------+---------+
       Total:                         2524    680       620    
                                                               
    C:\ti\ccsv7\tools\compiler\ti-cgt-arm_16.9.9.LTS\lib\rtsv7M4_T_le_v4SPD16_eabi.lib
       memory.obj                     976     0         12     
       fd_add_t2.obj                  438     0         0      
       memcpy_t2.obj                  156     0         0      
       memset_t2.obj                  122     0         0      
       autoinit.obj                   112     0         0      
       fd_tos_t2.obj                  110     0         0      
       copy_decompress_lzss.obj       104     0         0      
       exit.obj                       84      0         12     
       boot.obj                       84      0         0      
       cpy_tbl.obj                    76      0         0      
       u_divt2.obj                    64      0         0      
       fs_tod_t2.obj                  56      0         0      
       _lock.obj                      20      0         8      
       args_main.obj                  24      0         0      
       copy_decompress_none.obj       14      0         0      
       copy_zero_init.obj             12      0         0      
       pre_init.obj                   4       0         0      
       stkdepth_vars.obj              0       0         4      
       i_div0.obj                     2       0         0      
       mpu_init.obj                   2       0         0      
       startup.obj                    2       0         0      
    +--+------------------------------+-------+---------+---------+
       Total:                         2462    0         36     
                                                               
       Heap:                          0       0         512    
       Stack:                         0       0         512    
       Linker Generated:              0       97        0      
    +--+------------------------------+-------+---------+---------+
       Grand Total:                   16074   2323      2601   


LINKER GENERATED COPY TABLES

__TI_cinit_table @ 000047d0 records: 3, size/record: 8, table size: 24
	.data: load addr=00004780, load size=0000002d bytes, run addr=200009d8, run size=00000054 bytes, compression=lzss
	.bss: load addr=000047c0, load size=00000008 bytes, run addr=2000026c, run size=00000369 bytes, compression=zero_init
	.vtable: load addr=000047c8, load size=00000008 bytes, run addr=20000000, run size=0000026c bytes, compression=zero_init


LINKER GENERATED HANDLER TABLE

__TI_handler_table @ 000047b0 records: 3, size/record: 4, table size: 12
	index: 0, handler: __TI_zero_init
	index: 1, handler: __TI_decompress_lzss
	index: 2, handler: __TI_decompress_none


GLOBAL SYMBOLS: SORTED ALPHABETICALLY BY Name 

address   name                           
-------   ----                           
000040d3  ADCIntClear                    
0000401f  ADCIntEnable                   
00000f2b  ADCIntHandler                  
00003eed  ADCIntRegister                 
00003f05  ADCProcessorTrigger            
00003ac9  ADCSequenceConfigure           
00003e95  ADCSequenceDataGet             
00004061  ADCSequenceEnable              
000035f5  ADCSequenceStepConfigure       
00003a75  C$$EXIT                        
0000408b  CPUcpsie                       
0000396d  DelayInit                      
00003987  DelayMs                        
00003e25  GPIODirModeSet                 
00004117  GPIOIntClear                   
00004097  GPIOIntEnable                  
00003f1d  GPIOIntRegister                
000039c9  GPIOIntTypeSet                 
0000316b  GPIOPadConfigSet               
00003b69  GPIOPinConfigure               
0000411d  GPIOPinRead                    
00003f65  GPIOPinTypeGPIOInput           
00003f35  GPIOPinTypeGPIOOutput          
00003f7b  GPIOPinTypePWM                 
00003f91  GPIOPinTypeSSI                 
00003fa7  GPIOPinTypeUART                
00004123  GPIOPinWrite                   
0000383d  IntEnable                      
0000402f  IntMasterEnable                
00003dbd  IntRegister                    
00003c6f  OLEDInitialise                 
00003c49  OLEDStringDraw                 
00002f49  OrbitOledAdvanceCursor         
000023e5  OrbitOledClampXco              
00002405  OrbitOledClampYco              
000029f1  OrbitOledClear                 
000029fd  OrbitOledClearBuffer           
00002e19  OrbitOledDefUserChar           
0000296d  OrbitOledDevInit               
00002227  OrbitOledDrawChar              
00002ed1  OrbitOledDrawGlyph             
00001beb  OrbitOledDrawPixel             
00001d31  OrbitOledDrawRect              
00002287  OrbitOledDrawString            
000028f3  OrbitOledDvrInit               
00001db5  OrbitOledFillRect              
00001ef9  OrbitOledGetBmp                
00002e81  OrbitOledGetCharUpdate         
00002dfd  OrbitOledGetCursor             
00001be5  OrbitOledGetDrawMode           
00001c17  OrbitOledGetPixel              
00001b3b  OrbitOledGetPos                
00001b6f  OrbitOledGetStdPattern         
00002829  OrbitOledHostInit              
00002815  OrbitOledInit                  
00001c31  OrbitOledLineTo                
0000237d  OrbitOledMoveDown              
000023b3  OrbitOledMoveLeft              
000023cb  OrbitOledMoveRight             
00001af5  OrbitOledMoveTo                
00002345  OrbitOledMoveUp                
00002059  OrbitOledPutBmp                
00002a87  OrbitOledPutBuffer             
00002e87  OrbitOledPutChar               
00002ea5  OrbitOledPutString             
000022f3  OrbitOledRopAnd                
000022cf  OrbitOledRopOr                 
000022a5  OrbitOledRopSet                
00002317  OrbitOledRopXor                
00002e69  OrbitOledSetCharUpdate         
00002db1  OrbitOledSetCursor             
00001b57  OrbitOledSetDrawColor          
00001b91  OrbitOledSetDrawMode           
00001b81  OrbitOledSetFillPattern        
00002a2d  OrbitOledUpdate                
00003e51  PWMGenConfigure                
000040a3  PWMGenEnable                   
0000403f  PWMGenPeriodSet                
0000400d  PWMOutputState                 
00003eb3  PWMPulseWidthSet               
000040c7  ResetISR                       
UNDEFED   SHT$$INIT_ARRAY$$Base          
UNDEFED   SHT$$INIT_ARRAY$$Limit         
0000410f  SSIBusy                        
00004129  SSIClockSourceSet              
00003d11  SSIConfigSetExpClk             
000040af  SSIDataGet                     
000040dd  SSIDataPut                     
000040e7  SSIEnable                      
00002aed  Ssi3PutByte                    
0000329d  SysCtlClockGet                 
000033ad  SysCtlClockSet                 
0000412f  SysCtlDelay                    
00003df1  SysCtlPeripheralEnable         
00003d4d  SysCtlPeripheralReady          
00003fbd  SysTickEnable                  
00003fd1  SysTickIntEnable               
00000ef1  SysTickIntHandler              
00003ed1  SysTickIntRegister             
00004051  SysTickPeriodSet               
0000390d  TimerConfigure                 
0000406f  TimerEnable                    
000040f1  TimerValueGet                  
000040fb  UARTCharPut                    
00003c01  UARTConfigSetExpClk            
00003e75  UARTDisable                    
00003fe5  UARTEnable                     
00004105  UARTFIFOEnable                 
0000372f  UARTSend                       
200007d8  __STACK_END                    
00000200  __STACK_SIZE                   
200007d8  __STACK_TOP                    
00000200  __SYSMEM_SIZE                  
000047d0  __TI_CINIT_Base                
000047e8  __TI_CINIT_Limit               
000047b0  __TI_Handler_Table_Base        
000047bc  __TI_Handler_Table_Limit       
0000375d  __TI_auto_init                 
20000a04  __TI_cleanup_ptr               
000038a5  __TI_decompress_lzss           
0000407d  __TI_decompress_none           
20000a08  __TI_dtors_ptr                 
20000a0c  __TI_enable_exit_profile_output
ffffffff  __TI_pprof_out_hndl            
ffffffff  __TI_prof_data_size            
ffffffff  __TI_prof_data_start           
00000000  __TI_static_base__             
000040bb  __TI_zero_init                 
000037cd  __aeabi_d2f                    
00002fbf  __aeabi_dadd                   
00002fb5  __aeabi_dsub                   
00003d85  __aeabi_f2d                    
0000383b  __aeabi_idiv0                  
0000366f  __aeabi_memclr                 
0000366f  __aeabi_memclr4                
0000366f  __aeabi_memclr8                
00003559  __aeabi_memcpy                 
00003559  __aeabi_memcpy4                
00003559  __aeabi_memcpy8                
00003671  __aeabi_memset                 
00003671  __aeabi_memset4                
00003671  __aeabi_memset8                
00003cd1  __aeabi_uidiv                  
00003cd1  __aeabi_uidivmod               
ffffffff  __binit__                      
ffffffff  __c_args__                     
00003c47  __mpu_init                     
200005d8  __stack                        
00003f4d  _args_main                     
00003a21  _c_int00                       
20000a1c  _lock                          
00004007  _nop                           
00003fff  _register_lock                 
00003ff9  _register_unlock               
200007d8  _sys_memory                    
00003e73  _system_post_cinit             
00004135  _system_pre_init               
20000a20  _unlock                        
00003a79  abort                          
ffffffff  binit                          
20000594  bnOledCur                      
000027e5  calloc                         
00002d33  checkButton                    
00001609  checkInput                     
200005d4  clrOledCur                     
000016e1  control                        
00003bb5  copy_in                        
000010fb  display                        
20000598  dxcoOledFontCur                
2000059c  dycoOledFontCur                
00003a81  exit                           
200005a0  fOledCharUpdate                
0000252f  free                           
00003533  freeCircBuf                    
20000000  g_pfnRAMVectors                
00000000  g_pfnVectors                   
200009f4  heliState                      
0000100b  initADC                        
00002b91  initButtons                    
000034a1  initCircBuf                    
00000f49  initClock                      
00001047  initDisplay                    
000010b1  initSwInt                      
0000104f  initYaw                        
00000f71  initialisePWM                  
000036e9  initialiseUSB_UART             
000018e1  main                           
20000a24  main_func_sp                   
000024c5  malloc                         
000026f9  memalign                       
00003559  memcpy                         
00003677  memset                         
00002445  minit                          
200005a4  modOledCur                     
200005a8  pbOledCur                      
200005ac  pbOledFontCur                  
200005b0  pbOledFontUser                 
200005b4  pbOledPatCur                   
200005b8  pfnDoRop                       
000011d5  printStatus                    
000034ff  readCircBuf                    
000025ef  realloc                        
000046cc  rgbFillPat                     
2000026c  rgbOledBmp                     
00004138  rgbOledFont0                   
2000046c  rgbOledFontUser                
000015ad  setDutyCycle                   
00000f17  swIntHandler                   
00000751  ulocaltime                     
0000094f  umktime                        
00002c5f  updateButtons                  
000013ad  update_yaw                     
00000ec9  urand                          
00000721  usnprintf                      
000006ef  usprintf                       
00000eb9  usrand                         
00000e31  ustrcasecmp                    
00000ea5  ustrcmp                        
00000d35  ustrlen                        
00000d8d  ustrncasecmp                   
00000e45  ustrncmp                       
0000026d  ustrncpy                       
00000d57  ustrstr                        
00000afd  ustrtof                        
000009c5  ustrtoul                       
000002c5  uvsnprintf                     
000034cb  writeCircBuf                   
200005bc  xchOledCur                     
200005c0  xchOledMax                     
200005c4  xcoOledCur                     
00000f05  yawIntHandler                  
200005c8  ychOledCur                     
200005cc  ychOledMax                     
200005d0  ycoOledCur                     


GLOBAL SYMBOLS: SORTED BY Symbol Address 

address   name                           
-------   ----                           
00000000  __TI_static_base__             
00000000  g_pfnVectors                   
00000200  __STACK_SIZE                   
00000200  __SYSMEM_SIZE                  
0000026d  ustrncpy                       
000002c5  uvsnprintf                     
000006ef  usprintf                       
00000721  usnprintf                      
00000751  ulocaltime                     
0000094f  umktime                        
000009c5  ustrtoul                       
00000afd  ustrtof                        
00000d35  ustrlen                        
00000d57  ustrstr                        
00000d8d  ustrncasecmp                   
00000e31  ustrcasecmp                    
00000e45  ustrncmp                       
00000ea5  ustrcmp                        
00000eb9  usrand                         
00000ec9  urand                          
00000ef1  SysTickIntHandler              
00000f05  yawIntHandler                  
00000f17  swIntHandler                   
00000f2b  ADCIntHandler                  
00000f49  initClock                      
00000f71  initialisePWM                  
0000100b  initADC                        
00001047  initDisplay                    
0000104f  initYaw                        
000010b1  initSwInt                      
000010fb  display                        
000011d5  printStatus                    
000013ad  update_yaw                     
000015ad  setDutyCycle                   
00001609  checkInput                     
000016e1  control                        
000018e1  main                           
00001af5  OrbitOledMoveTo                
00001b3b  OrbitOledGetPos                
00001b57  OrbitOledSetDrawColor          
00001b6f  OrbitOledGetStdPattern         
00001b81  OrbitOledSetFillPattern        
00001b91  OrbitOledSetDrawMode           
00001be5  OrbitOledGetDrawMode           
00001beb  OrbitOledDrawPixel             
00001c17  OrbitOledGetPixel              
00001c31  OrbitOledLineTo                
00001d31  OrbitOledDrawRect              
00001db5  OrbitOledFillRect              
00001ef9  OrbitOledGetBmp                
00002059  OrbitOledPutBmp                
00002227  OrbitOledDrawChar              
00002287  OrbitOledDrawString            
000022a5  OrbitOledRopSet                
000022cf  OrbitOledRopOr                 
000022f3  OrbitOledRopAnd                
00002317  OrbitOledRopXor                
00002345  OrbitOledMoveUp                
0000237d  OrbitOledMoveDown              
000023b3  OrbitOledMoveLeft              
000023cb  OrbitOledMoveRight             
000023e5  OrbitOledClampXco              
00002405  OrbitOledClampYco              
00002445  minit                          
000024c5  malloc                         
0000252f  free                           
000025ef  realloc                        
000026f9  memalign                       
000027e5  calloc                         
00002815  OrbitOledInit                  
00002829  OrbitOledHostInit              
000028f3  OrbitOledDvrInit               
0000296d  OrbitOledDevInit               
000029f1  OrbitOledClear                 
000029fd  OrbitOledClearBuffer           
00002a2d  OrbitOledUpdate                
00002a87  OrbitOledPutBuffer             
00002aed  Ssi3PutByte                    
00002b91  initButtons                    
00002c5f  updateButtons                  
00002d33  checkButton                    
00002db1  OrbitOledSetCursor             
00002dfd  OrbitOledGetCursor             
00002e19  OrbitOledDefUserChar           
00002e69  OrbitOledSetCharUpdate         
00002e81  OrbitOledGetCharUpdate         
00002e87  OrbitOledPutChar               
00002ea5  OrbitOledPutString             
00002ed1  OrbitOledDrawGlyph             
00002f49  OrbitOledAdvanceCursor         
00002fb5  __aeabi_dsub                   
00002fbf  __aeabi_dadd                   
0000316b  GPIOPadConfigSet               
0000329d  SysCtlClockGet                 
000033ad  SysCtlClockSet                 
000034a1  initCircBuf                    
000034cb  writeCircBuf                   
000034ff  readCircBuf                    
00003533  freeCircBuf                    
00003559  __aeabi_memcpy                 
00003559  __aeabi_memcpy4                
00003559  __aeabi_memcpy8                
00003559  memcpy                         
000035f5  ADCSequenceStepConfigure       
0000366f  __aeabi_memclr                 
0000366f  __aeabi_memclr4                
0000366f  __aeabi_memclr8                
00003671  __aeabi_memset                 
00003671  __aeabi_memset4                
00003671  __aeabi_memset8                
00003677  memset                         
000036e9  initialiseUSB_UART             
0000372f  UARTSend                       
0000375d  __TI_auto_init                 
000037cd  __aeabi_d2f                    
0000383b  __aeabi_idiv0                  
0000383d  IntEnable                      
000038a5  __TI_decompress_lzss           
0000390d  TimerConfigure                 
0000396d  DelayInit                      
00003987  DelayMs                        
000039c9  GPIOIntTypeSet                 
00003a21  _c_int00                       
00003a75  C$$EXIT                        
00003a79  abort                          
00003a81  exit                           
00003ac9  ADCSequenceConfigure           
00003b69  GPIOPinConfigure               
00003bb5  copy_in                        
00003c01  UARTConfigSetExpClk            
00003c47  __mpu_init                     
00003c49  OLEDStringDraw                 
00003c6f  OLEDInitialise                 
00003cd1  __aeabi_uidiv                  
00003cd1  __aeabi_uidivmod               
00003d11  SSIConfigSetExpClk             
00003d4d  SysCtlPeripheralReady          
00003d85  __aeabi_f2d                    
00003dbd  IntRegister                    
00003df1  SysCtlPeripheralEnable         
00003e25  GPIODirModeSet                 
00003e51  PWMGenConfigure                
00003e73  _system_post_cinit             
00003e75  UARTDisable                    
00003e95  ADCSequenceDataGet             
00003eb3  PWMPulseWidthSet               
00003ed1  SysTickIntRegister             
00003eed  ADCIntRegister                 
00003f05  ADCProcessorTrigger            
00003f1d  GPIOIntRegister                
00003f35  GPIOPinTypeGPIOOutput          
00003f4d  _args_main                     
00003f65  GPIOPinTypeGPIOInput           
00003f7b  GPIOPinTypePWM                 
00003f91  GPIOPinTypeSSI                 
00003fa7  GPIOPinTypeUART                
00003fbd  SysTickEnable                  
00003fd1  SysTickIntEnable               
00003fe5  UARTEnable                     
00003ff9  _register_unlock               
00003fff  _register_lock                 
00004007  _nop                           
0000400d  PWMOutputState                 
0000401f  ADCIntEnable                   
0000402f  IntMasterEnable                
0000403f  PWMGenPeriodSet                
00004051  SysTickPeriodSet               
00004061  ADCSequenceEnable              
0000406f  TimerEnable                    
0000407d  __TI_decompress_none           
0000408b  CPUcpsie                       
00004097  GPIOIntEnable                  
000040a3  PWMGenEnable                   
000040af  SSIDataGet                     
000040bb  __TI_zero_init                 
000040c7  ResetISR                       
000040d3  ADCIntClear                    
000040dd  SSIDataPut                     
000040e7  SSIEnable                      
000040f1  TimerValueGet                  
000040fb  UARTCharPut                    
00004105  UARTFIFOEnable                 
0000410f  SSIBusy                        
00004117  GPIOIntClear                   
0000411d  GPIOPinRead                    
00004123  GPIOPinWrite                   
00004129  SSIClockSourceSet              
0000412f  SysCtlDelay                    
00004135  _system_pre_init               
00004138  rgbOledFont0                   
000046cc  rgbFillPat                     
000047b0  __TI_Handler_Table_Base        
000047bc  __TI_Handler_Table_Limit       
000047d0  __TI_CINIT_Base                
000047e8  __TI_CINIT_Limit               
20000000  g_pfnRAMVectors                
2000026c  rgbOledBmp                     
2000046c  rgbOledFontUser                
20000594  bnOledCur                      
20000598  dxcoOledFontCur                
2000059c  dycoOledFontCur                
200005a0  fOledCharUpdate                
200005a4  modOledCur                     
200005a8  pbOledCur                      
200005ac  pbOledFontCur                  
200005b0  pbOledFontUser                 
200005b4  pbOledPatCur                   
200005b8  pfnDoRop                       
200005bc  xchOledCur                     
200005c0  xchOledMax                     
200005c4  xcoOledCur                     
200005c8  ychOledCur                     
200005cc  ychOledMax                     
200005d0  ycoOledCur                     
200005d4  clrOledCur                     
200005d8  __stack                        
200007d8  __STACK_END                    
200007d8  __STACK_TOP                    
200007d8  _sys_memory                    
200009f4  heliState                      
20000a04  __TI_cleanup_ptr               
20000a08  __TI_dtors_ptr                 
20000a0c  __TI_enable_exit_profile_output
20000a1c  _lock                          
20000a20  _unlock                        
20000a24  main_func_sp                   
ffffffff  __TI_pprof_out_hndl            
ffffffff  __TI_prof_data_size            
ffffffff  __TI_prof_data_start           
ffffffff  __binit__                      
ffffffff  __c_args__                     
ffffffff  binit                          
UNDEFED   SHT$$INIT_ARRAY$$Base          
UNDEFED   SHT$$INIT_ARRAY$$Limit         

[234 symbols]
