******************************************************************************
                  TI ARM Linker PC v16.9.9                     
******************************************************************************
>> Linked Tue Apr 30 10:43:35 2019

OUTPUT FILE NAME:   <tue_am_group-10.out>
ENTRY POINT SYMBOL: "_c_int00"  address: 00003a05


MEMORY CONFIGURATION

         name            origin    length      used     unused   attr    fill
----------------------  --------  ---------  --------  --------  ----  --------
  FLASH                 00000000   00040000  000047c4  0003b83c  R  X
  SRAM                  20000000   00008000  00000a25  000075db  RW X


SEGMENT ALLOCATION MAP

run origin  load origin   length   init length attrs members
----------  ----------- ---------- ----------- ----- -------
00000000    00000000    000047c8   000047c8    r-x
  00000000    00000000    0000026c   0000026c    r-- .intvecs
  0000026c    0000026c    00003eb0   00003eb0    r-x .text
  0000411c    0000411c    00000648   00000648    r-- .const
  00004768    00004768    00000060   00000060    r-- .cinit
20000000    20000000    00000a28   00000000    rw-
  20000000    20000000    0000026c   00000000    rw- .vtable
  2000026c    2000026c    00000369   00000000    rw- .bss
  200005d8    200005d8    00000200   00000000    rw- .stack
  200007d8    200007d8    00000200   00000000    rw- .sysmem
  200009d8    200009d8    00000050   00000000    rw- .data


SECTION ALLOCATION MAP

 output                                  attributes/
section   page    origin      length       input sections
--------  ----  ----------  ----------   ----------------
.intvecs   0    00000000    0000026c     
                  00000000    0000026c     tm4c123gh6pm_startup_ccs.obj (.intvecs)

.text      0    0000026c    00003eb0     
                  0000026c    00000c84     ustdlib.obj (.text)
                  00000ef0    00000be8     main.obj (.text)
                  00001ad8    00000950     OrbitOledGrph.obj (.text)
                  00002428    000003d0     rtsv7M4_T_le_v4SPD16_eabi.lib : memory.obj (.text)
                  000027f8    0000037c     OrbitOled.obj (.text)
                  00002b74    00000220     buttons4.obj (.text)
                  00002d94    00000204     OrbitOledChar.obj (.text)
                  00002f98    000001b6     rtsv7M4_T_le_v4SPD16_eabi.lib : fd_add_t2.obj (.text)
                  0000314e    00000132     driverlib.lib : gpio.obj (.text:GPIOPadConfigSet)
                  00003280    00000110                   : sysctl.obj (.text:SysCtlClockGet)
                  00003390    000000f4                   : sysctl.obj (.text:SysCtlClockSet)
                  00003484    000000b8     circBufT.obj (.text)
                  0000353c    0000009c     rtsv7M4_T_le_v4SPD16_eabi.lib : memcpy_t2.obj (.text)
                  000035d8    0000007a     driverlib.lib : adc.obj (.text:ADCSequenceStepConfigure)
                  00003652    0000007a     rtsv7M4_T_le_v4SPD16_eabi.lib : memset_t2.obj (.text)
                  000036cc    00000074     uart.obj (.text)
                  00003740    00000070     rtsv7M4_T_le_v4SPD16_eabi.lib : autoinit.obj (.text)
                  000037b0    0000006e                                   : fd_tos_t2.obj (.text)
                  0000381e    00000002                                   : i_div0.obj (.text)
                  00003820    00000068     driverlib.lib : interrupt.obj (.text:IntEnable)
                  00003888    00000068     rtsv7M4_T_le_v4SPD16_eabi.lib : copy_decompress_lzss.obj (.text:decompress:lzss)
                  000038f0    00000060     driverlib.lib : timer.obj (.text:TimerConfigure)
                  00003950    0000005c     delay.obj (.text)
                  000039ac    00000058     driverlib.lib : gpio.obj (.text:GPIOIntTypeSet)
                  00003a04    00000054     rtsv7M4_T_le_v4SPD16_eabi.lib : boot.obj (.text)
                  00003a58    00000054                                   : exit.obj (.text)
                  00003aac    00000050     driverlib.lib : adc.obj (.text:ADCSequenceConfigure)
                  00003afc    00000050                   : adc.obj (.text:_ADCIntNumberGet)
                  00003b4c    0000004c                   : gpio.obj (.text:GPIOPinConfigure)
                  00003b98    0000004c     rtsv7M4_T_le_v4SPD16_eabi.lib : cpy_tbl.obj (.text)
                  00003be4    00000046     driverlib.lib : uart.obj (.text:UARTConfigSetExpClk)
                  00003c2a    00000002     rtsv7M4_T_le_v4SPD16_eabi.lib : mpu_init.obj (.text)
                  00003c2c    00000044     OrbitOLEDInterface.obj (.text)
                  00003c70    00000044     driverlib.lib : gpio.obj (.text:_GPIOIntNumberGet)
                  00003cb4    00000040     rtsv7M4_T_le_v4SPD16_eabi.lib : u_divt2.obj (.text)
                  00003cf4    0000003c     driverlib.lib : ssi.obj (.text:SSIConfigSetExpClk)
                  00003d30    00000038                   : sysctl.obj (.text:SysCtlPeripheralReady)
                  00003d68    00000038     rtsv7M4_T_le_v4SPD16_eabi.lib : fs_tod_t2.obj (.text)
                  00003da0    00000034     driverlib.lib : interrupt.obj (.text:IntRegister)
                  00003dd4    00000034                   : sysctl.obj (.text:SysCtlPeripheralEnable)
                  00003e08    0000002c                   : gpio.obj (.text:GPIODirModeSet)
                  00003e34    00000022                   : pwm.obj (.text:PWMGenConfigure)
                  00003e56    00000002     rtsv7M4_T_le_v4SPD16_eabi.lib : startup.obj (.text)
                  00003e58    00000020     driverlib.lib : uart.obj (.text:UARTDisable)
                  00003e78    0000001e                   : adc.obj (.text:ADCSequenceDataGet)
                  00003e96    0000001e                   : pwm.obj (.text:PWMPulseWidthSet)
                  00003eb4    0000001c                   : systick.obj (.text:SysTickIntRegister)
                  00003ed0    00000018                   : adc.obj (.text:ADCIntRegister)
                  00003ee8    00000018                   : adc.obj (.text:ADCProcessorTrigger)
                  00003f00    00000018                   : gpio.obj (.text:GPIOIntRegister)
                  00003f18    00000018                   : gpio.obj (.text:GPIOPinTypeGPIOOutput)
                  00003f30    00000018     rtsv7M4_T_le_v4SPD16_eabi.lib : args_main.obj (.text)
                  00003f48    00000016     driverlib.lib : gpio.obj (.text:GPIOPinTypeGPIOInput)
                  00003f5e    00000016                   : gpio.obj (.text:GPIOPinTypePWM)
                  00003f74    00000016                   : gpio.obj (.text:GPIOPinTypeSSI)
                  00003f8a    00000016                   : gpio.obj (.text:GPIOPinTypeUART)
                  00003fa0    00000014                   : systick.obj (.text:SysTickEnable)
                  00003fb4    00000014                   : systick.obj (.text:SysTickIntEnable)
                  00003fc8    00000014                   : uart.obj (.text:UARTEnable)
                  00003fdc    00000014     rtsv7M4_T_le_v4SPD16_eabi.lib : _lock.obj (.text)
                  00003ff0    00000012     driverlib.lib : pwm.obj (.text:PWMOutputState)
                  00004002    00000010                   : adc.obj (.text:ADCIntEnable)
                  00004012    00000010                   : interrupt.obj (.text:IntMasterEnable)
                  00004022    00000010                   : pwm.obj (.text:PWMGenPeriodSet)
                  00004032    00000002     --HOLE-- [fill = 0]
                  00004034    00000010                   : systick.obj (.text:SysTickPeriodSet)
                  00004044    0000000e                   : adc.obj (.text:ADCSequenceEnable)
                  00004052    0000000e                   : timer.obj (.text:TimerEnable)
                  00004060    0000000e     rtsv7M4_T_le_v4SPD16_eabi.lib : copy_decompress_none.obj (.text:decompress:none)
                  0000406e    0000000c     driverlib.lib : cpu.obj (.text:CPUcpsie)
                  0000407a    0000000c                   : gpio.obj (.text:GPIOIntEnable)
                  00004086    0000000c                   : pwm.obj (.text:PWMGenEnable)
                  00004092    0000000c                   : ssi.obj (.text:SSIDataGet)
                  0000409e    0000000c     rtsv7M4_T_le_v4SPD16_eabi.lib : copy_zero_init.obj (.text:decompress:ZI)
                  000040aa    0000000c     tm4c123gh6pm_startup_ccs.obj (.text)
                  000040b6    0000000a     driverlib.lib : adc.obj (.text:ADCIntClear)
                  000040c0    0000000a                   : ssi.obj (.text:SSIDataPut)
                  000040ca    0000000a                   : ssi.obj (.text:SSIEnable)
                  000040d4    0000000a                   : timer.obj (.text:TimerValueGet)
                  000040de    0000000a                   : uart.obj (.text:UARTCharPut)
                  000040e8    0000000a                   : uart.obj (.text:UARTFIFOEnable)
                  000040f2    00000008                   : ssi.obj (.text:SSIBusy)
                  000040fa    00000006                   : gpio.obj (.text:GPIOIntClear)
                  00004100    00000006                   : gpio.obj (.text:GPIOPinRead)
                  00004106    00000006                   : gpio.obj (.text:GPIOPinWrite)
                  0000410c    00000006                   : ssi.obj (.text:SSIClockSourceSet)
                  00004112    00000006                   : sysctl.obj (.text:SysCtlDelay)
                  00004118    00000004     rtsv7M4_T_le_v4SPD16_eabi.lib : pre_init.obj (.text)

.const     0    0000411c    00000648     
                  0000411c    00000300     ChrFont0.obj (.const:.string:rgbOledFont0)
                  0000441c    000000d8     driverlib.lib : gpio.obj (.const:g_ppui32GPIOIntMapSnowflake)
                  000044f4    000000c0                   : gpio.obj (.const:g_ppui32GPIOIntMapBlizzard)
                  000045b4    00000090                   : gpio.obj (.const:g_pui32GPIOBaseAddrs)
                  00004644    0000006c                   : sysctl.obj (.const:g_pui32Xtals)
                  000046b0    00000040     FillPat.obj (.const:.string:rgbFillPat)
                  000046f0    00000030     ustdlib.obj (.const:g_psDaysToMonth)
                  00004720    00000018     ustdlib.obj (.const:g_pfExponents)
                  00004738    00000014     driverlib.lib : interrupt.obj (.const:g_pui32EnRegs)
                  0000474c    00000012     ustdlib.obj (.const:.string)
                  0000475e    00000002     --HOLE-- [fill = 0]
                  00004760    00000004     ustdlib.obj (.const)

.cinit     0    00004768    00000060     
                  00004768    00000028     (.cinit..data.load) [load image, compression = lzss]
                  00004790    0000000c     (__TI_handler_table)
                  0000479c    00000004     --HOLE-- [fill = 0]
                  000047a0    00000008     (.cinit..bss.load) [load image, compression = zero_init]
                  000047a8    00000008     (.cinit..vtable.load) [load image, compression = zero_init]
                  000047b0    00000018     (__TI_cinit_table)

.init_array 
*          0    00000000    00000000     UNINITIALIZED

.vtable    0    20000000    0000026c     UNINITIALIZED
                  20000000    0000026c     driverlib.lib : interrupt.obj (.vtable)

.bss       0    2000026c    00000369     UNINITIALIZED
                  2000026c    00000200     (.common:rgbOledBmp)
                  2000046c    00000100     (.common:rgbOledFontUser)
                  2000056c    00000010     main.obj (.bss:g_inBuffer)
                  2000057c    00000008     main.obj (.bss)
                  20000584    00000004     buttons4.obj (.bss:but_count)
                  20000588    00000004     buttons4.obj (.bss:but_flag)
                  2000058c    00000004     buttons4.obj (.bss:but_normal)
                  20000590    00000004     buttons4.obj (.bss:but_state)
                  20000594    00000004     (.common:bnOledCur)
                  20000598    00000004     (.common:dxcoOledFontCur)
                  2000059c    00000004     (.common:dycoOledFontCur)
                  200005a0    00000004     (.common:fOledCharUpdate)
                  200005a4    00000004     (.common:modOledCur)
                  200005a8    00000004     (.common:pbOledCur)
                  200005ac    00000004     (.common:pbOledFontCur)
                  200005b0    00000004     (.common:pbOledFontUser)
                  200005b4    00000004     (.common:pbOledPatCur)
                  200005b8    00000004     (.common:pfnDoRop)
                  200005bc    00000004     (.common:xchOledCur)
                  200005c0    00000004     (.common:xchOledMax)
                  200005c4    00000004     (.common:xcoOledCur)
                  200005c8    00000004     (.common:ychOledCur)
                  200005cc    00000004     (.common:ychOledMax)
                  200005d0    00000004     (.common:ycoOledCur)
                  200005d4    00000001     (.common:clrOledCur)

.stack     0    200005d8    00000200     UNINITIALIZED
                  200005d8    00000200     --HOLE--

.sysmem    0    200007d8    00000200     UNINITIALIZED
                  200007d8    00000008     rtsv7M4_T_le_v4SPD16_eabi.lib : memory.obj (.sysmem)
                  200007e0    000001f8     --HOLE--

.data      0    200009d8    00000050     UNINITIALIZED
                  200009d8    00000028     main.obj (.data)
                  20000a00    0000000c     rtsv7M4_T_le_v4SPD16_eabi.lib : exit.obj (.data:$O1$$)
                  20000a0c    0000000c                                   : memory.obj (.data:$O1$$)
                  20000a18    00000008                                   : _lock.obj (.data:$O1$$)
                  20000a20    00000004                                   : stkdepth_vars.obj (.data)
                  20000a24    00000004     ustdlib.obj (.data)

MODULE SUMMARY

       Module                         code    ro data   rw data
       ------                         ----    -------   -------
    .\
       ustdlib.obj                    3204    94        4      
       main.obj                       3048    0         64     
       tm4c123gh6pm_startup_ccs.obj   12      620       0      
       buttons4.obj                   544     0         16     
       circBufT.obj                   184     0         0      
       uart.obj                       116     0         0      
    +--+------------------------------+-------+---------+---------+
       Total:                         7108    714       84     
                                                               
    .\OrbitOLED\
       OrbitOLEDInterface.obj         68      0         0      
    +--+------------------------------+-------+---------+---------+
       Total:                         68      0         0      
                                                               
    .\OrbitOLED\lib_OrbitOled\
       OrbitOledGrph.obj              2384    0         8      
       OrbitOled.obj                  892     0         553    
       OrbitOledChar.obj              516     0         272    
       ChrFont0.obj                   0       768       0      
       delay.obj                      92      0         0      
       FillPat.obj                    0       64        0      
    +--+------------------------------+-------+---------+---------+
       Total:                         3884    832       833    
                                                               
    C:/ti/TivaWare_C_Series-2.1.4.178/driverlib/ccs/Debug/driverlib.lib
       gpio.obj                       748     552       0      
       interrupt.obj                  172     20        620    
       sysctl.obj                     630     108       0      
       adc.obj                        400     0         0      
       uart.obj                       142     0         0      
       timer.obj                      120     0         0      
       pwm.obj                        110     0         0      
       ssi.obj                        106     0         0      
       systick.obj                    84      0         0      
       cpu.obj                        12      0         0      
    +--+------------------------------+-------+---------+---------+
       Total:                         2524    680       620    
                                                               
    C:\ti\ccsv7\tools\compiler\ti-cgt-arm_16.9.9.LTS\lib\rtsv7M4_T_le_v4SPD16_eabi.lib
       memory.obj                     976     0         12     
       fd_add_t2.obj                  438     0         0      
       memcpy_t2.obj                  156     0         0      
       memset_t2.obj                  122     0         0      
       autoinit.obj                   112     0         0      
       fd_tos_t2.obj                  110     0         0      
       copy_decompress_lzss.obj       104     0         0      
       exit.obj                       84      0         12     
       boot.obj                       84      0         0      
       cpy_tbl.obj                    76      0         0      
       u_divt2.obj                    64      0         0      
       fs_tod_t2.obj                  56      0         0      
       _lock.obj                      20      0         8      
       args_main.obj                  24      0         0      
       copy_decompress_none.obj       14      0         0      
       copy_zero_init.obj             12      0         0      
       pre_init.obj                   4       0         0      
       stkdepth_vars.obj              0       0         4      
       i_div0.obj                     2       0         0      
       mpu_init.obj                   2       0         0      
       startup.obj                    2       0         0      
    +--+------------------------------+-------+---------+---------+
       Total:                         2462    0         36     
                                                               
       Heap:                          0       0         512    
       Stack:                         0       0         512    
       Linker Generated:              0       92        0      
    +--+------------------------------+-------+---------+---------+
       Grand Total:                   16046   2318      2597   


LINKER GENERATED COPY TABLES

__TI_cinit_table @ 000047b0 records: 3, size/record: 8, table size: 24
	.data: load addr=00004768, load size=00000028 bytes, run addr=200009d8, run size=00000050 bytes, compression=lzss
	.bss: load addr=000047a0, load size=00000008 bytes, run addr=2000026c, run size=00000369 bytes, compression=zero_init
	.vtable: load addr=000047a8, load size=00000008 bytes, run addr=20000000, run size=0000026c bytes, compression=zero_init


LINKER GENERATED HANDLER TABLE

__TI_handler_table @ 00004790 records: 3, size/record: 4, table size: 12
	index: 0, handler: __TI_zero_init
	index: 1, handler: __TI_decompress_lzss
	index: 2, handler: __TI_decompress_none


GLOBAL SYMBOLS: SORTED ALPHABETICALLY BY Name 

address   name                           
-------   ----                           
000040b7  ADCIntClear                    
00004003  ADCIntEnable                   
00000f2b  ADCIntHandler                  
00003ed1  ADCIntRegister                 
00003ee9  ADCProcessorTrigger            
00003aad  ADCSequenceConfigure           
00003e79  ADCSequenceDataGet             
00004045  ADCSequenceEnable              
000035d9  ADCSequenceStepConfigure       
00003a59  C$$EXIT                        
0000406f  CPUcpsie                       
00003951  DelayInit                      
0000396b  DelayMs                        
00003e09  GPIODirModeSet                 
000040fb  GPIOIntClear                   
0000407b  GPIOIntEnable                  
00003f01  GPIOIntRegister                
000039ad  GPIOIntTypeSet                 
0000314f  GPIOPadConfigSet               
00003b4d  GPIOPinConfigure               
00004101  GPIOPinRead                    
00003f49  GPIOPinTypeGPIOInput           
00003f19  GPIOPinTypeGPIOOutput          
00003f5f  GPIOPinTypePWM                 
00003f75  GPIOPinTypeSSI                 
00003f8b  GPIOPinTypeUART                
00004107  GPIOPinWrite                   
00003821  IntEnable                      
00004013  IntMasterEnable                
00003da1  IntRegister                    
00003c53  OLEDInitialise                 
00003c2d  OLEDStringDraw                 
00002f2d  OrbitOledAdvanceCursor         
000023c9  OrbitOledClampXco              
000023e9  OrbitOledClampYco              
000029d5  OrbitOledClear                 
000029e1  OrbitOledClearBuffer           
00002dfd  OrbitOledDefUserChar           
00002951  OrbitOledDevInit               
0000220b  OrbitOledDrawChar              
00002eb5  OrbitOledDrawGlyph             
00001bcf  OrbitOledDrawPixel             
00001d15  OrbitOledDrawRect              
0000226b  OrbitOledDrawString            
000028d7  OrbitOledDvrInit               
00001d99  OrbitOledFillRect              
00001edd  OrbitOledGetBmp                
00002e65  OrbitOledGetCharUpdate         
00002de1  OrbitOledGetCursor             
00001bc9  OrbitOledGetDrawMode           
00001bfb  OrbitOledGetPixel              
00001b1f  OrbitOledGetPos                
00001b53  OrbitOledGetStdPattern         
0000280d  OrbitOledHostInit              
000027f9  OrbitOledInit                  
00001c15  OrbitOledLineTo                
00002361  OrbitOledMoveDown              
00002397  OrbitOledMoveLeft              
000023af  OrbitOledMoveRight             
00001ad9  OrbitOledMoveTo                
00002329  OrbitOledMoveUp                
0000203d  OrbitOledPutBmp                
00002a6b  OrbitOledPutBuffer             
00002e6b  OrbitOledPutChar               
00002e89  OrbitOledPutString             
000022d7  OrbitOledRopAnd                
000022b3  OrbitOledRopOr                 
00002289  OrbitOledRopSet                
000022fb  OrbitOledRopXor                
00002e4d  OrbitOledSetCharUpdate         
00002d95  OrbitOledSetCursor             
00001b3b  OrbitOledSetDrawColor          
00001b75  OrbitOledSetDrawMode           
00001b65  OrbitOledSetFillPattern        
00002a11  OrbitOledUpdate                
00003e35  PWMGenConfigure                
00004087  PWMGenEnable                   
00004023  PWMGenPeriodSet                
00003ff1  PWMOutputState                 
00003e97  PWMPulseWidthSet               
000040ab  ResetISR                       
UNDEFED   SHT$$INIT_ARRAY$$Base          
UNDEFED   SHT$$INIT_ARRAY$$Limit         
000040f3  SSIBusy                        
0000410d  SSIClockSourceSet              
00003cf5  SSIConfigSetExpClk             
00004093  SSIDataGet                     
000040c1  SSIDataPut                     
000040cb  SSIEnable                      
00002ad1  Ssi3PutByte                    
00003281  SysCtlClockGet                 
00003391  SysCtlClockSet                 
00004113  SysCtlDelay                    
00003dd5  SysCtlPeripheralEnable         
00003d31  SysCtlPeripheralReady          
00003fa1  SysTickEnable                  
00003fb5  SysTickIntEnable               
00000ef1  SysTickIntHandler              
00003eb5  SysTickIntRegister             
00004035  SysTickPeriodSet               
000038f1  TimerConfigure                 
00004053  TimerEnable                    
000040d5  TimerValueGet                  
000040df  UARTCharPut                    
00003be5  UARTConfigSetExpClk            
00003e59  UARTDisable                    
00003fc9  UARTEnable                     
000040e9  UARTFIFOEnable                 
00003713  UARTSend                       
200007d8  __STACK_END                    
00000200  __STACK_SIZE                   
200007d8  __STACK_TOP                    
00000200  __SYSMEM_SIZE                  
000047b0  __TI_CINIT_Base                
000047c8  __TI_CINIT_Limit               
00004790  __TI_Handler_Table_Base        
0000479c  __TI_Handler_Table_Limit       
00003741  __TI_auto_init                 
20000a00  __TI_cleanup_ptr               
00003889  __TI_decompress_lzss           
00004061  __TI_decompress_none           
20000a04  __TI_dtors_ptr                 
20000a08  __TI_enable_exit_profile_output
ffffffff  __TI_pprof_out_hndl            
ffffffff  __TI_prof_data_size            
ffffffff  __TI_prof_data_start           
00000000  __TI_static_base__             
0000409f  __TI_zero_init                 
000037b1  __aeabi_d2f                    
00002fa3  __aeabi_dadd                   
00002f99  __aeabi_dsub                   
00003d69  __aeabi_f2d                    
0000381f  __aeabi_idiv0                  
00003653  __aeabi_memclr                 
00003653  __aeabi_memclr4                
00003653  __aeabi_memclr8                
0000353d  __aeabi_memcpy                 
0000353d  __aeabi_memcpy4                
0000353d  __aeabi_memcpy8                
00003655  __aeabi_memset                 
00003655  __aeabi_memset4                
00003655  __aeabi_memset8                
00003cb5  __aeabi_uidiv                  
00003cb5  __aeabi_uidivmod               
ffffffff  __binit__                      
ffffffff  __c_args__                     
00003c2b  __mpu_init                     
200005d8  __stack                        
00003f31  _args_main                     
00003a05  _c_int00                       
20000a18  _lock                          
00003feb  _nop                           
00003fe3  _register_lock                 
00003fdd  _register_unlock               
200007d8  _sys_memory                    
00003e57  _system_post_cinit             
00004119  _system_pre_init               
20000a1c  _unlock                        
00003a5d  abort                          
ffffffff  binit                          
20000594  bnOledCur                      
000027c9  calloc                         
00002d17  checkButton                    
000015f9  checkInput                     
200005d4  clrOledCur                     
000016c5  control                        
00003b99  copy_in                        
00001103  display                        
20000598  dxcoOledFontCur                
2000059c  dycoOledFontCur                
00003a65  exit                           
200005a0  fOledCharUpdate                
0000188f  findRef                        
00002513  free                           
00003517  freeCircBuf                    
20000000  g_pfnRAMVectors                
00000000  g_pfnVectors                   
200009f0  heliState                      
0000100b  initADC                        
00002b75  initButtons                    
00003485  initCircBuf                    
00000f49  initClock                      
00001047  initDisplay                    
000010b9  initSwInt                      
0000104f  initYaw                        
00000f71  initialisePWM                  
000036cd  initialiseUSB_UART             
00001901  main                           
20000a20  main_func_sp                   
000024a9  malloc                         
000026dd  memalign                       
0000353d  memcpy                         
0000365b  memset                         
00002429  minit                          
200005a4  modOledCur                     
200005a8  pbOledCur                      
200005ac  pbOledFontCur                  
200005b0  pbOledFontUser                 
200005b4  pbOledPatCur                   
200005b8  pfnDoRop                       
000011d9  printStatus                    
000034e3  readCircBuf                    
000025d3  realloc                        
000046b0  rgbFillPat                     
2000026c  rgbOledBmp                     
0000411c  rgbOledFont0                   
2000046c  rgbOledFontUser                
00001591  setDutyCycle                   
00000f17  swIntHandler                   
00000751  ulocaltime                     
0000094f  umktime                        
00002c43  updateButtons                  
00001375  update_yaw                     
00000ec9  urand                          
00000721  usnprintf                      
000006ef  usprintf                       
00000eb9  usrand                         
00000e31  ustrcasecmp                    
00000ea5  ustrcmp                        
00000d35  ustrlen                        
00000d8d  ustrncasecmp                   
00000e45  ustrncmp                       
0000026d  ustrncpy                       
00000d57  ustrstr                        
00000afd  ustrtof                        
000009c5  ustrtoul                       
000002c5  uvsnprintf                     
000034af  writeCircBuf                   
200005bc  xchOledCur                     
200005c0  xchOledMax                     
200005c4  xcoOledCur                     
00000f05  yawIntHandler                  
200005c8  ychOledCur                     
200005cc  ychOledMax                     
200005d0  ycoOledCur                     


GLOBAL SYMBOLS: SORTED BY Symbol Address 

address   name                           
-------   ----                           
00000000  __TI_static_base__             
00000000  g_pfnVectors                   
00000200  __STACK_SIZE                   
00000200  __SYSMEM_SIZE                  
0000026d  ustrncpy                       
000002c5  uvsnprintf                     
000006ef  usprintf                       
00000721  usnprintf                      
00000751  ulocaltime                     
0000094f  umktime                        
000009c5  ustrtoul                       
00000afd  ustrtof                        
00000d35  ustrlen                        
00000d57  ustrstr                        
00000d8d  ustrncasecmp                   
00000e31  ustrcasecmp                    
00000e45  ustrncmp                       
00000ea5  ustrcmp                        
00000eb9  usrand                         
00000ec9  urand                          
00000ef1  SysTickIntHandler              
00000f05  yawIntHandler                  
00000f17  swIntHandler                   
00000f2b  ADCIntHandler                  
00000f49  initClock                      
00000f71  initialisePWM                  
0000100b  initADC                        
00001047  initDisplay                    
0000104f  initYaw                        
000010b9  initSwInt                      
00001103  display                        
000011d9  printStatus                    
00001375  update_yaw                     
00001591  setDutyCycle                   
000015f9  checkInput                     
000016c5  control                        
0000188f  findRef                        
00001901  main                           
00001ad9  OrbitOledMoveTo                
00001b1f  OrbitOledGetPos                
00001b3b  OrbitOledSetDrawColor          
00001b53  OrbitOledGetStdPattern         
00001b65  OrbitOledSetFillPattern        
00001b75  OrbitOledSetDrawMode           
00001bc9  OrbitOledGetDrawMode           
00001bcf  OrbitOledDrawPixel             
00001bfb  OrbitOledGetPixel              
00001c15  OrbitOledLineTo                
00001d15  OrbitOledDrawRect              
00001d99  OrbitOledFillRect              
00001edd  OrbitOledGetBmp                
0000203d  OrbitOledPutBmp                
0000220b  OrbitOledDrawChar              
0000226b  OrbitOledDrawString            
00002289  OrbitOledRopSet                
000022b3  OrbitOledRopOr                 
000022d7  OrbitOledRopAnd                
000022fb  OrbitOledRopXor                
00002329  OrbitOledMoveUp                
00002361  OrbitOledMoveDown              
00002397  OrbitOledMoveLeft              
000023af  OrbitOledMoveRight             
000023c9  OrbitOledClampXco              
000023e9  OrbitOledClampYco              
00002429  minit                          
000024a9  malloc                         
00002513  free                           
000025d3  realloc                        
000026dd  memalign                       
000027c9  calloc                         
000027f9  OrbitOledInit                  
0000280d  OrbitOledHostInit              
000028d7  OrbitOledDvrInit               
00002951  OrbitOledDevInit               
000029d5  OrbitOledClear                 
000029e1  OrbitOledClearBuffer           
00002a11  OrbitOledUpdate                
00002a6b  OrbitOledPutBuffer             
00002ad1  Ssi3PutByte                    
00002b75  initButtons                    
00002c43  updateButtons                  
00002d17  checkButton                    
00002d95  OrbitOledSetCursor             
00002de1  OrbitOledGetCursor             
00002dfd  OrbitOledDefUserChar           
00002e4d  OrbitOledSetCharUpdate         
00002e65  OrbitOledGetCharUpdate         
00002e6b  OrbitOledPutChar               
00002e89  OrbitOledPutString             
00002eb5  OrbitOledDrawGlyph             
00002f2d  OrbitOledAdvanceCursor         
00002f99  __aeabi_dsub                   
00002fa3  __aeabi_dadd                   
0000314f  GPIOPadConfigSet               
00003281  SysCtlClockGet                 
00003391  SysCtlClockSet                 
00003485  initCircBuf                    
000034af  writeCircBuf                   
000034e3  readCircBuf                    
00003517  freeCircBuf                    
0000353d  __aeabi_memcpy                 
0000353d  __aeabi_memcpy4                
0000353d  __aeabi_memcpy8                
0000353d  memcpy                         
000035d9  ADCSequenceStepConfigure       
00003653  __aeabi_memclr                 
00003653  __aeabi_memclr4                
00003653  __aeabi_memclr8                
00003655  __aeabi_memset                 
00003655  __aeabi_memset4                
00003655  __aeabi_memset8                
0000365b  memset                         
000036cd  initialiseUSB_UART             
00003713  UARTSend                       
00003741  __TI_auto_init                 
000037b1  __aeabi_d2f                    
0000381f  __aeabi_idiv0                  
00003821  IntEnable                      
00003889  __TI_decompress_lzss           
000038f1  TimerConfigure                 
00003951  DelayInit                      
0000396b  DelayMs                        
000039ad  GPIOIntTypeSet                 
00003a05  _c_int00                       
00003a59  C$$EXIT                        
00003a5d  abort                          
00003a65  exit                           
00003aad  ADCSequenceConfigure           
00003b4d  GPIOPinConfigure               
00003b99  copy_in                        
00003be5  UARTConfigSetExpClk            
00003c2b  __mpu_init                     
00003c2d  OLEDStringDraw                 
00003c53  OLEDInitialise                 
00003cb5  __aeabi_uidiv                  
00003cb5  __aeabi_uidivmod               
00003cf5  SSIConfigSetExpClk             
00003d31  SysCtlPeripheralReady          
00003d69  __aeabi_f2d                    
00003da1  IntRegister                    
00003dd5  SysCtlPeripheralEnable         
00003e09  GPIODirModeSet                 
00003e35  PWMGenConfigure                
00003e57  _system_post_cinit             
00003e59  UARTDisable                    
00003e79  ADCSequenceDataGet             
00003e97  PWMPulseWidthSet               
00003eb5  SysTickIntRegister             
00003ed1  ADCIntRegister                 
00003ee9  ADCProcessorTrigger            
00003f01  GPIOIntRegister                
00003f19  GPIOPinTypeGPIOOutput          
00003f31  _args_main                     
00003f49  GPIOPinTypeGPIOInput           
00003f5f  GPIOPinTypePWM                 
00003f75  GPIOPinTypeSSI                 
00003f8b  GPIOPinTypeUART                
00003fa1  SysTickEnable                  
00003fb5  SysTickIntEnable               
00003fc9  UARTEnable                     
00003fdd  _register_unlock               
00003fe3  _register_lock                 
00003feb  _nop                           
00003ff1  PWMOutputState                 
00004003  ADCIntEnable                   
00004013  IntMasterEnable                
00004023  PWMGenPeriodSet                
00004035  SysTickPeriodSet               
00004045  ADCSequenceEnable              
00004053  TimerEnable                    
00004061  __TI_decompress_none           
0000406f  CPUcpsie                       
0000407b  GPIOIntEnable                  
00004087  PWMGenEnable                   
00004093  SSIDataGet                     
0000409f  __TI_zero_init                 
000040ab  ResetISR                       
000040b7  ADCIntClear                    
000040c1  SSIDataPut                     
000040cb  SSIEnable                      
000040d5  TimerValueGet                  
000040df  UARTCharPut                    
000040e9  UARTFIFOEnable                 
000040f3  SSIBusy                        
000040fb  GPIOIntClear                   
00004101  GPIOPinRead                    
00004107  GPIOPinWrite                   
0000410d  SSIClockSourceSet              
00004113  SysCtlDelay                    
00004119  _system_pre_init               
0000411c  rgbOledFont0                   
000046b0  rgbFillPat                     
00004790  __TI_Handler_Table_Base        
0000479c  __TI_Handler_Table_Limit       
000047b0  __TI_CINIT_Base                
000047c8  __TI_CINIT_Limit               
20000000  g_pfnRAMVectors                
2000026c  rgbOledBmp                     
2000046c  rgbOledFontUser                
20000594  bnOledCur                      
20000598  dxcoOledFontCur                
2000059c  dycoOledFontCur                
200005a0  fOledCharUpdate                
200005a4  modOledCur                     
200005a8  pbOledCur                      
200005ac  pbOledFontCur                  
200005b0  pbOledFontUser                 
200005b4  pbOledPatCur                   
200005b8  pfnDoRop                       
200005bc  xchOledCur                     
200005c0  xchOledMax                     
200005c4  xcoOledCur                     
200005c8  ychOledCur                     
200005cc  ychOledMax                     
200005d0  ycoOledCur                     
200005d4  clrOledCur                     
200005d8  __stack                        
200007d8  __STACK_END                    
200007d8  __STACK_TOP                    
200007d8  _sys_memory                    
200009f0  heliState                      
20000a00  __TI_cleanup_ptr               
20000a04  __TI_dtors_ptr                 
20000a08  __TI_enable_exit_profile_output
20000a18  _lock                          
20000a1c  _unlock                        
20000a20  main_func_sp                   
ffffffff  __TI_pprof_out_hndl            
ffffffff  __TI_prof_data_size            
ffffffff  __TI_prof_data_start           
ffffffff  __binit__                      
ffffffff  __c_args__                     
ffffffff  binit                          
UNDEFED   SHT$$INIT_ARRAY$$Base          
UNDEFED   SHT$$INIT_ARRAY$$Limit         

[235 symbols]
