<?xml version="1.0"?>
<link_info>
   <banner>TI ARM Linker PC v16.9.9.LTS</banner>
   <copyright>Copyright (c) 1996-2017 Texas Instruments Incorporated</copyright>
   <link_time>0x5cd9e32d</link_time>
   <link_errors>0x7</link_errors>
   <output_file>tue_am_group-10.out</output_file>
   <entry_point>
      <name>_c_int00</name>
      <address>0x3a25</address>
   </entry_point>
   <input_file_list>
      <input_file id="fl-2">
         <path>.\</path>
         <kind>object</kind>
         <file>ADC.obj</file>
         <name>ADC.obj</name>
      </input_file>
      <input_file id="fl-3">
         <path>.\</path>
         <kind>object</kind>
         <file>circBufT.obj</file>
         <name>circBufT.obj</name>
      </input_file>
      <input_file id="fl-4">
         <path>.\</path>
         <kind>object</kind>
         <file>clock.obj</file>
         <name>clock.obj</name>
      </input_file>
      <input_file id="fl-5">
         <path>.\</path>
         <kind>object</kind>
         <file>display.obj</file>
         <name>display.obj</name>
      </input_file>
      <input_file id="fl-6">
         <path>.\</path>
         <kind>object</kind>
         <file>input.obj</file>
         <name>input.obj</name>
      </input_file>
      <input_file id="fl-7">
         <path>.\</path>
         <kind>object</kind>
         <file>main.obj</file>
         <name>main.obj</name>
      </input_file>
      <input_file id="fl-8">
         <path>.\</path>
         <kind>object</kind>
         <file>pwm.obj</file>
         <name>pwm.obj</name>
      </input_file>
      <input_file id="fl-9">
         <path>.\</path>
         <kind>object</kind>
         <file>tm4c123gh6pm_startup_ccs.obj</file>
         <name>tm4c123gh6pm_startup_ccs.obj</name>
      </input_file>
      <input_file id="fl-a">
         <path>.\</path>
         <kind>object</kind>
         <file>uart.obj</file>
         <name>uart.obj</name>
      </input_file>
      <input_file id="fl-b">
         <path>.\</path>
         <kind>object</kind>
         <file>ustdlib.obj</file>
         <name>ustdlib.obj</name>
      </input_file>
      <input_file id="fl-c">
         <path>.\OrbitOLED\</path>
         <kind>object</kind>
         <file>OrbitOLEDInterface.obj</file>
         <name>OrbitOLEDInterface.obj</name>
      </input_file>
      <input_file id="fl-d">
         <path>.\OrbitOLED\lib_OrbitOled\</path>
         <kind>object</kind>
         <file>ChrFont0.obj</file>
         <name>ChrFont0.obj</name>
      </input_file>
      <input_file id="fl-e">
         <path>.\OrbitOLED\lib_OrbitOled\</path>
         <kind>object</kind>
         <file>FillPat.obj</file>
         <name>FillPat.obj</name>
      </input_file>
      <input_file id="fl-f">
         <path>.\OrbitOLED\lib_OrbitOled\</path>
         <kind>object</kind>
         <file>OrbitOled.obj</file>
         <name>OrbitOled.obj</name>
      </input_file>
      <input_file id="fl-10">
         <path>.\OrbitOLED\lib_OrbitOled\</path>
         <kind>object</kind>
         <file>OrbitOledChar.obj</file>
         <name>OrbitOledChar.obj</name>
      </input_file>
      <input_file id="fl-11">
         <path>.\OrbitOLED\lib_OrbitOled\</path>
         <kind>object</kind>
         <file>OrbitOledGrph.obj</file>
         <name>OrbitOledGrph.obj</name>
      </input_file>
      <input_file id="fl-12">
         <path>.\OrbitOLED\lib_OrbitOled\</path>
         <kind>object</kind>
         <file>delay.obj</file>
         <name>delay.obj</name>
      </input_file>
      <input_file id="fl-17">
         <kind>object</kind>
         <file>&lt;internal&gt;</file>
         <name>&lt;internal&gt;</name>
      </input_file>
      <input_file id="fl-cd">
         <path>C:\ti\ccsv7\tools\compiler\ti-cgt-arm_16.9.9.LTS\lib\</path>
         <kind>archive</kind>
         <file>rtsv7M4_T_le_v4SPD16_eabi.lib</file>
         <name>boot.obj</name>
      </input_file>
      <input_file id="fl-ce">
         <path>C:\ti\ccsv7\tools\compiler\ti-cgt-arm_16.9.9.LTS\lib\</path>
         <kind>archive</kind>
         <file>rtsv7M4_T_le_v4SPD16_eabi.lib</file>
         <name>copy_decompress_lzss.obj</name>
      </input_file>
      <input_file id="fl-cf">
         <path>C:\ti\ccsv7\tools\compiler\ti-cgt-arm_16.9.9.LTS\lib\</path>
         <kind>archive</kind>
         <file>rtsv7M4_T_le_v4SPD16_eabi.lib</file>
         <name>copy_decompress_none.obj</name>
      </input_file>
      <input_file id="fl-d0">
         <path>C:\ti\ccsv7\tools\compiler\ti-cgt-arm_16.9.9.LTS\lib\</path>
         <kind>archive</kind>
         <file>rtsv7M4_T_le_v4SPD16_eabi.lib</file>
         <name>copy_zero_init.obj</name>
      </input_file>
      <input_file id="fl-d1">
         <path>C:\ti\ccsv7\tools\compiler\ti-cgt-arm_16.9.9.LTS\lib\</path>
         <kind>archive</kind>
         <file>rtsv7M4_T_le_v4SPD16_eabi.lib</file>
         <name>exit.obj</name>
      </input_file>
      <input_file id="fl-d2">
         <path>C:\ti\ccsv7\tools\compiler\ti-cgt-arm_16.9.9.LTS\lib\</path>
         <kind>archive</kind>
         <file>rtsv7M4_T_le_v4SPD16_eabi.lib</file>
         <name>fd_add_t2.obj</name>
      </input_file>
      <input_file id="fl-d3">
         <path>C:\ti\ccsv7\tools\compiler\ti-cgt-arm_16.9.9.LTS\lib\</path>
         <kind>archive</kind>
         <file>rtsv7M4_T_le_v4SPD16_eabi.lib</file>
         <name>fd_tos_t2.obj</name>
      </input_file>
      <input_file id="fl-d4">
         <path>C:\ti\ccsv7\tools\compiler\ti-cgt-arm_16.9.9.LTS\lib\</path>
         <kind>archive</kind>
         <file>rtsv7M4_T_le_v4SPD16_eabi.lib</file>
         <name>fs_tod_t2.obj</name>
      </input_file>
      <input_file id="fl-d5">
         <path>C:\ti\ccsv7\tools\compiler\ti-cgt-arm_16.9.9.LTS\lib\</path>
         <kind>archive</kind>
         <file>rtsv7M4_T_le_v4SPD16_eabi.lib</file>
         <name>memcpy_t2.obj</name>
      </input_file>
      <input_file id="fl-d6">
         <path>C:\ti\ccsv7\tools\compiler\ti-cgt-arm_16.9.9.LTS\lib\</path>
         <kind>archive</kind>
         <file>rtsv7M4_T_le_v4SPD16_eabi.lib</file>
         <name>memory.obj</name>
      </input_file>
      <input_file id="fl-d7">
         <path>C:\ti\ccsv7\tools\compiler\ti-cgt-arm_16.9.9.LTS\lib\</path>
         <kind>archive</kind>
         <file>rtsv7M4_T_le_v4SPD16_eabi.lib</file>
         <name>memset_t2.obj</name>
      </input_file>
      <input_file id="fl-d8">
         <path>C:\ti\ccsv7\tools\compiler\ti-cgt-arm_16.9.9.LTS\lib\</path>
         <kind>archive</kind>
         <file>rtsv7M4_T_le_v4SPD16_eabi.lib</file>
         <name>mpu_init.obj</name>
      </input_file>
      <input_file id="fl-d9">
         <path>C:\ti\ccsv7\tools\compiler\ti-cgt-arm_16.9.9.LTS\lib\</path>
         <kind>archive</kind>
         <file>rtsv7M4_T_le_v4SPD16_eabi.lib</file>
         <name>pre_init.obj</name>
      </input_file>
      <input_file id="fl-da">
         <path>C:\ti\ccsv7\tools\compiler\ti-cgt-arm_16.9.9.LTS\lib\</path>
         <kind>archive</kind>
         <file>rtsv7M4_T_le_v4SPD16_eabi.lib</file>
         <name>stkdepth_vars.obj</name>
      </input_file>
      <input_file id="fl-db">
         <path>C:\ti\ccsv7\tools\compiler\ti-cgt-arm_16.9.9.LTS\lib\</path>
         <kind>archive</kind>
         <file>rtsv7M4_T_le_v4SPD16_eabi.lib</file>
         <name>u_divt2.obj</name>
      </input_file>
      <input_file id="fl-dc">
         <path>C:\ti\ccsv7\tools\compiler\ti-cgt-arm_16.9.9.LTS\lib\</path>
         <kind>archive</kind>
         <file>rtsv7M4_T_le_v4SPD16_eabi.lib</file>
         <name>_lock.obj</name>
      </input_file>
      <input_file id="fl-dd">
         <path>C:\ti\ccsv7\tools\compiler\ti-cgt-arm_16.9.9.LTS\lib\</path>
         <kind>archive</kind>
         <file>rtsv7M4_T_le_v4SPD16_eabi.lib</file>
         <name>args_main.obj</name>
      </input_file>
      <input_file id="fl-de">
         <path>C:\ti\ccsv7\tools\compiler\ti-cgt-arm_16.9.9.LTS\lib\</path>
         <kind>archive</kind>
         <file>rtsv7M4_T_le_v4SPD16_eabi.lib</file>
         <name>autoinit.obj</name>
      </input_file>
      <input_file id="fl-df">
         <path>C:\ti\ccsv7\tools\compiler\ti-cgt-arm_16.9.9.LTS\lib\</path>
         <kind>archive</kind>
         <file>rtsv7M4_T_le_v4SPD16_eabi.lib</file>
         <name>cpy_tbl.obj</name>
      </input_file>
      <input_file id="fl-e0">
         <path>C:\ti\ccsv7\tools\compiler\ti-cgt-arm_16.9.9.LTS\lib\</path>
         <kind>archive</kind>
         <file>rtsv7M4_T_le_v4SPD16_eabi.lib</file>
         <name>i_div0.obj</name>
      </input_file>
      <input_file id="fl-e1">
         <path>C:\ti\ccsv7\tools\compiler\ti-cgt-arm_16.9.9.LTS\lib\</path>
         <kind>archive</kind>
         <file>rtsv7M4_T_le_v4SPD16_eabi.lib</file>
         <name>startup.obj</name>
      </input_file>
      <input_file id="fl-e2">
         <path>C:\ti\TivaWare_C_Series-2.1.4.178\driverlib\ccs\Debug\</path>
         <kind>archive</kind>
         <file>driverlib.lib</file>
         <name>adc.obj</name>
      </input_file>
      <input_file id="fl-e3">
         <path>C:\ti\TivaWare_C_Series-2.1.4.178\driverlib\ccs\Debug\</path>
         <kind>archive</kind>
         <file>driverlib.lib</file>
         <name>gpio.obj</name>
      </input_file>
      <input_file id="fl-e4">
         <path>C:\ti\TivaWare_C_Series-2.1.4.178\driverlib\ccs\Debug\</path>
         <kind>archive</kind>
         <file>driverlib.lib</file>
         <name>interrupt.obj</name>
      </input_file>
      <input_file id="fl-e5">
         <path>C:\ti\TivaWare_C_Series-2.1.4.178\driverlib\ccs\Debug\</path>
         <kind>archive</kind>
         <file>driverlib.lib</file>
         <name>pwm.obj</name>
      </input_file>
      <input_file id="fl-e6">
         <path>C:\ti\TivaWare_C_Series-2.1.4.178\driverlib\ccs\Debug\</path>
         <kind>archive</kind>
         <file>driverlib.lib</file>
         <name>ssi.obj</name>
      </input_file>
      <input_file id="fl-e7">
         <path>C:\ti\TivaWare_C_Series-2.1.4.178\driverlib\ccs\Debug\</path>
         <kind>archive</kind>
         <file>driverlib.lib</file>
         <name>sysctl.obj</name>
      </input_file>
      <input_file id="fl-e8">
         <path>C:\ti\TivaWare_C_Series-2.1.4.178\driverlib\ccs\Debug\</path>
         <kind>archive</kind>
         <file>driverlib.lib</file>
         <name>systick.obj</name>
      </input_file>
      <input_file id="fl-e9">
         <path>C:\ti\TivaWare_C_Series-2.1.4.178\driverlib\ccs\Debug\</path>
         <kind>archive</kind>
         <file>driverlib.lib</file>
         <name>timer.obj</name>
      </input_file>
      <input_file id="fl-ea">
         <path>C:\ti\TivaWare_C_Series-2.1.4.178\driverlib\ccs\Debug\</path>
         <kind>archive</kind>
         <file>driverlib.lib</file>
         <name>uart.obj</name>
      </input_file>
      <input_file id="fl-eb">
         <path>C:\ti\TivaWare_C_Series-2.1.4.178\driverlib\ccs\Debug\</path>
         <kind>archive</kind>
         <file>driverlib.lib</file>
         <name>cpu.obj</name>
      </input_file>
   </input_file_list>
   <object_component_list>
      <object_component id="oc-f">
         <name>.intvecs</name>
         <load_address>0x0</load_address>
         <run_address>0x0</run_address>
         <size>0x26c</size>
         <input_file_ref idref="fl-9"/>
      </object_component>
      <object_component id="oc-15c">
         <name>.text</name>
         <load_address>0x26c</load_address>
         <run_address>0x26c</run_address>
         <size>0xc84</size>
         <input_file_ref idref="fl-b"/>
      </object_component>
      <object_component id="oc-ae">
         <name>.text</name>
         <load_address>0xef0</load_address>
         <run_address>0xef0</run_address>
         <size>0x9f0</size>
         <input_file_ref idref="fl-5"/>
      </object_component>
      <object_component id="oc-2fb">
         <name>.text</name>
         <load_address>0x18e0</load_address>
         <run_address>0x18e0</run_address>
         <size>0x950</size>
         <input_file_ref idref="fl-11"/>
      </object_component>
      <object_component id="oc-2dd">
         <name>.text</name>
         <load_address>0x2230</load_address>
         <run_address>0x2230</run_address>
         <size>0x3d0</size>
         <input_file_ref idref="fl-d6"/>
      </object_component>
      <object_component id="oc-259">
         <name>.text</name>
         <load_address>0x2600</load_address>
         <run_address>0x2600</run_address>
         <size>0x37c</size>
         <input_file_ref idref="fl-f"/>
      </object_component>
      <object_component id="oc-126">
         <name>.text</name>
         <load_address>0x297c</load_address>
         <run_address>0x297c</run_address>
         <size>0x268</size>
         <input_file_ref idref="fl-6"/>
      </object_component>
      <object_component id="oc-253">
         <name>.text</name>
         <load_address>0x2be4</load_address>
         <run_address>0x2be4</run_address>
         <size>0x204</size>
         <input_file_ref idref="fl-10"/>
      </object_component>
      <object_component id="oc-119">
         <name>.text</name>
         <load_address>0x2de8</load_address>
         <run_address>0x2de8</run_address>
         <size>0x1b6</size>
         <input_file_ref idref="fl-d2"/>
      </object_component>
      <object_component id="oc-1a5">
         <name>.text:GPIOPadConfigSet</name>
         <load_address>0x2f9e</load_address>
         <run_address>0x2f9e</run_address>
         <size>0x132</size>
         <input_file_ref idref="fl-e3"/>
      </object_component>
      <object_component id="oc-12c">
         <name>.text</name>
         <load_address>0x30d0</load_address>
         <run_address>0x30d0</run_address>
         <size>0x114</size>
         <input_file_ref idref="fl-8"/>
      </object_component>
      <object_component id="oc-144">
         <name>.text:SysCtlClockGet</name>
         <load_address>0x31e4</load_address>
         <run_address>0x31e4</run_address>
         <size>0x110</size>
         <input_file_ref idref="fl-e7"/>
      </object_component>
      <object_component id="oc-1f4">
         <name>.text:SysCtlClockSet</name>
         <load_address>0x32f4</load_address>
         <run_address>0x32f4</run_address>
         <size>0xf4</size>
         <input_file_ref idref="fl-e7"/>
      </object_component>
      <object_component id="oc-138">
         <name>.text</name>
         <load_address>0x33e8</load_address>
         <run_address>0x33e8</run_address>
         <size>0xbc</size>
         <input_file_ref idref="fl-2"/>
      </object_component>
      <object_component id="oc-219">
         <name>.text</name>
         <load_address>0x34a4</load_address>
         <run_address>0x34a4</run_address>
         <size>0xb8</size>
         <input_file_ref idref="fl-3"/>
      </object_component>
      <object_component id="oc-42">
         <name>.text</name>
         <load_address>0x355c</load_address>
         <run_address>0x355c</run_address>
         <size>0x9c</size>
         <input_file_ref idref="fl-d5"/>
      </object_component>
      <object_component id="oc-22b">
         <name>.text:ADCSequenceStepConfigure</name>
         <load_address>0x35f8</load_address>
         <run_address>0x35f8</run_address>
         <size>0x7a</size>
         <input_file_ref idref="fl-e2"/>
      </object_component>
      <object_component id="oc-4e">
         <name>.text</name>
         <load_address>0x3672</load_address>
         <run_address>0x3672</run_address>
         <size>0x7a</size>
         <input_file_ref idref="fl-d7"/>
      </object_component>
      <object_component id="oc-156">
         <name>.text</name>
         <load_address>0x36ec</load_address>
         <run_address>0x36ec</run_address>
         <size>0x74</size>
         <input_file_ref idref="fl-a"/>
      </object_component>
      <object_component id="oc-66">
         <name>.text</name>
         <load_address>0x3760</load_address>
         <run_address>0x3760</run_address>
         <size>0x70</size>
         <input_file_ref idref="fl-de"/>
      </object_component>
      <object_component id="oc-11e">
         <name>.text</name>
         <load_address>0x37d0</load_address>
         <run_address>0x37d0</run_address>
         <size>0x6e</size>
         <input_file_ref idref="fl-d3"/>
      </object_component>
      <object_component id="oc-367">
         <name>.text</name>
         <load_address>0x383e</load_address>
         <run_address>0x383e</run_address>
         <size>0x2</size>
         <input_file_ref idref="fl-e0"/>
      </object_component>
      <object_component id="oc-19e">
         <name>.text:IntEnable</name>
         <load_address>0x3840</load_address>
         <run_address>0x3840</run_address>
         <size>0x68</size>
         <input_file_ref idref="fl-e4"/>
      </object_component>
      <object_component id="oc-12">
         <name>.text:decompress:lzss</name>
         <load_address>0x38a8</load_address>
         <run_address>0x38a8</run_address>
         <size>0x68</size>
         <input_file_ref idref="fl-ce"/>
      </object_component>
      <object_component id="oc-3a4">
         <name>.text:TimerConfigure</name>
         <load_address>0x3910</load_address>
         <run_address>0x3910</run_address>
         <size>0x60</size>
         <input_file_ref idref="fl-e9"/>
      </object_component>
      <object_component id="oc-310">
         <name>.text</name>
         <load_address>0x3970</load_address>
         <run_address>0x3970</run_address>
         <size>0x5c</size>
         <input_file_ref idref="fl-12"/>
      </object_component>
      <object_component id="oc-102">
         <name>.text:GPIOIntTypeSet</name>
         <load_address>0x39cc</load_address>
         <run_address>0x39cc</run_address>
         <size>0x58</size>
         <input_file_ref idref="fl-e3"/>
      </object_component>
      <object_component id="oc-24">
         <name>.text</name>
         <load_address>0x3a24</load_address>
         <run_address>0x3a24</run_address>
         <size>0x54</size>
         <input_file_ref idref="fl-cd"/>
      </object_component>
      <object_component id="oc-72">
         <name>.text</name>
         <load_address>0x3a78</load_address>
         <run_address>0x3a78</run_address>
         <size>0x54</size>
         <input_file_ref idref="fl-d1"/>
      </object_component>
      <object_component id="oc-225">
         <name>.text:ADCSequenceConfigure</name>
         <load_address>0x3acc</load_address>
         <run_address>0x3acc</run_address>
         <size>0x50</size>
         <input_file_ref idref="fl-e2"/>
      </object_component>
      <object_component id="oc-2e9">
         <name>.text:_ADCIntNumberGet</name>
         <load_address>0x3b1c</load_address>
         <run_address>0x3b1c</run_address>
         <size>0x50</size>
         <input_file_ref idref="fl-e2"/>
      </object_component>
      <object_component id="oc-1c3">
         <name>.text:GPIOPinConfigure</name>
         <load_address>0x3b6c</load_address>
         <run_address>0x3b6c</run_address>
         <size>0x4c</size>
         <input_file_ref idref="fl-e3"/>
      </object_component>
      <object_component id="oc-a0">
         <name>.text</name>
         <load_address>0x3bb8</load_address>
         <run_address>0x3bb8</run_address>
         <size>0x4c</size>
         <input_file_ref idref="fl-df"/>
      </object_component>
      <object_component id="oc-267">
         <name>.text:UARTConfigSetExpClk</name>
         <load_address>0x3c04</load_address>
         <run_address>0x3c04</run_address>
         <size>0x46</size>
         <input_file_ref idref="fl-ea"/>
      </object_component>
      <object_component id="oc-5a">
         <name>.text</name>
         <load_address>0x3c4a</load_address>
         <run_address>0x3c4a</run_address>
         <size>0x2</size>
         <input_file_ref idref="fl-d8"/>
      </object_component>
      <object_component id="oc-150">
         <name>.text</name>
         <load_address>0x3c4c</load_address>
         <run_address>0x3c4c</run_address>
         <size>0x44</size>
         <input_file_ref idref="fl-c"/>
      </object_component>
      <object_component id="oc-192">
         <name>.text:_GPIOIntNumberGet</name>
         <load_address>0x3c90</load_address>
         <run_address>0x3c90</run_address>
         <size>0x44</size>
         <input_file_ref idref="fl-e3"/>
      </object_component>
      <object_component id="oc-132">
         <name>.text</name>
         <load_address>0x3cd4</load_address>
         <run_address>0x3cd4</run_address>
         <size>0x40</size>
         <input_file_ref idref="fl-4"/>
      </object_component>
      <object_component id="oc-281">
         <name>.text</name>
         <load_address>0x3d14</load_address>
         <run_address>0x3d14</run_address>
         <size>0x40</size>
         <input_file_ref idref="fl-db"/>
      </object_component>
      <object_component id="oc-322">
         <name>.text:SSIConfigSetExpClk</name>
         <load_address>0x3d54</load_address>
         <run_address>0x3d54</run_address>
         <size>0x3c</size>
         <input_file_ref idref="fl-e6"/>
      </object_component>
      <object_component id="oc-ea">
         <name>.text:SysCtlPeripheralReady</name>
         <load_address>0x3d90</load_address>
         <run_address>0x3d90</run_address>
         <size>0x38</size>
         <input_file_ref idref="fl-e7"/>
      </object_component>
      <object_component id="oc-114">
         <name>.text</name>
         <load_address>0x3dc8</load_address>
         <run_address>0x3dc8</run_address>
         <size>0x38</size>
         <input_file_ref idref="fl-d4"/>
      </object_component>
      <object_component id="oc-198">
         <name>.text:IntRegister</name>
         <load_address>0x3e00</load_address>
         <run_address>0x3e00</run_address>
         <size>0x34</size>
         <input_file_ref idref="fl-e4"/>
      </object_component>
      <object_component id="oc-e4">
         <name>.text:SysCtlPeripheralEnable</name>
         <load_address>0x3e34</load_address>
         <run_address>0x3e34</run_address>
         <size>0x34</size>
         <input_file_ref idref="fl-e7"/>
      </object_component>
      <object_component id="oc-fc">
         <name>.text:GPIODirModeSet</name>
         <load_address>0x3e68</load_address>
         <run_address>0x3e68</run_address>
         <size>0x2c</size>
         <input_file_ref idref="fl-e3"/>
      </object_component>
      <object_component id="oc-1cf">
         <name>.text:PWMGenConfigure</name>
         <load_address>0x3e94</load_address>
         <run_address>0x3e94</run_address>
         <size>0x22</size>
         <input_file_ref idref="fl-e5"/>
      </object_component>
      <object_component id="oc-a6">
         <name>.text</name>
         <load_address>0x3eb6</load_address>
         <run_address>0x3eb6</run_address>
         <size>0x2</size>
         <input_file_ref idref="fl-e1"/>
      </object_component>
      <object_component id="oc-35a">
         <name>.text:UARTDisable</name>
         <load_address>0x3eb8</load_address>
         <run_address>0x3eb8</run_address>
         <size>0x20</size>
         <input_file_ref idref="fl-ea"/>
      </object_component>
      <object_component id="oc-213">
         <name>.text:ADCSequenceDataGet</name>
         <load_address>0x3ed8</load_address>
         <run_address>0x3ed8</run_address>
         <size>0x1e</size>
         <input_file_ref idref="fl-e2"/>
      </object_component>
      <object_component id="oc-1e7">
         <name>.text:PWMPulseWidthSet</name>
         <load_address>0x3ef6</load_address>
         <run_address>0x3ef6</run_address>
         <size>0x1e</size>
         <input_file_ref idref="fl-e5"/>
      </object_component>
      <object_component id="oc-200">
         <name>.text:SysTickIntRegister</name>
         <load_address>0x3f14</load_address>
         <run_address>0x3f14</run_address>
         <size>0x1c</size>
         <input_file_ref idref="fl-e8"/>
      </object_component>
      <object_component id="oc-237">
         <name>.text:ADCIntRegister</name>
         <load_address>0x3f30</load_address>
         <run_address>0x3f30</run_address>
         <size>0x18</size>
         <input_file_ref idref="fl-e2"/>
      </object_component>
      <object_component id="oc-1ee">
         <name>.text:ADCProcessorTrigger</name>
         <load_address>0x3f48</load_address>
         <run_address>0x3f48</run_address>
         <size>0x18</size>
         <input_file_ref idref="fl-e2"/>
      </object_component>
      <object_component id="oc-f0">
         <name>.text:GPIOIntRegister</name>
         <load_address>0x3f60</load_address>
         <run_address>0x3f60</run_address>
         <size>0x18</size>
         <input_file_ref idref="fl-e3"/>
      </object_component>
      <object_component id="oc-334">
         <name>.text:GPIOPinTypeGPIOOutput</name>
         <load_address>0x3f78</load_address>
         <run_address>0x3f78</run_address>
         <size>0x18</size>
         <input_file_ref idref="fl-e3"/>
      </object_component>
      <object_component id="oc-6c">
         <name>.text</name>
         <load_address>0x3f90</load_address>
         <run_address>0x3f90</run_address>
         <size>0x18</size>
         <input_file_ref idref="fl-dd"/>
      </object_component>
      <object_component id="oc-f6">
         <name>.text:GPIOPinTypeGPIOInput</name>
         <load_address>0x3fa8</load_address>
         <run_address>0x3fa8</run_address>
         <size>0x16</size>
         <input_file_ref idref="fl-e3"/>
      </object_component>
      <object_component id="oc-1c9">
         <name>.text:GPIOPinTypePWM</name>
         <load_address>0x3fbe</load_address>
         <run_address>0x3fbe</run_address>
         <size>0x16</size>
         <input_file_ref idref="fl-e3"/>
      </object_component>
      <object_component id="oc-316">
         <name>.text:GPIOPinTypeSSI</name>
         <load_address>0x3fd4</load_address>
         <run_address>0x3fd4</run_address>
         <size>0x16</size>
         <input_file_ref idref="fl-e3"/>
      </object_component>
      <object_component id="oc-261">
         <name>.text:GPIOPinTypeUART</name>
         <load_address>0x3fea</load_address>
         <run_address>0x3fea</run_address>
         <size>0x16</size>
         <input_file_ref idref="fl-e3"/>
      </object_component>
      <object_component id="oc-20c">
         <name>.text:SysTickEnable</name>
         <load_address>0x4000</load_address>
         <run_address>0x4000</run_address>
         <size>0x14</size>
         <input_file_ref idref="fl-e8"/>
      </object_component>
      <object_component id="oc-206">
         <name>.text:SysTickIntEnable</name>
         <load_address>0x4014</load_address>
         <run_address>0x4014</run_address>
         <size>0x14</size>
         <input_file_ref idref="fl-e8"/>
      </object_component>
      <object_component id="oc-273">
         <name>.text:UARTEnable</name>
         <load_address>0x4028</load_address>
         <run_address>0x4028</run_address>
         <size>0x14</size>
         <input_file_ref idref="fl-ea"/>
      </object_component>
      <object_component id="oc-175">
         <name>.text</name>
         <load_address>0x403c</load_address>
         <run_address>0x403c</run_address>
         <size>0x14</size>
         <input_file_ref idref="fl-dc"/>
      </object_component>
      <object_component id="oc-1e1">
         <name>.text:PWMOutputState</name>
         <load_address>0x4050</load_address>
         <run_address>0x4050</run_address>
         <size>0x12</size>
         <input_file_ref idref="fl-e5"/>
      </object_component>
      <object_component id="oc-23d">
         <name>.text:ADCIntEnable</name>
         <load_address>0x4062</load_address>
         <run_address>0x4062</run_address>
         <size>0x10</size>
         <input_file_ref idref="fl-e2"/>
      </object_component>
      <object_component id="oc-13e">
         <name>.text:IntMasterEnable</name>
         <load_address>0x4072</load_address>
         <run_address>0x4072</run_address>
         <size>0x10</size>
         <input_file_ref idref="fl-e4"/>
      </object_component>
      <object_component id="oc-1d5">
         <name>.text:PWMGenPeriodSet</name>
         <load_address>0x4082</load_address>
         <run_address>0x4082</run_address>
         <size>0x10</size>
         <input_file_ref idref="fl-e5"/>
      </object_component>
      <object_component id="oc-1fa">
         <name>.text:SysTickPeriodSet</name>
         <load_address>0x4094</load_address>
         <run_address>0x4094</run_address>
         <size>0x10</size>
         <input_file_ref idref="fl-e8"/>
      </object_component>
      <object_component id="oc-231">
         <name>.text:ADCSequenceEnable</name>
         <load_address>0x40a4</load_address>
         <run_address>0x40a4</run_address>
         <size>0xe</size>
         <input_file_ref idref="fl-e2"/>
      </object_component>
      <object_component id="oc-3aa">
         <name>.text:TimerEnable</name>
         <load_address>0x40b2</load_address>
         <run_address>0x40b2</run_address>
         <size>0xe</size>
         <input_file_ref idref="fl-e9"/>
      </object_component>
      <object_component id="oc-18">
         <name>.text:decompress:none</name>
         <load_address>0x40c0</load_address>
         <run_address>0x40c0</run_address>
         <size>0xe</size>
         <input_file_ref idref="fl-cf"/>
      </object_component>
      <object_component id="oc-247">
         <name>.text:CPUcpsie</name>
         <load_address>0x40ce</load_address>
         <run_address>0x40ce</run_address>
         <size>0xc</size>
         <input_file_ref idref="fl-eb"/>
      </object_component>
      <object_component id="oc-108">
         <name>.text:GPIOIntEnable</name>
         <load_address>0x40da</load_address>
         <run_address>0x40da</run_address>
         <size>0xc</size>
         <input_file_ref idref="fl-e3"/>
      </object_component>
      <object_component id="oc-1db">
         <name>.text:PWMGenEnable</name>
         <load_address>0x40e6</load_address>
         <run_address>0x40e6</run_address>
         <size>0xc</size>
         <input_file_ref idref="fl-e5"/>
      </object_component>
      <object_component id="oc-346">
         <name>.text:SSIDataGet</name>
         <load_address>0x40f2</load_address>
         <run_address>0x40f2</run_address>
         <size>0xc</size>
         <input_file_ref idref="fl-e6"/>
      </object_component>
      <object_component id="oc-14a">
         <name>.text:SysTickValueGet</name>
         <load_address>0x4100</load_address>
         <run_address>0x4100</run_address>
         <size>0xc</size>
         <input_file_ref idref="fl-e8"/>
      </object_component>
      <object_component id="oc-1e">
         <name>.text:decompress:ZI</name>
         <load_address>0x410c</load_address>
         <run_address>0x410c</run_address>
         <size>0xc</size>
         <input_file_ref idref="fl-d0"/>
      </object_component>
      <object_component id="oc-2e">
         <name>.text</name>
         <load_address>0x4118</load_address>
         <run_address>0x4118</run_address>
         <size>0xc</size>
         <input_file_ref idref="fl-9"/>
      </object_component>
      <object_component id="oc-21f">
         <name>.text:ADCIntClear</name>
         <load_address>0x4124</load_address>
         <run_address>0x4124</run_address>
         <size>0xa</size>
         <input_file_ref idref="fl-e2"/>
      </object_component>
      <object_component id="oc-340">
         <name>.text:SSIDataPut</name>
         <load_address>0x412e</load_address>
         <run_address>0x412e</run_address>
         <size>0xa</size>
         <input_file_ref idref="fl-e6"/>
      </object_component>
      <object_component id="oc-328">
         <name>.text:SSIEnable</name>
         <load_address>0x4138</load_address>
         <run_address>0x4138</run_address>
         <size>0xa</size>
         <input_file_ref idref="fl-e6"/>
      </object_component>
      <object_component id="oc-3b0">
         <name>.text:TimerValueGet</name>
         <load_address>0x4142</load_address>
         <run_address>0x4142</run_address>
         <size>0xa</size>
         <input_file_ref idref="fl-e9"/>
      </object_component>
      <object_component id="oc-279">
         <name>.text:UARTCharPut</name>
         <load_address>0x414c</load_address>
         <run_address>0x414c</run_address>
         <size>0xa</size>
         <input_file_ref idref="fl-ea"/>
      </object_component>
      <object_component id="oc-26d">
         <name>.text:UARTFIFOEnable</name>
         <load_address>0x4156</load_address>
         <run_address>0x4156</run_address>
         <size>0xa</size>
         <input_file_ref idref="fl-ea"/>
      </object_component>
      <object_component id="oc-33a">
         <name>.text:SSIBusy</name>
         <load_address>0x4160</load_address>
         <run_address>0x4160</run_address>
         <size>0x8</size>
         <input_file_ref idref="fl-e6"/>
      </object_component>
      <object_component id="oc-de">
         <name>.text:GPIOIntClear</name>
         <load_address>0x4168</load_address>
         <run_address>0x4168</run_address>
         <size>0x6</size>
         <input_file_ref idref="fl-e3"/>
      </object_component>
      <object_component id="oc-10e">
         <name>.text:GPIOPinRead</name>
         <load_address>0x416e</load_address>
         <run_address>0x416e</run_address>
         <size>0x6</size>
         <input_file_ref idref="fl-e3"/>
      </object_component>
      <object_component id="oc-32e">
         <name>.text:GPIOPinWrite</name>
         <load_address>0x4174</load_address>
         <run_address>0x4174</run_address>
         <size>0x6</size>
         <input_file_ref idref="fl-e3"/>
      </object_component>
      <object_component id="oc-31c">
         <name>.text:SSIClockSourceSet</name>
         <load_address>0x417a</load_address>
         <run_address>0x417a</run_address>
         <size>0x6</size>
         <input_file_ref idref="fl-e6"/>
      </object_component>
      <object_component id="oc-2d5">
         <name>.text:SysCtlDelay</name>
         <load_address>0x4180</load_address>
         <run_address>0x4180</run_address>
         <size>0x6</size>
         <input_file_ref idref="fl-e7"/>
      </object_component>
      <object_component id="oc-60">
         <name>.text</name>
         <load_address>0x4186</load_address>
         <run_address>0x4186</run_address>
         <size>0x4</size>
         <input_file_ref idref="fl-d9"/>
      </object_component>
      <object_component id="oc-34c">
         <name>.const:.string:rgbOledFont0</name>
         <load_address>0x418c</load_address>
         <run_address>0x418c</run_address>
         <size>0x300</size>
         <input_file_ref idref="fl-d"/>
      </object_component>
      <object_component id="oc-2b0">
         <name>.const:g_ppui32GPIOIntMapSnowflake</name>
         <load_address>0x448c</load_address>
         <run_address>0x448c</run_address>
         <size>0xd8</size>
         <input_file_ref idref="fl-e3"/>
      </object_component>
      <object_component id="oc-2ad">
         <name>.const:g_ppui32GPIOIntMapBlizzard</name>
         <load_address>0x4564</load_address>
         <run_address>0x4564</run_address>
         <size>0xc0</size>
         <input_file_ref idref="fl-e3"/>
      </object_component>
      <object_component id="oc-2c8">
         <name>.const:g_pui32GPIOBaseAddrs</name>
         <load_address>0x4624</load_address>
         <run_address>0x4624</run_address>
         <size>0x90</size>
         <input_file_ref idref="fl-e3"/>
      </object_component>
      <object_component id="oc-24e">
         <name>.const:g_pui32Xtals</name>
         <load_address>0x46b4</load_address>
         <run_address>0x46b4</run_address>
         <size>0x6c</size>
         <input_file_ref idref="fl-e7"/>
      </object_component>
      <object_component id="oc-352">
         <name>.const:.string:rgbFillPat</name>
         <load_address>0x4720</load_address>
         <run_address>0x4720</run_address>
         <size>0x40</size>
         <input_file_ref idref="fl-e"/>
      </object_component>
      <object_component id="oc-289">
         <name>.const:g_psDaysToMonth</name>
         <load_address>0x4760</load_address>
         <run_address>0x4760</run_address>
         <size>0x30</size>
         <input_file_ref idref="fl-b"/>
      </object_component>
      <object_component id="oc-28c">
         <name>.const:g_pfExponents</name>
         <load_address>0x4790</load_address>
         <run_address>0x4790</run_address>
         <size>0x18</size>
         <input_file_ref idref="fl-b"/>
      </object_component>
      <object_component id="oc-2b9">
         <name>.const:g_pui32EnRegs</name>
         <load_address>0x47a8</load_address>
         <run_address>0x47a8</run_address>
         <size>0x14</size>
         <input_file_ref idref="fl-e4"/>
      </object_component>
      <object_component id="oc-36e">
         <name>.const:.string</name>
         <load_address>0x47bc</load_address>
         <run_address>0x47bc</run_address>
         <size>0x12</size>
         <input_file_ref idref="fl-b"/>
      </object_component>
      <object_component id="oc-286">
         <name>.const</name>
         <load_address>0x47d0</load_address>
         <run_address>0x47d0</run_address>
         <size>0x4</size>
         <input_file_ref idref="fl-b"/>
      </object_component>
      <object_component id="oc-3ff">
         <name>.cinit..data.load</name>
         <load_address>0x47d8</load_address>
         <run_address>0x47d8</run_address>
         <size>0x23</size>
      </object_component>
      <object_component id="oc-3fc">
         <name>__TI_handler_table</name>
         <load_address>0x47fc</load_address>
         <run_address>0x47fc</run_address>
         <size>0xc</size>
      </object_component>
      <object_component id="oc-400">
         <name>.cinit..bss.load</name>
         <load_address>0x4808</load_address>
         <run_address>0x4808</run_address>
         <size>0x8</size>
      </object_component>
      <object_component id="oc-3fe">
         <name>.cinit..vtable.load</name>
         <load_address>0x4810</load_address>
         <run_address>0x4810</run_address>
         <size>0x8</size>
      </object_component>
      <object_component id="oc-3fd">
         <name>__TI_cinit_table</name>
         <load_address>0x4818</load_address>
         <run_address>0x4818</run_address>
         <size>0x18</size>
      </object_component>
      <object_component id="oc-2b4">
         <name>.vtable</name>
         <uninitialized>true</uninitialized>
         <run_address>0x20000000</run_address>
         <size>0x26c</size>
         <input_file_ref idref="fl-e4"/>
      </object_component>
      <object_component id="oc-123">
         <name>.data</name>
         <load_address>0x200009e8</load_address>
         <run_address>0x200009e8</run_address>
         <size>0x40</size>
         <input_file_ref idref="fl-5"/>
      </object_component>
      <object_component id="oc-28f">
         <name>.data</name>
         <load_address>0x20000a4c</load_address>
         <run_address>0x20000a4c</run_address>
         <size>0x4</size>
         <input_file_ref idref="fl-b"/>
      </object_component>
      <object_component id="oc-b6">
         <name>.data:$O1$$</name>
         <load_address>0x20000a28</load_address>
         <run_address>0x20000a28</run_address>
         <size>0xc</size>
         <input_file_ref idref="fl-d1"/>
      </object_component>
      <object_component id="oc-38c">
         <name>.data:$O1$$</name>
         <load_address>0x20000a34</load_address>
         <run_address>0x20000a34</run_address>
         <size>0xc</size>
         <input_file_ref idref="fl-d6"/>
      </object_component>
      <object_component id="oc-78">
         <name>.data</name>
         <load_address>0x20000a48</load_address>
         <run_address>0x20000a48</run_address>
         <size>0x4</size>
         <input_file_ref idref="fl-da"/>
      </object_component>
      <object_component id="oc-b9">
         <name>.data:$O1$$</name>
         <load_address>0x20000a40</load_address>
         <run_address>0x20000a40</run_address>
         <size>0x8</size>
         <input_file_ref idref="fl-dc"/>
      </object_component>
      <object_component id="oc-243">
         <name>.bss:g_inBuffer</name>
         <uninitialized>true</uninitialized>
         <run_address>0x2000056c</run_address>
         <size>0x10</size>
         <input_file_ref idref="fl-2"/>
      </object_component>
      <object_component id="oc-162">
         <name>.bss</name>
         <uninitialized>true</uninitialized>
         <run_address>0x2000059c</run_address>
         <size>0x4</size>
         <input_file_ref idref="fl-5"/>
      </object_component>
      <object_component id="oc-1b8">
         <name>.bss:but_state</name>
         <uninitialized>true</uninitialized>
         <run_address>0x20000594</run_address>
         <size>0x8</size>
         <input_file_ref idref="fl-6"/>
      </object_component>
      <object_component id="oc-1bb">
         <name>.bss:but_count</name>
         <uninitialized>true</uninitialized>
         <run_address>0x2000057c</run_address>
         <size>0x8</size>
         <input_file_ref idref="fl-6"/>
      </object_component>
      <object_component id="oc-1be">
         <name>.bss:but_flag</name>
         <uninitialized>true</uninitialized>
         <run_address>0x20000584</run_address>
         <size>0x8</size>
         <input_file_ref idref="fl-6"/>
      </object_component>
      <object_component id="oc-1b5">
         <name>.bss:but_normal</name>
         <uninitialized>true</uninitialized>
         <run_address>0x2000058c</run_address>
         <size>0x8</size>
         <input_file_ref idref="fl-6"/>
      </object_component>
      <object_component id="oc-398">
         <name>.common:xcoOledCur</name>
         <uninitialized>true</uninitialized>
         <run_address>0x200005d0</run_address>
         <size>0x4</size>
      </object_component>
      <object_component id="oc-399">
         <name>.common:ycoOledCur</name>
         <uninitialized>true</uninitialized>
         <run_address>0x200005dc</run_address>
         <size>0x4</size>
      </object_component>
      <object_component id="oc-30e">
         <name>.common:pbOledCur</name>
         <uninitialized>true</uninitialized>
         <run_address>0x200005b4</run_address>
         <size>0x4</size>
      </object_component>
      <object_component id="oc-39a">
         <name>.common:bnOledCur</name>
         <uninitialized>true</uninitialized>
         <run_address>0x200005a0</run_address>
         <size>0x4</size>
      </object_component>
      <object_component id="oc-350">
         <name>.common:clrOledCur</name>
         <uninitialized>true</uninitialized>
         <run_address>0x200005e0</run_address>
         <size>0x1</size>
      </object_component>
      <object_component id="oc-351">
         <name>.common:pbOledPatCur</name>
         <uninitialized>true</uninitialized>
         <run_address>0x200005c0</run_address>
         <size>0x4</size>
      </object_component>
      <object_component id="oc-30c">
         <name>.common:fOledCharUpdate</name>
         <uninitialized>true</uninitialized>
         <run_address>0x200005ac</run_address>
         <size>0x4</size>
      </object_component>
      <object_component id="oc-307">
         <name>.common:dxcoOledFontCur</name>
         <uninitialized>true</uninitialized>
         <run_address>0x200005a4</run_address>
         <size>0x4</size>
      </object_component>
      <object_component id="oc-30a">
         <name>.common:dycoOledFontCur</name>
         <uninitialized>true</uninitialized>
         <run_address>0x200005a8</run_address>
         <size>0x4</size>
      </object_component>
      <object_component id="oc-30d">
         <name>.common:pbOledFontCur</name>
         <uninitialized>true</uninitialized>
         <run_address>0x200005b8</run_address>
         <size>0x4</size>
      </object_component>
      <object_component id="oc-30b">
         <name>.common:pbOledFontUser</name>
         <uninitialized>true</uninitialized>
         <run_address>0x200005bc</run_address>
         <size>0x4</size>
      </object_component>
      <object_component id="oc-355">
         <name>.common:rgbOledBmp</name>
         <uninitialized>true</uninitialized>
         <run_address>0x2000026c</run_address>
         <size>0x200</size>
      </object_component>
      <object_component id="oc-305">
         <name>.common:xchOledCur</name>
         <uninitialized>true</uninitialized>
         <run_address>0x200005c8</run_address>
         <size>0x4</size>
      </object_component>
      <object_component id="oc-306">
         <name>.common:ychOledCur</name>
         <uninitialized>true</uninitialized>
         <run_address>0x200005d4</run_address>
         <size>0x4</size>
      </object_component>
      <object_component id="oc-301">
         <name>.common:xchOledMax</name>
         <uninitialized>true</uninitialized>
         <run_address>0x200005cc</run_address>
         <size>0x4</size>
      </object_component>
      <object_component id="oc-304">
         <name>.common:ychOledMax</name>
         <uninitialized>true</uninitialized>
         <run_address>0x200005d8</run_address>
         <size>0x4</size>
      </object_component>
      <object_component id="oc-34f">
         <name>.common:rgbOledFontUser</name>
         <uninitialized>true</uninitialized>
         <run_address>0x2000046c</run_address>
         <size>0x100</size>
      </object_component>
      <object_component id="oc-39e">
         <name>.common:pfnDoRop</name>
         <uninitialized>true</uninitialized>
         <run_address>0x200005c4</run_address>
         <size>0x4</size>
      </object_component>
      <object_component id="oc-39b">
         <name>.common:modOledCur</name>
         <uninitialized>true</uninitialized>
         <run_address>0x200005b0</run_address>
         <size>0x4</size>
      </object_component>
      <object_component id="oc-2b">
         <name>.sysmem</name>
         <uninitialized>true</uninitialized>
         <run_address>0x200007e8</run_address>
         <size>0x8</size>
         <input_file_ref idref="fl-d6"/>
      </object_component>
      <object_component id="oc-402">
         <name>.sysmem</name>
         <uninitialized>true</uninitialized>
         <run_address>0x200007e8</run_address>
         <size>0x0</size>
      </object_component>
      <object_component id="oc-2a">
         <name>.stack</name>
         <uninitialized>true</uninitialized>
         <run_address>0x200005e4</run_address>
         <size>0x0</size>
         <input_file_ref idref="fl-cd"/>
      </object_component>
      <object_component id="oc-401">
         <name>.stack</name>
         <uninitialized>true</uninitialized>
         <run_address>0x200005e4</run_address>
         <size>0x0</size>
      </object_component>
      <object_component id="oc-379">
         <name>.debug_info</name>
         <load_address>0x0</load_address>
         <run_address>0x0</run_address>
         <size>0x4d3</size>
         <input_file_ref idref="fl-2"/>
      </object_component>
      <object_component id="oc-244">
         <name>.debug_info</name>
         <load_address>0x4d3</load_address>
         <run_address>0x4d3</run_address>
         <size>0xbb</size>
         <input_file_ref idref="fl-2"/>
      </object_component>
      <object_component id="oc-139">
         <name>.debug_info</name>
         <load_address>0x58e</load_address>
         <run_address>0x58e</run_address>
         <size>0x2ab</size>
         <input_file_ref idref="fl-2"/>
      </object_component>
      <object_component id="oc-2f3">
         <name>.debug_info</name>
         <load_address>0x839</load_address>
         <run_address>0x839</run_address>
         <size>0x86</size>
         <input_file_ref idref="fl-2"/>
      </object_component>
      <object_component id="oc-294">
         <name>.debug_info</name>
         <load_address>0x8bf</load_address>
         <run_address>0x8bf</run_address>
         <size>0x196</size>
         <input_file_ref idref="fl-2"/>
      </object_component>
      <object_component id="oc-3d">
         <name>.debug_info</name>
         <load_address>0xa55</load_address>
         <run_address>0xa55</run_address>
         <size>0x84</size>
         <input_file_ref idref="fl-2"/>
      </object_component>
      <object_component id="oc-83">
         <name>.debug_info</name>
         <load_address>0xad9</load_address>
         <run_address>0xad9</run_address>
         <size>0x18b</size>
         <input_file_ref idref="fl-2"/>
      </object_component>
      <object_component id="oc-299">
         <name>.debug_info</name>
         <load_address>0xc64</load_address>
         <run_address>0xc64</run_address>
         <size>0x4e</size>
         <input_file_ref idref="fl-2"/>
      </object_component>
      <object_component id="oc-2e4">
         <name>.debug_info</name>
         <load_address>0xcb2</load_address>
         <run_address>0xcb2</run_address>
         <size>0x2b7</size>
         <input_file_ref idref="fl-3"/>
      </object_component>
      <object_component id="oc-21c">
         <name>.debug_info</name>
         <load_address>0xf69</load_address>
         <run_address>0xf69</run_address>
         <size>0x314</size>
         <input_file_ref idref="fl-3"/>
      </object_component>
      <object_component id="oc-392">
         <name>.debug_info</name>
         <load_address>0x127d</load_address>
         <run_address>0x127d</run_address>
         <size>0x110</size>
         <input_file_ref idref="fl-3"/>
      </object_component>
      <object_component id="oc-133">
         <name>.debug_info</name>
         <load_address>0x138d</load_address>
         <run_address>0x138d</run_address>
         <size>0x1de</size>
         <input_file_ref idref="fl-4"/>
      </object_component>
      <object_component id="oc-166">
         <name>.debug_info</name>
         <load_address>0x156b</load_address>
         <run_address>0x156b</run_address>
         <size>0x71e</size>
         <input_file_ref idref="fl-5"/>
      </object_component>
      <object_component id="oc-163">
         <name>.debug_info</name>
         <load_address>0x1c89</load_address>
         <run_address>0x1c89</run_address>
         <size>0xeb</size>
         <input_file_ref idref="fl-5"/>
      </object_component>
      <object_component id="oc-124">
         <name>.debug_info</name>
         <load_address>0x1d74</load_address>
         <run_address>0x1d74</run_address>
         <size>0x37a</size>
         <input_file_ref idref="fl-5"/>
      </object_component>
      <object_component id="oc-b0">
         <name>.debug_info</name>
         <load_address>0x20ee</load_address>
         <run_address>0x20ee</run_address>
         <size>0xcab</size>
         <input_file_ref idref="fl-5"/>
      </object_component>
      <object_component id="oc-167">
         <name>.debug_info</name>
         <load_address>0x2d99</load_address>
         <run_address>0x2d99</run_address>
         <size>0x8b</size>
         <input_file_ref idref="fl-5"/>
      </object_component>
      <object_component id="oc-1c2">
         <name>.debug_info</name>
         <load_address>0x2e24</load_address>
         <run_address>0x2e24</run_address>
         <size>0x33f</size>
         <input_file_ref idref="fl-6"/>
      </object_component>
      <object_component id="oc-1b9">
         <name>.debug_info</name>
         <load_address>0x3163</load_address>
         <run_address>0x3163</run_address>
         <size>0xbb</size>
         <input_file_ref idref="fl-6"/>
      </object_component>
      <object_component id="oc-1bc">
         <name>.debug_info</name>
         <load_address>0x321e</load_address>
         <run_address>0x321e</run_address>
         <size>0xbb</size>
         <input_file_ref idref="fl-6"/>
      </object_component>
      <object_component id="oc-1bf">
         <name>.debug_info</name>
         <load_address>0x32d9</load_address>
         <run_address>0x32d9</run_address>
         <size>0xb9</size>
         <input_file_ref idref="fl-6"/>
      </object_component>
      <object_component id="oc-1b6">
         <name>.debug_info</name>
         <load_address>0x3392</load_address>
         <run_address>0x3392</run_address>
         <size>0xbd</size>
         <input_file_ref idref="fl-6"/>
      </object_component>
      <object_component id="oc-127">
         <name>.debug_info</name>
         <load_address>0x344f</load_address>
         <run_address>0x344f</run_address>
         <size>0x3c8</size>
         <input_file_ref idref="fl-6"/>
      </object_component>
      <object_component id="oc-130">
         <name>.debug_info</name>
         <load_address>0x3817</load_address>
         <run_address>0x3817</run_address>
         <size>0x38c</size>
         <input_file_ref idref="fl-8"/>
      </object_component>
      <object_component id="oc-36">
         <name>.debug_info</name>
         <load_address>0x3ba3</load_address>
         <run_address>0x3ba3</run_address>
         <size>0x284</size>
         <input_file_ref idref="fl-9"/>
      </object_component>
      <object_component id="oc-10">
         <name>.debug_info</name>
         <load_address>0x3e27</load_address>
         <run_address>0x3e27</run_address>
         <size>0xd5</size>
         <input_file_ref idref="fl-9"/>
      </object_component>
      <object_component id="oc-30">
         <name>.debug_info</name>
         <load_address>0x3efc</load_address>
         <run_address>0x3efc</run_address>
         <size>0x251</size>
         <input_file_ref idref="fl-9"/>
      </object_component>
      <object_component id="oc-280">
         <name>.debug_info</name>
         <load_address>0x414d</load_address>
         <run_address>0x414d</run_address>
         <size>0x417</size>
         <input_file_ref idref="fl-a"/>
      </object_component>
      <object_component id="oc-157">
         <name>.debug_info</name>
         <load_address>0x4564</load_address>
         <run_address>0x4564</run_address>
         <size>0x256</size>
         <input_file_ref idref="fl-a"/>
      </object_component>
      <object_component id="oc-293">
         <name>.debug_info</name>
         <load_address>0x47ba</load_address>
         <run_address>0x47ba</run_address>
         <size>0x2c5</size>
         <input_file_ref idref="fl-b"/>
      </object_component>
      <object_component id="oc-287">
         <name>.debug_info</name>
         <load_address>0x4a7f</load_address>
         <run_address>0x4a7f</run_address>
         <size>0xde</size>
         <input_file_ref idref="fl-b"/>
      </object_component>
      <object_component id="oc-28a">
         <name>.debug_info</name>
         <load_address>0x4b5d</load_address>
         <run_address>0x4b5d</run_address>
         <size>0xef</size>
         <input_file_ref idref="fl-b"/>
      </object_component>
      <object_component id="oc-28d">
         <name>.debug_info</name>
         <load_address>0x4c4c</load_address>
         <run_address>0x4c4c</run_address>
         <size>0xeb</size>
         <input_file_ref idref="fl-b"/>
      </object_component>
      <object_component id="oc-290">
         <name>.debug_info</name>
         <load_address>0x4d37</load_address>
         <run_address>0x4d37</run_address>
         <size>0xeb</size>
         <input_file_ref idref="fl-b"/>
      </object_component>
      <object_component id="oc-15d">
         <name>.debug_info</name>
         <load_address>0x4e22</load_address>
         <run_address>0x4e22</run_address>
         <size>0x1347</size>
         <input_file_ref idref="fl-b"/>
      </object_component>
      <object_component id="oc-260">
         <name>.debug_info</name>
         <load_address>0x6169</load_address>
         <run_address>0x6169</run_address>
         <size>0x322</size>
         <input_file_ref idref="fl-c"/>
      </object_component>
      <object_component id="oc-153">
         <name>.debug_info</name>
         <load_address>0x648b</load_address>
         <run_address>0x648b</run_address>
         <size>0x2df</size>
         <input_file_ref idref="fl-c"/>
      </object_component>
      <object_component id="oc-3c3">
         <name>.debug_info</name>
         <load_address>0x676a</load_address>
         <run_address>0x676a</run_address>
         <size>0xc9</size>
         <input_file_ref idref="fl-d"/>
      </object_component>
      <object_component id="oc-34d">
         <name>.debug_info</name>
         <load_address>0x6833</load_address>
         <run_address>0x6833</run_address>
         <size>0xdd</size>
         <input_file_ref idref="fl-d"/>
      </object_component>
      <object_component id="oc-3c6">
         <name>.debug_info</name>
         <load_address>0x6910</load_address>
         <run_address>0x6910</run_address>
         <size>0xc6</size>
         <input_file_ref idref="fl-e"/>
      </object_component>
      <object_component id="oc-353">
         <name>.debug_info</name>
         <load_address>0x69d6</load_address>
         <run_address>0x69d6</run_address>
         <size>0xd8</size>
         <input_file_ref idref="fl-e"/>
      </object_component>
      <object_component id="oc-308">
         <name>.debug_info</name>
         <load_address>0x6aae</load_address>
         <run_address>0x6aae</run_address>
         <size>0x824</size>
         <input_file_ref idref="fl-f"/>
      </object_component>
      <object_component id="oc-25a">
         <name>.debug_info</name>
         <load_address>0x72d2</load_address>
         <run_address>0x72d2</run_address>
         <size>0xbc4</size>
         <input_file_ref idref="fl-f"/>
      </object_component>
      <object_component id="oc-302">
         <name>.debug_info</name>
         <load_address>0x7e96</load_address>
         <run_address>0x7e96</run_address>
         <size>0x4a1</size>
         <input_file_ref idref="fl-10"/>
      </object_component>
      <object_component id="oc-255">
         <name>.debug_info</name>
         <load_address>0x8337</load_address>
         <run_address>0x8337</run_address>
         <size>0x897</size>
         <input_file_ref idref="fl-10"/>
      </object_component>
      <object_component id="oc-39c">
         <name>.debug_info</name>
         <load_address>0x8bce</load_address>
         <run_address>0x8bce</run_address>
         <size>0x494</size>
         <input_file_ref idref="fl-11"/>
      </object_component>
      <object_component id="oc-2fc">
         <name>.debug_info</name>
         <load_address>0x9062</load_address>
         <run_address>0x9062</run_address>
         <size>0x1b2f</size>
         <input_file_ref idref="fl-11"/>
      </object_component>
      <object_component id="oc-311">
         <name>.debug_info</name>
         <load_address>0xab91</load_address>
         <run_address>0xab91</run_address>
         <size>0x22a</size>
         <input_file_ref idref="fl-12"/>
      </object_component>
      <object_component id="oc-27">
         <name>.debug_info</name>
         <load_address>0xadbb</load_address>
         <run_address>0xadbb</run_address>
         <size>0x16b</size>
         <input_file_ref idref="fl-cd"/>
      </object_component>
      <object_component id="oc-8d">
         <name>.debug_info</name>
         <load_address>0xaf26</load_address>
         <run_address>0xaf26</run_address>
         <size>0x29e</size>
         <input_file_ref idref="fl-ce"/>
      </object_component>
      <object_component id="oc-13">
         <name>.debug_info</name>
         <load_address>0xb1c4</load_address>
         <run_address>0xb1c4</run_address>
         <size>0x250</size>
         <input_file_ref idref="fl-ce"/>
      </object_component>
      <object_component id="oc-38">
         <name>.debug_info</name>
         <load_address>0xb414</load_address>
         <run_address>0xb414</run_address>
         <size>0x60</size>
         <input_file_ref idref="fl-ce"/>
      </object_component>
      <object_component id="oc-88">
         <name>.debug_info</name>
         <load_address>0xb474</load_address>
         <run_address>0xb474</run_address>
         <size>0x46</size>
         <input_file_ref idref="fl-ce"/>
      </object_component>
      <object_component id="oc-4d">
         <name>.debug_info</name>
         <load_address>0xb4ba</load_address>
         <run_address>0xb4ba</run_address>
         <size>0x2e5</size>
         <input_file_ref idref="fl-cf"/>
      </object_component>
      <object_component id="oc-19">
         <name>.debug_info</name>
         <load_address>0xb79f</load_address>
         <run_address>0xb79f</run_address>
         <size>0x1ea</size>
         <input_file_ref idref="fl-cf"/>
      </object_component>
      <object_component id="oc-48">
         <name>.debug_info</name>
         <load_address>0xb989</load_address>
         <run_address>0xb989</run_address>
         <size>0x46</size>
         <input_file_ref idref="fl-cf"/>
      </object_component>
      <object_component id="oc-8f">
         <name>.debug_info</name>
         <load_address>0xb9cf</load_address>
         <run_address>0xb9cf</run_address>
         <size>0x2c</size>
         <input_file_ref idref="fl-cf"/>
      </object_component>
      <object_component id="oc-59">
         <name>.debug_info</name>
         <load_address>0xb9fb</load_address>
         <run_address>0xb9fb</run_address>
         <size>0x2d4</size>
         <input_file_ref idref="fl-d0"/>
      </object_component>
      <object_component id="oc-21">
         <name>.debug_info</name>
         <load_address>0xbccf</load_address>
         <run_address>0xbccf</run_address>
         <size>0x1b5</size>
         <input_file_ref idref="fl-d0"/>
      </object_component>
      <object_component id="oc-54">
         <name>.debug_info</name>
         <load_address>0xbe84</load_address>
         <run_address>0xbe84</run_address>
         <size>0x46</size>
         <input_file_ref idref="fl-d0"/>
      </object_component>
      <object_component id="oc-97">
         <name>.debug_info</name>
         <load_address>0xbeca</load_address>
         <run_address>0xbeca</run_address>
         <size>0x2c</size>
         <input_file_ref idref="fl-d0"/>
      </object_component>
      <object_component id="oc-bd">
         <name>.debug_info</name>
         <load_address>0xbef6</load_address>
         <run_address>0xbef6</run_address>
         <size>0x3d9</size>
         <input_file_ref idref="fl-d1"/>
      </object_component>
      <object_component id="oc-b7">
         <name>.debug_info</name>
         <load_address>0xc2cf</load_address>
         <run_address>0xc2cf</run_address>
         <size>0x190</size>
         <input_file_ref idref="fl-d1"/>
      </object_component>
      <object_component id="oc-73">
         <name>.debug_info</name>
         <load_address>0xc45f</load_address>
         <run_address>0xc45f</run_address>
         <size>0x21f</size>
         <input_file_ref idref="fl-d1"/>
      </object_component>
      <object_component id="oc-11a">
         <name>.debug_info</name>
         <load_address>0xc67e</load_address>
         <run_address>0xc67e</run_address>
         <size>0x14f</size>
         <input_file_ref idref="fl-d2"/>
      </object_component>
      <object_component id="oc-121">
         <name>.debug_info</name>
         <load_address>0xc7cd</load_address>
         <run_address>0xc7cd</run_address>
         <size>0x141</size>
         <input_file_ref idref="fl-d3"/>
      </object_component>
      <object_component id="oc-115">
         <name>.debug_info</name>
         <load_address>0xc90e</load_address>
         <run_address>0xc90e</run_address>
         <size>0x12f</size>
         <input_file_ref idref="fl-d4"/>
      </object_component>
      <object_component id="oc-44">
         <name>.debug_info</name>
         <load_address>0xca3d</load_address>
         <run_address>0xca3d</run_address>
         <size>0x11c</size>
         <input_file_ref idref="fl-d5"/>
      </object_component>
      <object_component id="oc-7e">
         <name>.debug_info</name>
         <load_address>0xcb59</load_address>
         <run_address>0xcb59</run_address>
         <size>0x3c7</size>
         <input_file_ref idref="fl-d6"/>
      </object_component>
      <object_component id="oc-2c">
         <name>.debug_info</name>
         <load_address>0xcf20</load_address>
         <run_address>0xcf20</run_address>
         <size>0x10c</size>
         <input_file_ref idref="fl-d6"/>
      </object_component>
      <object_component id="oc-38d">
         <name>.debug_info</name>
         <load_address>0xd02c</load_address>
         <run_address>0xd02c</run_address>
         <size>0x157</size>
         <input_file_ref idref="fl-d6"/>
      </object_component>
      <object_component id="oc-2de">
         <name>.debug_info</name>
         <load_address>0xd183</load_address>
         <run_address>0xd183</run_address>
         <size>0x890</size>
         <input_file_ref idref="fl-d6"/>
      </object_component>
      <object_component id="oc-c3">
         <name>.debug_info</name>
         <load_address>0xda13</load_address>
         <run_address>0xda13</run_address>
         <size>0x2c</size>
         <input_file_ref idref="fl-d6"/>
      </object_component>
      <object_component id="oc-c8">
         <name>.debug_info</name>
         <load_address>0xda3f</load_address>
         <run_address>0xda3f</run_address>
         <size>0x62</size>
         <input_file_ref idref="fl-d6"/>
      </object_component>
      <object_component id="oc-50">
         <name>.debug_info</name>
         <load_address>0xdaa1</load_address>
         <run_address>0xdaa1</run_address>
         <size>0x14a</size>
         <input_file_ref idref="fl-d7"/>
      </object_component>
      <object_component id="oc-5e">
         <name>.debug_info</name>
         <load_address>0xdbeb</load_address>
         <run_address>0xdbeb</run_address>
         <size>0x143</size>
         <input_file_ref idref="fl-d8"/>
      </object_component>
      <object_component id="oc-61">
         <name>.debug_info</name>
         <load_address>0xdd2e</load_address>
         <run_address>0xdd2e</run_address>
         <size>0x153</size>
         <input_file_ref idref="fl-d9"/>
      </object_component>
      <object_component id="oc-79">
         <name>.debug_info</name>
         <load_address>0xde81</load_address>
         <run_address>0xde81</run_address>
         <size>0x114</size>
         <input_file_ref idref="fl-da"/>
      </object_component>
      <object_component id="oc-283">
         <name>.debug_info</name>
         <load_address>0xdf95</load_address>
         <run_address>0xdf95</run_address>
         <size>0x145</size>
         <input_file_ref idref="fl-db"/>
      </object_component>
      <object_component id="oc-17d">
         <name>.debug_info</name>
         <load_address>0xe0da</load_address>
         <run_address>0xe0da</run_address>
         <size>0x2c9</size>
         <input_file_ref idref="fl-dc"/>
      </object_component>
      <object_component id="oc-ba">
         <name>.debug_info</name>
         <load_address>0xe3a3</load_address>
         <run_address>0xe3a3</run_address>
         <size>0x11e</size>
         <input_file_ref idref="fl-dc"/>
      </object_component>
      <object_component id="oc-179">
         <name>.debug_info</name>
         <load_address>0xe4c1</load_address>
         <run_address>0xe4c1</run_address>
         <size>0x22a</size>
         <input_file_ref idref="fl-dc"/>
      </object_component>
      <object_component id="oc-b5">
         <name>.debug_info</name>
         <load_address>0xe6eb</load_address>
         <run_address>0xe6eb</run_address>
         <size>0x30b</size>
         <input_file_ref idref="fl-dd"/>
      </object_component>
      <object_component id="oc-6d">
         <name>.debug_info</name>
         <load_address>0xe9f6</load_address>
         <run_address>0xe9f6</run_address>
         <size>0x172</size>
         <input_file_ref idref="fl-dd"/>
      </object_component>
      <object_component id="oc-16e">
         <name>.debug_info</name>
         <load_address>0xeb68</load_address>
         <run_address>0xeb68</run_address>
         <size>0x5e</size>
         <input_file_ref idref="fl-dd"/>
      </object_component>
      <object_component id="oc-ad">
         <name>.debug_info</name>
         <load_address>0xebc6</load_address>
         <run_address>0xebc6</run_address>
         <size>0x48e</size>
         <input_file_ref idref="fl-de"/>
      </object_component>
      <object_component id="oc-69">
         <name>.debug_info</name>
         <load_address>0xf054</load_address>
         <run_address>0xf054</run_address>
         <size>0x19b</size>
         <input_file_ref idref="fl-de"/>
      </object_component>
      <object_component id="oc-d4">
         <name>.debug_info</name>
         <load_address>0xf1ef</load_address>
         <run_address>0xf1ef</run_address>
         <size>0x39</size>
         <input_file_ref idref="fl-de"/>
      </object_component>
      <object_component id="oc-188">
         <name>.debug_info</name>
         <load_address>0xf228</load_address>
         <run_address>0xf228</run_address>
         <size>0x39</size>
         <input_file_ref idref="fl-de"/>
      </object_component>
      <object_component id="oc-d9">
         <name>.debug_info</name>
         <load_address>0xf261</load_address>
         <run_address>0xf261</run_address>
         <size>0xcd</size>
         <input_file_ref idref="fl-de"/>
      </object_component>
      <object_component id="oc-d0">
         <name>.debug_info</name>
         <load_address>0xf32e</load_address>
         <run_address>0xf32e</run_address>
         <size>0x385</size>
         <input_file_ref idref="fl-df"/>
      </object_component>
      <object_component id="oc-a3">
         <name>.debug_info</name>
         <load_address>0xf6b3</load_address>
         <run_address>0xf6b3</run_address>
         <size>0x18e</size>
         <input_file_ref idref="fl-df"/>
      </object_component>
      <object_component id="oc-183">
         <name>.debug_info</name>
         <load_address>0xf841</load_address>
         <run_address>0xf841</run_address>
         <size>0x2c</size>
         <input_file_ref idref="fl-df"/>
      </object_component>
      <object_component id="oc-36b">
         <name>.debug_info</name>
         <load_address>0xf86d</load_address>
         <run_address>0xf86d</run_address>
         <size>0x152</size>
         <input_file_ref idref="fl-e0"/>
      </object_component>
      <object_component id="oc-a7">
         <name>.debug_info</name>
         <load_address>0xf9bf</load_address>
         <run_address>0xf9bf</run_address>
         <size>0x150</size>
         <input_file_ref idref="fl-e1"/>
      </object_component>
      <object_component id="oc-2d4">
         <name>.debug_info</name>
         <load_address>0xfb0f</load_address>
         <run_address>0xfb0f</run_address>
         <size>0x356</size>
         <input_file_ref idref="fl-e2"/>
      </object_component>
      <object_component id="oc-22c">
         <name>.debug_info</name>
         <load_address>0xfe65</load_address>
         <run_address>0xfe65</run_address>
         <size>0x29c</size>
         <input_file_ref idref="fl-e2"/>
      </object_component>
      <object_component id="oc-232">
         <name>.debug_info</name>
         <load_address>0x10101</load_address>
         <run_address>0x10101</run_address>
         <size>0x209</size>
         <input_file_ref idref="fl-e2"/>
      </object_component>
      <object_component id="oc-214">
         <name>.debug_info</name>
         <load_address>0x1030a</load_address>
         <run_address>0x1030a</run_address>
         <size>0x268</size>
         <input_file_ref idref="fl-e2"/>
      </object_component>
      <object_component id="oc-226">
         <name>.debug_info</name>
         <load_address>0x10572</load_address>
         <run_address>0x10572</run_address>
         <size>0x28f</size>
         <input_file_ref idref="fl-e2"/>
      </object_component>
      <object_component id="oc-1f0">
         <name>.debug_info</name>
         <load_address>0x10801</load_address>
         <run_address>0x10801</run_address>
         <size>0x20d</size>
         <input_file_ref idref="fl-e2"/>
      </object_component>
      <object_component id="oc-2eb">
         <name>.debug_info</name>
         <load_address>0x10a0e</load_address>
         <run_address>0x10a0e</run_address>
         <size>0x228</size>
         <input_file_ref idref="fl-e2"/>
      </object_component>
      <object_component id="oc-238">
         <name>.debug_info</name>
         <load_address>0x10c36</load_address>
         <run_address>0x10c36</run_address>
         <size>0x248</size>
         <input_file_ref idref="fl-e2"/>
      </object_component>
      <object_component id="oc-23e">
         <name>.debug_info</name>
         <load_address>0x10e7e</load_address>
         <run_address>0x10e7e</run_address>
         <size>0x1ff</size>
         <input_file_ref idref="fl-e2"/>
      </object_component>
      <object_component id="oc-220">
         <name>.debug_info</name>
         <load_address>0x1107d</load_address>
         <run_address>0x1107d</run_address>
         <size>0x1fd</size>
         <input_file_ref idref="fl-e2"/>
      </object_component>
      <object_component id="oc-18e">
         <name>.debug_info</name>
         <load_address>0x1127a</load_address>
         <run_address>0x1127a</run_address>
         <size>0x385</size>
         <input_file_ref idref="fl-e3"/>
      </object_component>
      <object_component id="oc-2ae">
         <name>.debug_info</name>
         <load_address>0x115ff</load_address>
         <run_address>0x115ff</run_address>
         <size>0x11e</size>
         <input_file_ref idref="fl-e3"/>
      </object_component>
      <object_component id="oc-2b1">
         <name>.debug_info</name>
         <load_address>0x1171d</load_address>
         <run_address>0x1171d</run_address>
         <size>0x120</size>
         <input_file_ref idref="fl-e3"/>
      </object_component>
      <object_component id="oc-2c9">
         <name>.debug_info</name>
         <load_address>0x1183d</load_address>
         <run_address>0x1183d</run_address>
         <size>0x112</size>
         <input_file_ref idref="fl-e3"/>
      </object_component>
      <object_component id="oc-330">
         <name>.debug_info</name>
         <load_address>0x1194f</load_address>
         <run_address>0x1194f</run_address>
         <size>0x20c</size>
         <input_file_ref idref="fl-e3"/>
      </object_component>
      <object_component id="oc-fe">
         <name>.debug_info</name>
         <load_address>0x11b5b</load_address>
         <run_address>0x11b5b</run_address>
         <size>0x21c</size>
         <input_file_ref idref="fl-e3"/>
      </object_component>
      <object_component id="oc-1a7">
         <name>.debug_info</name>
         <load_address>0x11d77</load_address>
         <run_address>0x11d77</run_address>
         <size>0x27f</size>
         <input_file_ref idref="fl-e3"/>
      </object_component>
      <object_component id="oc-263">
         <name>.debug_info</name>
         <load_address>0x11ff6</load_address>
         <run_address>0x11ff6</run_address>
         <size>0x1fb</size>
         <input_file_ref idref="fl-e3"/>
      </object_component>
      <object_component id="oc-318">
         <name>.debug_info</name>
         <load_address>0x121f1</load_address>
         <run_address>0x121f1</run_address>
         <size>0x1f9</size>
         <input_file_ref idref="fl-e3"/>
      </object_component>
      <object_component id="oc-1ca">
         <name>.debug_info</name>
         <load_address>0x123ea</load_address>
         <run_address>0x123ea</run_address>
         <size>0x1f9</size>
         <input_file_ref idref="fl-e3"/>
      </object_component>
      <object_component id="oc-336">
         <name>.debug_info</name>
         <load_address>0x125e3</load_address>
         <run_address>0x125e3</run_address>
         <size>0x220</size>
         <input_file_ref idref="fl-e3"/>
      </object_component>
      <object_component id="oc-f8">
         <name>.debug_info</name>
         <load_address>0x12803</load_address>
         <run_address>0x12803</run_address>
         <size>0x205</size>
         <input_file_ref idref="fl-e3"/>
      </object_component>
      <object_component id="oc-110">
         <name>.debug_info</name>
         <load_address>0x12a08</load_address>
         <run_address>0x12a08</run_address>
         <size>0x1e4</size>
         <input_file_ref idref="fl-e3"/>
      </object_component>
      <object_component id="oc-1c5">
         <name>.debug_info</name>
         <load_address>0x12bec</load_address>
         <run_address>0x12bec</run_address>
         <size>0x1e9</size>
         <input_file_ref idref="fl-e3"/>
      </object_component>
      <object_component id="oc-194">
         <name>.debug_info</name>
         <load_address>0x12dd5</load_address>
         <run_address>0x12dd5</run_address>
         <size>0x201</size>
         <input_file_ref idref="fl-e3"/>
      </object_component>
      <object_component id="oc-104">
         <name>.debug_info</name>
         <load_address>0x12fd6</load_address>
         <run_address>0x12fd6</run_address>
         <size>0x224</size>
         <input_file_ref idref="fl-e3"/>
      </object_component>
      <object_component id="oc-f2">
[...]
         <value>0x1943</value>
         <object_component_ref idref="oc-2fb"/>
      </symbol>
      <symbol id="sm-448">
         <name>OrbitOledDrawRect</name>
         <value>0x1b1d</value>
         <object_component_ref idref="oc-2fb"/>
      </symbol>
      <symbol id="sm-449">
         <name>OrbitOledClampYco</name>
         <value>0x21f1</value>
         <object_component_ref idref="oc-2fb"/>
      </symbol>
      <symbol id="sm-44a">
         <name>OrbitOledGetPos</name>
         <value>0x1927</value>
         <object_component_ref idref="oc-2fb"/>
      </symbol>
      <symbol id="sm-44b">
         <name>OrbitOledRopSet</name>
         <value>0x2091</value>
         <object_component_ref idref="oc-2fb"/>
      </symbol>
      <symbol id="sm-44c">
         <name>OrbitOledRopXor</name>
         <value>0x2103</value>
         <object_component_ref idref="oc-2fb"/>
      </symbol>
      <symbol id="sm-44d">
         <name>OrbitOledGetBmp</name>
         <value>0x1ce5</value>
         <object_component_ref idref="oc-2fb"/>
      </symbol>
      <symbol id="sm-44e">
         <name>OrbitOledMoveLeft</name>
         <value>0x219f</value>
         <object_component_ref idref="oc-2fb"/>
      </symbol>
      <symbol id="sm-44f">
         <name>OrbitOledRopAnd</name>
         <value>0x20df</value>
         <object_component_ref idref="oc-2fb"/>
      </symbol>
      <symbol id="sm-450">
         <name>OrbitOledPutBmp</name>
         <value>0x1e45</value>
         <object_component_ref idref="oc-2fb"/>
      </symbol>
      <symbol id="sm-451">
         <name>OrbitOledSetDrawMode</name>
         <value>0x197d</value>
         <object_component_ref idref="oc-2fb"/>
      </symbol>
      <symbol id="sm-452">
         <name>OrbitOledClampXco</name>
         <value>0x21d1</value>
         <object_component_ref idref="oc-2fb"/>
      </symbol>
      <symbol id="sm-453">
         <name>OrbitOledSetFillPattern</name>
         <value>0x196d</value>
         <object_component_ref idref="oc-2fb"/>
      </symbol>
      <symbol id="sm-454">
         <name>OrbitOledRopOr</name>
         <value>0x20bb</value>
         <object_component_ref idref="oc-2fb"/>
      </symbol>
      <symbol id="sm-466">
         <name>DelayMs</name>
         <value>0x398b</value>
         <object_component_ref idref="oc-310"/>
      </symbol>
      <symbol id="sm-467">
         <name>DelayInit</name>
         <value>0x3971</value>
         <object_component_ref idref="oc-310"/>
      </symbol>
      <symbol id="sm-478">
         <name>_c_int00</name>
         <value>0x3a25</value>
         <object_component_ref idref="oc-24"/>
      </symbol>
      <symbol id="sm-479">
         <name>__stack</name>
         <value>0x200005e4</value>
         <object_component_ref idref="oc-2a"/>
      </symbol>
      <symbol id="sm-497">
         <name>__TI_decompress_lzss</name>
         <value>0x38a9</value>
         <object_component_ref idref="oc-12"/>
      </symbol>
      <symbol id="sm-4ae">
         <name>__TI_decompress_none</name>
         <value>0x40c1</value>
         <object_component_ref idref="oc-18"/>
      </symbol>
      <symbol id="sm-4c5">
         <name>__TI_zero_init</name>
         <value>0x410d</value>
         <object_component_ref idref="oc-1e"/>
      </symbol>
      <symbol id="sm-4e6">
         <name>C$$EXIT</name>
         <value>0x3a79</value>
         <object_component_ref idref="oc-72"/>
      </symbol>
      <symbol id="sm-4e7">
         <name>abort</name>
         <value>0x3a7d</value>
         <object_component_ref idref="oc-72"/>
      </symbol>
      <symbol id="sm-4e8">
         <name>exit</name>
         <value>0x3a85</value>
         <object_component_ref idref="oc-72"/>
      </symbol>
      <symbol id="sm-4e9">
         <name>__TI_dtors_ptr</name>
         <value>0x20000a2c</value>
         <object_component_ref idref="oc-b6"/>
      </symbol>
      <symbol id="sm-4ea">
         <name>__TI_cleanup_ptr</name>
         <value>0x20000a28</value>
         <object_component_ref idref="oc-b6"/>
      </symbol>
      <symbol id="sm-4eb">
         <name>__TI_enable_exit_profile_output</name>
         <value>0x20000a30</value>
         <object_component_ref idref="oc-b6"/>
      </symbol>
      <symbol id="sm-502">
         <name>__aeabi_dsub</name>
         <value>0x2de9</value>
         <object_component_ref idref="oc-119"/>
      </symbol>
      <symbol id="sm-503">
         <name>__aeabi_dadd</name>
         <value>0x2df3</value>
         <object_component_ref idref="oc-119"/>
      </symbol>
      <symbol id="sm-50f">
         <name>__aeabi_d2f</name>
         <value>0x37d1</value>
         <object_component_ref idref="oc-11e"/>
      </symbol>
      <symbol id="sm-51a">
         <name>__aeabi_f2d</name>
         <value>0x3dc9</value>
         <object_component_ref idref="oc-114"/>
      </symbol>
      <symbol id="sm-535">
         <name>memcpy</name>
         <value>0x355d</value>
         <object_component_ref idref="oc-42"/>
      </symbol>
      <symbol id="sm-536">
         <name>__aeabi_memcpy</name>
         <value>0x355d</value>
         <object_component_ref idref="oc-42"/>
      </symbol>
      <symbol id="sm-537">
         <name>__aeabi_memcpy8</name>
         <value>0x355d</value>
         <object_component_ref idref="oc-42"/>
      </symbol>
      <symbol id="sm-538">
         <name>__aeabi_memcpy4</name>
         <value>0x355d</value>
         <object_component_ref idref="oc-42"/>
      </symbol>
      <symbol id="sm-5af">
         <name>_sys_memory</name>
         <value>0x200007e8</value>
         <object_component_ref idref="oc-2b"/>
      </symbol>
      <symbol id="sm-5b0">
         <name>free</name>
         <value>0x231b</value>
         <object_component_ref idref="oc-2dd"/>
      </symbol>
      <symbol id="sm-5b1">
         <name>realloc</name>
         <value>0x23db</value>
         <object_component_ref idref="oc-2dd"/>
      </symbol>
      <symbol id="sm-5b2">
         <name>memalign</name>
         <value>0x24e5</value>
         <object_component_ref idref="oc-2dd"/>
      </symbol>
      <symbol id="sm-5b3">
         <name>calloc</name>
         <value>0x25d1</value>
         <object_component_ref idref="oc-2dd"/>
      </symbol>
      <symbol id="sm-5b4">
         <name>malloc</name>
         <value>0x22b1</value>
         <object_component_ref idref="oc-2dd"/>
      </symbol>
      <symbol id="sm-5b5">
         <name>minit</name>
         <value>0x2231</value>
         <object_component_ref idref="oc-2dd"/>
      </symbol>
      <symbol id="sm-5c4">
         <name>__aeabi_memset</name>
         <value>0x3675</value>
         <object_component_ref idref="oc-4e"/>
      </symbol>
      <symbol id="sm-5c5">
         <name>memset</name>
         <value>0x367b</value>
         <object_component_ref idref="oc-4e"/>
      </symbol>
      <symbol id="sm-5c6">
         <name>__aeabi_memset8</name>
         <value>0x3675</value>
         <object_component_ref idref="oc-4e"/>
      </symbol>
      <symbol id="sm-5c7">
         <name>__aeabi_memset4</name>
         <value>0x3675</value>
         <object_component_ref idref="oc-4e"/>
      </symbol>
      <symbol id="sm-5c8">
         <name>__aeabi_memclr8</name>
         <value>0x3673</value>
         <object_component_ref idref="oc-4e"/>
      </symbol>
      <symbol id="sm-5c9">
         <name>__aeabi_memclr4</name>
         <value>0x3673</value>
         <object_component_ref idref="oc-4e"/>
      </symbol>
      <symbol id="sm-5ca">
         <name>__aeabi_memclr</name>
         <value>0x3673</value>
         <object_component_ref idref="oc-4e"/>
      </symbol>
      <symbol id="sm-5d4">
         <name>__mpu_init</name>
         <value>0x3c4b</value>
         <object_component_ref idref="oc-5a"/>
      </symbol>
      <symbol id="sm-5de">
         <name>_system_pre_init</name>
         <value>0x4187</value>
         <object_component_ref idref="oc-60"/>
      </symbol>
      <symbol id="sm-5e6">
         <name>main_func_sp</name>
         <value>0x20000a48</value>
         <object_component_ref idref="oc-78"/>
      </symbol>
      <symbol id="sm-5f5">
         <name>__aeabi_uidivmod</name>
         <value>0x3d15</value>
         <object_component_ref idref="oc-281"/>
      </symbol>
      <symbol id="sm-5f6">
         <name>__aeabi_uidiv</name>
         <value>0x3d15</value>
         <object_component_ref idref="oc-281"/>
      </symbol>
      <symbol id="sm-60f">
         <name>_nop</name>
         <value>0x404b</value>
         <object_component_ref idref="oc-175"/>
      </symbol>
      <symbol id="sm-610">
         <name>_lock</name>
         <value>0x20000a40</value>
         <object_component_ref idref="oc-b9"/>
      </symbol>
      <symbol id="sm-611">
         <name>_unlock</name>
         <value>0x20000a44</value>
         <object_component_ref idref="oc-b9"/>
      </symbol>
      <symbol id="sm-612">
         <name>_register_lock</name>
         <value>0x4043</value>
         <object_component_ref idref="oc-175"/>
      </symbol>
      <symbol id="sm-613">
         <name>_register_unlock</name>
         <value>0x403d</value>
         <object_component_ref idref="oc-175"/>
      </symbol>
      <symbol id="sm-627">
         <name>_args_main</name>
         <value>0x3f91</value>
         <object_component_ref idref="oc-6c"/>
      </symbol>
      <symbol id="sm-651">
         <name>__TI_auto_init</name>
         <value>0x3761</value>
         <object_component_ref idref="oc-66"/>
      </symbol>
      <symbol id="sm-66b">
         <name>copy_in</name>
         <value>0x3bb9</value>
         <object_component_ref idref="oc-a0"/>
      </symbol>
      <symbol id="sm-675">
         <name>__aeabi_idiv0</name>
         <value>0x383f</value>
         <object_component_ref idref="oc-367"/>
      </symbol>
      <symbol id="sm-67f">
         <name>_system_post_cinit</name>
         <value>0x3eb7</value>
         <object_component_ref idref="oc-a6"/>
      </symbol>
      <symbol id="sm-6dd">
         <name>ADCProcessorTrigger</name>
         <value>0x3f49</value>
         <object_component_ref idref="oc-1ee"/>
      </symbol>
      <symbol id="sm-6de">
         <name>ADCSequenceEnable</name>
         <value>0x40a5</value>
         <object_component_ref idref="oc-231"/>
      </symbol>
      <symbol id="sm-6df">
         <name>ADCSequenceConfigure</name>
         <value>0x3acd</value>
         <object_component_ref idref="oc-225"/>
      </symbol>
      <symbol id="sm-6e0">
         <name>ADCIntEnable</name>
         <value>0x4063</value>
         <object_component_ref idref="oc-23d"/>
      </symbol>
      <symbol id="sm-6e1">
         <name>ADCSequenceStepConfigure</name>
         <value>0x35f9</value>
         <object_component_ref idref="oc-22b"/>
      </symbol>
      <symbol id="sm-6e2">
         <name>ADCIntClear</name>
         <value>0x4125</value>
         <object_component_ref idref="oc-21f"/>
      </symbol>
      <symbol id="sm-6e3">
         <name>ADCIntRegister</name>
         <value>0x3f31</value>
         <object_component_ref idref="oc-237"/>
      </symbol>
      <symbol id="sm-6e4">
         <name>ADCSequenceDataGet</name>
         <value>0x3ed9</value>
         <object_component_ref idref="oc-213"/>
      </symbol>
      <symbol id="sm-786">
         <name>GPIOPinTypePWM</name>
         <value>0x3fbf</value>
         <object_component_ref idref="oc-1c9"/>
      </symbol>
      <symbol id="sm-787">
         <name>GPIOIntRegister</name>
         <value>0x3f61</value>
         <object_component_ref idref="oc-f0"/>
      </symbol>
      <symbol id="sm-788">
         <name>GPIOPinConfigure</name>
         <value>0x3b6d</value>
         <object_component_ref idref="oc-1c3"/>
      </symbol>
      <symbol id="sm-789">
         <name>GPIOIntEnable</name>
         <value>0x40db</value>
         <object_component_ref idref="oc-108"/>
      </symbol>
      <symbol id="sm-78a">
         <name>GPIOIntTypeSet</name>
         <value>0x39cd</value>
         <object_component_ref idref="oc-102"/>
      </symbol>
      <symbol id="sm-78b">
         <name>GPIOPinTypeGPIOInput</name>
         <value>0x3fa9</value>
         <object_component_ref idref="oc-f6"/>
      </symbol>
      <symbol id="sm-78c">
         <name>GPIOIntClear</name>
         <value>0x4169</value>
         <object_component_ref idref="oc-de"/>
      </symbol>
      <symbol id="sm-78d">
         <name>GPIOPinTypeUART</name>
         <value>0x3feb</value>
         <object_component_ref idref="oc-261"/>
      </symbol>
      <symbol id="sm-78e">
         <name>GPIOPinTypeGPIOOutput</name>
         <value>0x3f79</value>
         <object_component_ref idref="oc-334"/>
      </symbol>
      <symbol id="sm-78f">
         <name>GPIOPinRead</name>
         <value>0x416f</value>
         <object_component_ref idref="oc-10e"/>
      </symbol>
      <symbol id="sm-790">
         <name>GPIODirModeSet</name>
         <value>0x3e69</value>
         <object_component_ref idref="oc-fc"/>
      </symbol>
      <symbol id="sm-791">
         <name>GPIOPinWrite</name>
         <value>0x4175</value>
         <object_component_ref idref="oc-32e"/>
      </symbol>
      <symbol id="sm-792">
         <name>GPIOPadConfigSet</name>
         <value>0x2f9f</value>
         <object_component_ref idref="oc-1a5"/>
      </symbol>
      <symbol id="sm-793">
         <name>GPIOPinTypeSSI</name>
         <value>0x3fd5</value>
         <object_component_ref idref="oc-316"/>
      </symbol>
      <symbol id="sm-7cd">
         <name>IntEnable</name>
         <value>0x3841</value>
         <object_component_ref idref="oc-19e"/>
      </symbol>
      <symbol id="sm-7ce">
         <name>IntRegister</name>
         <value>0x3e01</value>
         <object_component_ref idref="oc-198"/>
      </symbol>
      <symbol id="sm-7cf">
         <name>g_pfnRAMVectors</name>
         <value>0x20000000</value>
         <object_component_ref idref="oc-2b4"/>
      </symbol>
      <symbol id="sm-7d0">
         <name>IntMasterEnable</name>
         <value>0x4073</value>
         <object_component_ref idref="oc-13e"/>
      </symbol>
      <symbol id="sm-7fd">
         <name>PWMGenPeriodSet</name>
         <value>0x4083</value>
         <object_component_ref idref="oc-1d5"/>
      </symbol>
      <symbol id="sm-7fe">
         <name>PWMPulseWidthSet</name>
         <value>0x3ef7</value>
         <object_component_ref idref="oc-1e7"/>
      </symbol>
      <symbol id="sm-7ff">
         <name>PWMOutputState</name>
         <value>0x4051</value>
         <object_component_ref idref="oc-1e1"/>
      </symbol>
      <symbol id="sm-800">
         <name>PWMGenEnable</name>
         <value>0x40e7</value>
         <object_component_ref idref="oc-1db"/>
      </symbol>
      <symbol id="sm-801">
         <name>PWMGenConfigure</name>
         <value>0x3e95</value>
         <object_component_ref idref="oc-1cf"/>
      </symbol>
      <symbol id="sm-839">
         <name>SSIDataPut</name>
         <value>0x412f</value>
         <object_component_ref idref="oc-340"/>
      </symbol>
      <symbol id="sm-83a">
         <name>SSIDataGet</name>
         <value>0x40f3</value>
         <object_component_ref idref="oc-346"/>
      </symbol>
      <symbol id="sm-83b">
         <name>SSIConfigSetExpClk</name>
         <value>0x3d55</value>
         <object_component_ref idref="oc-322"/>
      </symbol>
      <symbol id="sm-83c">
         <name>SSIEnable</name>
         <value>0x4139</value>
         <object_component_ref idref="oc-328"/>
      </symbol>
      <symbol id="sm-83d">
         <name>SSIClockSourceSet</name>
         <value>0x417b</value>
         <object_component_ref idref="oc-31c"/>
      </symbol>
      <symbol id="sm-83e">
         <name>SSIBusy</name>
         <value>0x4161</value>
         <object_component_ref idref="oc-33a"/>
      </symbol>
      <symbol id="sm-89a">
         <name>SysCtlClockSet</name>
         <value>0x32f5</value>
         <object_component_ref idref="oc-1f4"/>
      </symbol>
      <symbol id="sm-89b">
         <name>SysCtlDelay</name>
         <value>0x4181</value>
         <object_component_ref idref="oc-2d5"/>
      </symbol>
      <symbol id="sm-89c">
         <name>SysCtlPeripheralEnable</name>
         <value>0x3e35</value>
         <object_component_ref idref="oc-e4"/>
      </symbol>
      <symbol id="sm-89d">
         <name>SysCtlClockGet</name>
         <value>0x31e5</value>
         <object_component_ref idref="oc-144"/>
      </symbol>
      <symbol id="sm-89e">
         <name>SysCtlPeripheralReady</name>
         <value>0x3d91</value>
         <object_component_ref idref="oc-ea"/>
      </symbol>
      <symbol id="sm-8d5">
         <name>SysTickEnable</name>
         <value>0x4001</value>
         <object_component_ref idref="oc-20c"/>
      </symbol>
      <symbol id="sm-8d6">
         <name>SysTickIntRegister</name>
         <value>0x3f15</value>
         <object_component_ref idref="oc-200"/>
      </symbol>
      <symbol id="sm-8d7">
         <name>SysTickIntEnable</name>
         <value>0x4015</value>
         <object_component_ref idref="oc-206"/>
      </symbol>
      <symbol id="sm-8d8">
         <name>SysTickValueGet</name>
         <value>0x4101</value>
         <object_component_ref idref="oc-14a"/>
      </symbol>
      <symbol id="sm-8d9">
         <name>SysTickPeriodSet</name>
         <value>0x4095</value>
         <object_component_ref idref="oc-1fa"/>
      </symbol>
      <symbol id="sm-8fd">
         <name>TimerEnable</name>
         <value>0x40b3</value>
         <object_component_ref idref="oc-3aa"/>
      </symbol>
      <symbol id="sm-8fe">
         <name>TimerValueGet</name>
         <value>0x4143</value>
         <object_component_ref idref="oc-3b0"/>
      </symbol>
      <symbol id="sm-8ff">
         <name>TimerConfigure</name>
         <value>0x3911</value>
         <object_component_ref idref="oc-3a4"/>
      </symbol>
      <symbol id="sm-931">
         <name>UARTConfigSetExpClk</name>
         <value>0x3c05</value>
         <object_component_ref idref="oc-267"/>
      </symbol>
      <symbol id="sm-932">
         <name>UARTDisable</name>
         <value>0x3eb9</value>
         <object_component_ref idref="oc-35a"/>
      </symbol>
      <symbol id="sm-933">
         <name>UARTCharPut</name>
         <value>0x414d</value>
         <object_component_ref idref="oc-279"/>
      </symbol>
      <symbol id="sm-934">
         <name>UARTEnable</name>
         <value>0x4029</value>
         <object_component_ref idref="oc-273"/>
      </symbol>
      <symbol id="sm-935">
         <name>UARTFIFOEnable</name>
         <value>0x4157</value>
         <object_component_ref idref="oc-26d"/>
      </symbol>
      <symbol id="sm-93f">
         <name>CPUcpsie</name>
         <value>0x40cf</value>
         <object_component_ref idref="oc-247"/>
      </symbol>
      <symbol id="sm-940">
         <name>__TI_static_base__</name>
         <value>0x0</value>
      </symbol>
      <symbol id="sm-943">
         <name>SHT$$INIT_ARRAY$$Limit</name>
         <value>0x0</value>
      </symbol>
      <symbol id="sm-944">
         <name>SHT$$INIT_ARRAY$$Base</name>
         <value>0x0</value>
      </symbol>
   </symbol_table>
   <title>Link errors: red sections failed placement</title>
</link_info>
