******************************************************************************
                  TI ARM Linker PC v16.9.9                     
******************************************************************************
>> Linked Thu Mar 14 13:05:21 2019

OUTPUT FILE NAME:   <Week4Lab.out>
ENTRY POINT SYMBOL: "_c_int00"  address: 0000283d


MEMORY CONFIGURATION

         name            origin    length      used     unused   attr    fill
----------------------  --------  ---------  --------  --------  ----  --------
  FLASH                 00000000   00040000  000031a2  0003ce5e  R  X
  SRAM                  20000000   00008000  000009ef  00007611  RW X


SEGMENT ALLOCATION MAP

run origin  load origin   length   init length attrs members
----------  ----------- ---------- ----------- ----- -------
00000000    00000000    000031a8   000031a8    r-x
  00000000    00000000    0000026c   0000026c    r-- .intvecs
  0000026c    0000026c    00002a52   00002a52    r-x .text
  00002cc0    00002cc0    0000049c   0000049c    r-- .const
  00003160    00003160    00000048   00000048    r-- .cinit
20000000    20000000    000009f6   00000000    rw-
  20000000    20000000    0000026c   00000000    rw- .vtable
  2000026c    2000026c    00000365   00000000    rw- .bss
  200005d4    200005d4    00000200   00000000    rw- .stack
  200007d8    200007d8    00000200   00000000    rw- .sysmem
  200009d8    200009d8    0000001e   00000000    rw- .data


SECTION ALLOCATION MAP

 output                                  attributes/
section   page    origin      length       input sections
--------  ----  ----------  ----------   ----------------
.intvecs   0    00000000    0000026c     
                  00000000    0000026c     tm4c123gh6pm_startup_ccs.obj (.intvecs)

.text      0    0000026c    00002a52     
                  0000026c    00000c84     ustdlib.obj (.text)
                  00000ef0    00000950     OrbitOledGrph.obj (.text)
                  00001840    0000037c     OrbitOled.obj (.text)
                  00001bbc    00000278     uartDemo.obj (.text)
                  00001e34    00000220     buttons4.obj (.text)
                  00002054    00000204     OrbitOledChar.obj (.text)
                  00002258    00000132     driverlib.lib : gpio.obj (.text:GPIOPadConfigSet)
                  0000238a    00000002     rtsv7M4_T_le_v4SPD16_eabi.lib : i_div0.obj (.text)
                  0000238c    00000110     driverlib.lib : sysctl.obj (.text:SysCtlClockGet)
                  0000249c    000000f4                   : sysctl.obj (.text:SysCtlClockSet)
                  00002590    0000009c     rtsv7M4_T_le_v4SPD16_eabi.lib : memcpy_t2.obj (.text)
                  0000262c    0000007a                                   : memset_t2.obj (.text)
                  000026a6    00000002                                   : mpu_init.obj (.text)
                  000026a8    00000070                                   : autoinit.obj (.text)
                  00002718    00000068                                   : copy_decompress_lzss.obj (.text:decompress:lzss)
                  00002780    00000060     driverlib.lib : timer.obj (.text:TimerConfigure)
                  000027e0    0000005c     delay.obj (.text)
                  0000283c    00000054     rtsv7M4_T_le_v4SPD16_eabi.lib : boot.obj (.text)
                  00002890    00000054                                   : exit.obj (.text)
                  000028e4    0000004c     driverlib.lib : gpio.obj (.text:GPIOPinConfigure)
                  00002930    0000004c     rtsv7M4_T_le_v4SPD16_eabi.lib : cpy_tbl.obj (.text)
                  0000297c    00000046     driverlib.lib : uart.obj (.text:UARTConfigSetExpClk)
                  000029c2    00000002     rtsv7M4_T_le_v4SPD16_eabi.lib : startup.obj (.text)
                  000029c4    00000044     OrbitOLEDInterface.obj (.text)
                  00002a08    00000040     rtsv7M4_T_le_v4SPD16_eabi.lib : u_divt2.obj (.text)
                  00002a48    0000003c     driverlib.lib : ssi.obj (.text:SSIConfigSetExpClk)
                  00002a84    00000034                   : interrupt.obj (.text:IntRegister)
                  00002ab8    00000034                   : sysctl.obj (.text:SysCtlPeripheralEnable)
                  00002aec    0000002c                   : gpio.obj (.text:GPIODirModeSet)
                  00002b18    00000020                   : uart.obj (.text:UARTDisable)
                  00002b38    0000001c                   : systick.obj (.text:SysTickIntRegister)
                  00002b54    00000018                   : gpio.obj (.text:GPIOPinTypeGPIOOutput)
                  00002b6c    00000018     rtsv7M4_T_le_v4SPD16_eabi.lib : args_main.obj (.text)
                  00002b84    00000016     driverlib.lib : gpio.obj (.text:GPIOPinTypeGPIOInput)
                  00002b9a    00000016                   : gpio.obj (.text:GPIOPinTypeSSI)
                  00002bb0    00000016                   : gpio.obj (.text:GPIOPinTypeUART)
                  00002bc6    00000002     --HOLE-- [fill = 0]
                  00002bc8    00000014                   : systick.obj (.text:SysTickEnable)
                  00002bdc    00000014                   : systick.obj (.text:SysTickIntEnable)
                  00002bf0    00000014                   : uart.obj (.text:UARTEnable)
                  00002c04    00000014     rtsv7M4_T_le_v4SPD16_eabi.lib : _lock.obj (.text)
                  00002c18    00000010     driverlib.lib : systick.obj (.text:SysTickPeriodSet)
                  00002c28    0000000e                   : timer.obj (.text:TimerEnable)
                  00002c36    0000000e     rtsv7M4_T_le_v4SPD16_eabi.lib : copy_decompress_none.obj (.text:decompress:none)
                  00002c44    0000000c     driverlib.lib : ssi.obj (.text:SSIDataGet)
                  00002c50    0000000c     rtsv7M4_T_le_v4SPD16_eabi.lib : copy_zero_init.obj (.text:decompress:ZI)
                  00002c5c    0000000c     tm4c123gh6pm_startup_ccs.obj (.text)
                  00002c68    0000000a     driverlib.lib : ssi.obj (.text:SSIDataPut)
                  00002c72    0000000a                   : ssi.obj (.text:SSIEnable)
                  00002c7c    0000000a                   : timer.obj (.text:TimerValueGet)
                  00002c86    0000000a                   : uart.obj (.text:UARTCharPut)
                  00002c90    0000000a                   : uart.obj (.text:UARTFIFOEnable)
                  00002c9a    00000008                   : ssi.obj (.text:SSIBusy)
                  00002ca2    00000006                   : gpio.obj (.text:GPIOPinRead)
                  00002ca8    00000006                   : gpio.obj (.text:GPIOPinWrite)
                  00002cae    00000006                   : ssi.obj (.text:SSIClockSourceSet)
                  00002cb4    00000006                   : sysctl.obj (.text:SysCtlDelay)
                  00002cba    00000004     rtsv7M4_T_le_v4SPD16_eabi.lib : pre_init.obj (.text)

.const     0    00002cc0    0000049c     
                  00002cc0    00000300     ChrFont0.obj (.const:.string:rgbOledFont0)
                  00002fc0    00000090     driverlib.lib : gpio.obj (.const:g_pui32GPIOBaseAddrs)
                  00003050    0000006c                   : sysctl.obj (.const:g_pui32Xtals)
                  000030bc    00000040     FillPat.obj (.const:.string:rgbFillPat)
                  000030fc    00000030     ustdlib.obj (.const:g_psDaysToMonth)
                  0000312c    00000018     ustdlib.obj (.const:g_pfExponents)
                  00003144    00000012     ustdlib.obj (.const:.string)
                  00003156    00000002     --HOLE-- [fill = 0]
                  00003158    00000004     ustdlib.obj (.const)

.cinit     0    00003160    00000048     
                  00003160    00000013     (.cinit..data.load) [load image, compression = lzss]
                  00003173    00000001     --HOLE-- [fill = 0]
                  00003174    0000000c     (__TI_handler_table)
                  00003180    00000008     (.cinit..bss.load) [load image, compression = zero_init]
                  00003188    00000008     (.cinit..vtable.load) [load image, compression = zero_init]
                  00003190    00000018     (__TI_cinit_table)

.init_array 
*          0    00000000    00000000     UNINITIALIZED

.vtable    0    20000000    0000026c     UNINITIALIZED
                  20000000    0000026c     driverlib.lib : interrupt.obj (.vtable)

.bss       0    2000026c    00000365     UNINITIALIZED
                  2000026c    00000200     (.common:rgbOledBmp)
                  2000046c    00000100     (.common:rgbOledFontUser)
                  2000056c    00000014     (.common:statusStr)
                  20000580    00000004     buttons4.obj (.bss:but_count)
                  20000584    00000004     buttons4.obj (.bss:but_flag)
                  20000588    00000004     buttons4.obj (.bss:but_normal)
                  2000058c    00000004     buttons4.obj (.bss:but_state)
                  20000590    00000004     (.common:bnOledCur)
                  20000594    00000004     (.common:dxcoOledFontCur)
                  20000598    00000004     (.common:dycoOledFontCur)
                  2000059c    00000004     (.common:fOledCharUpdate)
                  200005a0    00000004     (.common:modOledCur)
                  200005a4    00000004     (.common:pbOledCur)
                  200005a8    00000004     (.common:pbOledFontCur)
                  200005ac    00000004     (.common:pbOledFontUser)
                  200005b0    00000004     (.common:pbOledPatCur)
                  200005b4    00000004     (.common:pfnDoRop)
                  200005b8    00000004     (.common:xchOledCur)
                  200005bc    00000004     (.common:xchOledMax)
                  200005c0    00000004     (.common:xcoOledCur)
                  200005c4    00000004     (.common:ychOledCur)
                  200005c8    00000004     (.common:ychOledMax)
                  200005cc    00000004     (.common:ycoOledCur)
                  200005d0    00000001     (.common:clrOledCur)

.stack     0    200005d4    00000200     UNINITIALIZED
                  200005d4    00000200     --HOLE--

.sysmem    0    200007d8    00000200     UNINITIALIZED
                  200007d8    00000008     rtsv7M4_T_le_v4SPD16_eabi.lib : memory.obj (.sysmem)
                  200007e0    000001f8     --HOLE--

.data      0    200009d8    0000001e     UNINITIALIZED
                  200009d8    0000000c     rtsv7M4_T_le_v4SPD16_eabi.lib : exit.obj (.data:$O1$$)
                  200009e4    00000008                                   : _lock.obj (.data:$O1$$)
                  200009ec    00000004                                   : stkdepth_vars.obj (.data)
                  200009f0    00000004     ustdlib.obj (.data)
                  200009f4    00000002     uartDemo.obj (.data)

MODULE SUMMARY

       Module                         code    ro data   rw data
       ------                         ----    -------   -------
    .\
       ustdlib.obj                    3204    94        4      
       uartDemo.obj                   632     0         22     
       tm4c123gh6pm_startup_ccs.obj   12      620       0      
       buttons4.obj                   544     0         16     
    +--+------------------------------+-------+---------+---------+
       Total:                         4392    714       42     
                                                               
    .\OrbitOLED\
       OrbitOLEDInterface.obj         68      0         0      
    +--+------------------------------+-------+---------+---------+
       Total:                         68      0         0      
                                                               
    .\OrbitOLED\lib_OrbitOled\
       OrbitOledGrph.obj              2384    0         8      
       OrbitOled.obj                  892     0         553    
       OrbitOledChar.obj              516     0         272    
       ChrFont0.obj                   0       768       0      
       delay.obj                      92      0         0      
       FillPat.obj                    0       64        0      
    +--+------------------------------+-------+---------+---------+
       Total:                         3884    832       833    
                                                               
    C:/ti/TivaWare_C_Series-2.1.4.178/driverlib/ccs/Debug/driverlib.lib
       sysctl.obj                     574     108       0      
       gpio.obj                       528     144       0      
       interrupt.obj                  52      0         620    
       uart.obj                       142     0         0      
       timer.obj                      120     0         0      
       ssi.obj                        106     0         0      
       systick.obj                    84      0         0      
    +--+------------------------------+-------+---------+---------+
       Total:                         1606    252       620    
                                                               
    C:\ti\ccsv7\tools\compiler\ti-cgt-arm_16.9.9.LTS\lib\rtsv7M4_T_le_v4SPD16_eabi.lib
       memcpy_t2.obj                  156     0         0      
       memset_t2.obj                  122     0         0      
       autoinit.obj                   112     0         0      
       copy_decompress_lzss.obj       104     0         0      
       exit.obj                       84      0         12     
       boot.obj                       84      0         0      
       cpy_tbl.obj                    76      0         0      
       u_divt2.obj                    64      0         0      
       _lock.obj                      20      0         8      
       args_main.obj                  24      0         0      
       copy_decompress_none.obj       14      0         0      
       copy_zero_init.obj             12      0         0      
       pre_init.obj                   4       0         0      
       stkdepth_vars.obj              0       0         4      
       i_div0.obj                     2       0         0      
       mpu_init.obj                   2       0         0      
       startup.obj                    2       0         0      
    +--+------------------------------+-------+---------+---------+
       Total:                         882     0         24     
                                                               
       Heap:                          0       0         512    
       Stack:                         0       0         512    
       Linker Generated:              0       71        0      
    +--+------------------------------+-------+---------+---------+
       Grand Total:                   10832   1869      2543   


LINKER GENERATED COPY TABLES

__TI_cinit_table @ 00003190 records: 3, size/record: 8, table size: 24
	.data: load addr=00003160, load size=00000013 bytes, run addr=200009d8, run size=0000001e bytes, compression=lzss
	.bss: load addr=00003180, load size=00000008 bytes, run addr=2000026c, run size=00000365 bytes, compression=zero_init
	.vtable: load addr=00003188, load size=00000008 bytes, run addr=20000000, run size=0000026c bytes, compression=zero_init


LINKER GENERATED HANDLER TABLE

__TI_handler_table @ 00003174 records: 3, size/record: 4, table size: 12
	index: 0, handler: __TI_zero_init
	index: 1, handler: __TI_decompress_lzss
	index: 2, handler: __TI_decompress_none


GLOBAL SYMBOLS: SORTED ALPHABETICALLY BY Name 

address   name                           
-------   ----                           
00002891  C$$EXIT                        
000027e1  DelayInit                      
000027fb  DelayMs                        
00002aed  GPIODirModeSet                 
00002259  GPIOPadConfigSet               
000028e5  GPIOPinConfigure               
00002ca3  GPIOPinRead                    
00002b85  GPIOPinTypeGPIOInput           
00002b55  GPIOPinTypeGPIOOutput          
00002b9b  GPIOPinTypeSSI                 
00002bb1  GPIOPinTypeUART                
00002ca9  GPIOPinWrite                   
00002a85  IntRegister                    
000029eb  OLEDInitialise                 
000029c5  OLEDStringDraw                 
000021ed  OrbitOledAdvanceCursor         
000017e1  OrbitOledClampXco              
00001801  OrbitOledClampYco              
00001a1d  OrbitOledClear                 
00001a29  OrbitOledClearBuffer           
000020bd  OrbitOledDefUserChar           
00001999  OrbitOledDevInit               
00001623  OrbitOledDrawChar              
00002175  OrbitOledDrawGlyph             
00000fe7  OrbitOledDrawPixel             
0000112d  OrbitOledDrawRect              
00001683  OrbitOledDrawString            
0000191f  OrbitOledDvrInit               
000011b1  OrbitOledFillRect              
000012f5  OrbitOledGetBmp                
00002125  OrbitOledGetCharUpdate         
000020a1  OrbitOledGetCursor             
00000fe1  OrbitOledGetDrawMode           
00001013  OrbitOledGetPixel              
00000f37  OrbitOledGetPos                
00000f6b  OrbitOledGetStdPattern         
00001855  OrbitOledHostInit              
00001841  OrbitOledInit                  
0000102d  OrbitOledLineTo                
00001779  OrbitOledMoveDown              
000017af  OrbitOledMoveLeft              
000017c7  OrbitOledMoveRight             
00000ef1  OrbitOledMoveTo                
00001741  OrbitOledMoveUp                
00001455  OrbitOledPutBmp                
00001ab3  OrbitOledPutBuffer             
0000212b  OrbitOledPutChar               
00002149  OrbitOledPutString             
000016ef  OrbitOledRopAnd                
000016cb  OrbitOledRopOr                 
000016a1  OrbitOledRopSet                
00001713  OrbitOledRopXor                
0000210d  OrbitOledSetCharUpdate         
00002055  OrbitOledSetCursor             
00000f53  OrbitOledSetDrawColor          
00000f8d  OrbitOledSetDrawMode           
00000f7d  OrbitOledSetFillPattern        
00001a59  OrbitOledUpdate                
00002c5d  ResetISR                       
UNDEFED   SHT$$INIT_ARRAY$$Base          
UNDEFED   SHT$$INIT_ARRAY$$Limit         
00002c9b  SSIBusy                        
00002caf  SSIClockSourceSet              
00002a49  SSIConfigSetExpClk             
00002c45  SSIDataGet                     
00002c69  SSIDataPut                     
00002c73  SSIEnable                      
00001b19  Ssi3PutByte                    
0000238d  SysCtlClockGet                 
0000249d  SysCtlClockSet                 
00002cb5  SysCtlDelay                    
00002ab9  SysCtlPeripheralEnable         
00002bc9  SysTickEnable                  
00002bdd  SysTickIntEnable               
00001bbd  SysTickIntHandler              
00002b39  SysTickIntRegister             
00002c19  SysTickPeriodSet               
00002781  TimerConfigure                 
00002c29  TimerEnable                    
00002c7d  TimerValueGet                  
00002c87  UARTCharPut                    
0000297d  UARTConfigSetExpClk            
00002b19  UARTDisable                    
00002bf1  UARTEnable                     
00002c91  UARTFIFOEnable                 
00001c61  UARTSend                       
200007d4  __STACK_END                    
00000200  __STACK_SIZE                   
200007d4  __STACK_TOP                    
00000200  __SYSMEM_SIZE                  
00003190  __TI_CINIT_Base                
000031a8  __TI_CINIT_Limit               
00003174  __TI_Handler_Table_Base        
00003180  __TI_Handler_Table_Limit       
000026a9  __TI_auto_init                 
200009d8  __TI_cleanup_ptr               
00002719  __TI_decompress_lzss           
00002c37  __TI_decompress_none           
200009dc  __TI_dtors_ptr                 
200009e0  __TI_enable_exit_profile_output
ffffffff  __TI_pprof_out_hndl            
ffffffff  __TI_prof_data_size            
ffffffff  __TI_prof_data_start           
00000000  __TI_static_base__             
00002c51  __TI_zero_init                 
0000238b  __aeabi_idiv0                  
0000262d  __aeabi_memclr                 
0000262d  __aeabi_memclr4                
0000262d  __aeabi_memclr8                
00002591  __aeabi_memcpy                 
00002591  __aeabi_memcpy4                
00002591  __aeabi_memcpy8                
0000262f  __aeabi_memset                 
0000262f  __aeabi_memset4                
0000262f  __aeabi_memset8                
00002a09  __aeabi_uidiv                  
00002a09  __aeabi_uidivmod               
ffffffff  __binit__                      
ffffffff  __c_args__                     
000026a7  __mpu_init                     
200005d4  __stack                        
00002b6d  _args_main                     
0000283d  _c_int00                       
200009e4  _lock                          
00002c13  _nop                           
00002c0b  _register_lock                 
00002c05  _register_unlock               
200007d8  _sys_memory                    
000029c3  _system_post_cinit             
00002cbb  _system_pre_init               
200009e8  _unlock                        
00002895  abort                          
ffffffff  binit                          
20000590  bnOledCur                      
00001fd7  checkButton                    
200005d0  clrOledCur                     
00002931  copy_in                        
00001c81  displayButtonState             
20000594  dxcoOledFontCur                
20000598  dycoOledFontCur                
0000289d  exit                           
2000059c  fOledCharUpdate                
20000000  g_pfnRAMVectors                
00000000  g_pfnVectors                   
00001e35  initButtons                    
00001be9  initClock                      
00001c13  initDisplay                    
00001bf3  initSysTick                    
00001c1b  initialiseUSB_UART             
00001cc1  main                           
200009ec  main_func_sp                   
00002591  memcpy                         
00002635  memset                         
200005a0  modOledCur                     
200005a4  pbOledCur                      
200005a8  pbOledFontCur                  
200005ac  pbOledFontUser                 
200005b0  pbOledPatCur                   
200005b4  pfnDoRop                       
000030bc  rgbFillPat                     
2000026c  rgbOledBmp                     
00002cc0  rgbOledFont0                   
2000046c  rgbOledFontUser                
200009f4  slowTick                       
2000056c  statusStr                      
00000751  ulocaltime                     
0000094f  umktime                        
00001f03  updateButtons                  
00000ec9  urand                          
00000721  usnprintf                      
000006ef  usprintf                       
00000eb9  usrand                         
00000e31  ustrcasecmp                    
00000ea5  ustrcmp                        
00000d35  ustrlen                        
00000d8d  ustrncasecmp                   
00000e45  ustrncmp                       
0000026d  ustrncpy                       
00000d57  ustrstr                        
00000afd  ustrtof                        
000009c5  ustrtoul                       
000002c5  uvsnprintf                     
200005b8  xchOledCur                     
200005bc  xchOledMax                     
200005c0  xcoOledCur                     
200005c4  ychOledCur                     
200005c8  ychOledMax                     
200005cc  ycoOledCur                     


GLOBAL SYMBOLS: SORTED BY Symbol Address 

address   name                           
-------   ----                           
00000000  __TI_static_base__             
00000000  g_pfnVectors                   
00000200  __STACK_SIZE                   
00000200  __SYSMEM_SIZE                  
0000026d  ustrncpy                       
000002c5  uvsnprintf                     
000006ef  usprintf                       
00000721  usnprintf                      
00000751  ulocaltime                     
0000094f  umktime                        
000009c5  ustrtoul                       
00000afd  ustrtof                        
00000d35  ustrlen                        
00000d57  ustrstr                        
00000d8d  ustrncasecmp                   
00000e31  ustrcasecmp                    
00000e45  ustrncmp                       
00000ea5  ustrcmp                        
00000eb9  usrand                         
00000ec9  urand                          
00000ef1  OrbitOledMoveTo                
00000f37  OrbitOledGetPos                
00000f53  OrbitOledSetDrawColor          
00000f6b  OrbitOledGetStdPattern         
00000f7d  OrbitOledSetFillPattern        
00000f8d  OrbitOledSetDrawMode           
00000fe1  OrbitOledGetDrawMode           
00000fe7  OrbitOledDrawPixel             
00001013  OrbitOledGetPixel              
0000102d  OrbitOledLineTo                
0000112d  OrbitOledDrawRect              
000011b1  OrbitOledFillRect              
000012f5  OrbitOledGetBmp                
00001455  OrbitOledPutBmp                
00001623  OrbitOledDrawChar              
00001683  OrbitOledDrawString            
000016a1  OrbitOledRopSet                
000016cb  OrbitOledRopOr                 
000016ef  OrbitOledRopAnd                
00001713  OrbitOledRopXor                
00001741  OrbitOledMoveUp                
00001779  OrbitOledMoveDown              
000017af  OrbitOledMoveLeft              
000017c7  OrbitOledMoveRight             
000017e1  OrbitOledClampXco              
00001801  OrbitOledClampYco              
00001841  OrbitOledInit                  
00001855  OrbitOledHostInit              
0000191f  OrbitOledDvrInit               
00001999  OrbitOledDevInit               
00001a1d  OrbitOledClear                 
00001a29  OrbitOledClearBuffer           
00001a59  OrbitOledUpdate                
00001ab3  OrbitOledPutBuffer             
00001b19  Ssi3PutByte                    
00001bbd  SysTickIntHandler              
00001be9  initClock                      
00001bf3  initSysTick                    
00001c13  initDisplay                    
00001c1b  initialiseUSB_UART             
00001c61  UARTSend                       
00001c81  displayButtonState             
00001cc1  main                           
00001e35  initButtons                    
00001f03  updateButtons                  
00001fd7  checkButton                    
00002055  OrbitOledSetCursor             
000020a1  OrbitOledGetCursor             
000020bd  OrbitOledDefUserChar           
0000210d  OrbitOledSetCharUpdate         
00002125  OrbitOledGetCharUpdate         
0000212b  OrbitOledPutChar               
00002149  OrbitOledPutString             
00002175  OrbitOledDrawGlyph             
000021ed  OrbitOledAdvanceCursor         
00002259  GPIOPadConfigSet               
0000238b  __aeabi_idiv0                  
0000238d  SysCtlClockGet                 
0000249d  SysCtlClockSet                 
00002591  __aeabi_memcpy                 
00002591  __aeabi_memcpy4                
00002591  __aeabi_memcpy8                
00002591  memcpy                         
0000262d  __aeabi_memclr                 
0000262d  __aeabi_memclr4                
0000262d  __aeabi_memclr8                
0000262f  __aeabi_memset                 
0000262f  __aeabi_memset4                
0000262f  __aeabi_memset8                
00002635  memset                         
000026a7  __mpu_init                     
000026a9  __TI_auto_init                 
00002719  __TI_decompress_lzss           
00002781  TimerConfigure                 
000027e1  DelayInit                      
000027fb  DelayMs                        
0000283d  _c_int00                       
00002891  C$$EXIT                        
00002895  abort                          
0000289d  exit                           
000028e5  GPIOPinConfigure               
00002931  copy_in                        
0000297d  UARTConfigSetExpClk            
000029c3  _system_post_cinit             
000029c5  OLEDStringDraw                 
000029eb  OLEDInitialise                 
00002a09  __aeabi_uidiv                  
00002a09  __aeabi_uidivmod               
00002a49  SSIConfigSetExpClk             
00002a85  IntRegister                    
00002ab9  SysCtlPeripheralEnable         
00002aed  GPIODirModeSet                 
00002b19  UARTDisable                    
00002b39  SysTickIntRegister             
00002b55  GPIOPinTypeGPIOOutput          
00002b6d  _args_main                     
00002b85  GPIOPinTypeGPIOInput           
00002b9b  GPIOPinTypeSSI                 
00002bb1  GPIOPinTypeUART                
00002bc9  SysTickEnable                  
00002bdd  SysTickIntEnable               
00002bf1  UARTEnable                     
00002c05  _register_unlock               
00002c0b  _register_lock                 
00002c13  _nop                           
00002c19  SysTickPeriodSet               
00002c29  TimerEnable                    
00002c37  __TI_decompress_none           
00002c45  SSIDataGet                     
00002c51  __TI_zero_init                 
00002c5d  ResetISR                       
00002c69  SSIDataPut                     
00002c73  SSIEnable                      
00002c7d  TimerValueGet                  
00002c87  UARTCharPut                    
00002c91  UARTFIFOEnable                 
00002c9b  SSIBusy                        
00002ca3  GPIOPinRead                    
00002ca9  GPIOPinWrite                   
00002caf  SSIClockSourceSet              
00002cb5  SysCtlDelay                    
00002cbb  _system_pre_init               
00002cc0  rgbOledFont0                   
000030bc  rgbFillPat                     
00003174  __TI_Handler_Table_Base        
00003180  __TI_Handler_Table_Limit       
00003190  __TI_CINIT_Base                
000031a8  __TI_CINIT_Limit               
20000000  g_pfnRAMVectors                
2000026c  rgbOledBmp                     
2000046c  rgbOledFontUser                
2000056c  statusStr                      
20000590  bnOledCur                      
20000594  dxcoOledFontCur                
20000598  dycoOledFontCur                
2000059c  fOledCharUpdate                
200005a0  modOledCur                     
200005a4  pbOledCur                      
200005a8  pbOledFontCur                  
200005ac  pbOledFontUser                 
200005b0  pbOledPatCur                   
200005b4  pfnDoRop                       
200005b8  xchOledCur                     
200005bc  xchOledMax                     
200005c0  xcoOledCur                     
200005c4  ychOledCur                     
200005c8  ychOledMax                     
200005cc  ycoOledCur                     
200005d0  clrOledCur                     
200005d4  __stack                        
200007d4  __STACK_END                    
200007d4  __STACK_TOP                    
200007d8  _sys_memory                    
200009d8  __TI_cleanup_ptr               
200009dc  __TI_dtors_ptr                 
200009e0  __TI_enable_exit_profile_output
200009e4  _lock                          
200009e8  _unlock                        
200009ec  main_func_sp                   
200009f4  slowTick                       
ffffffff  __TI_pprof_out_hndl            
ffffffff  __TI_prof_data_size            
ffffffff  __TI_prof_data_start           
ffffffff  __binit__                      
ffffffff  __c_args__                     
ffffffff  binit                          
UNDEFED   SHT$$INIT_ARRAY$$Base          
UNDEFED   SHT$$INIT_ARRAY$$Limit         

[188 symbols]
